Archive member included to satisfy reference by file (symbol)

/opt/gcc-arm-none-eabi-10-2020-q4-major/bin/../lib/gcc/arm-none-eabi/10.2.1/thumb/v7e-m/nofp/libgcc.a(_aeabi_uldivmod.o)
                              /tmp/ch.elf.zl1fHV.ltrans0.ltrans.o (__aeabi_uldivmod)
/opt/gcc-arm-none-eabi-10-2020-q4-major/bin/../lib/gcc/arm-none-eabi/10.2.1/thumb/v7e-m/nofp/libgcc.a(_udivmoddi4.o)
                              /opt/gcc-arm-none-eabi-10-2020-q4-major/bin/../lib/gcc/arm-none-eabi/10.2.1/thumb/v7e-m/nofp/libgcc.a(_aeabi_uldivmod.o) (__udivmoddi4)
/opt/gcc-arm-none-eabi-10-2020-q4-major/bin/../lib/gcc/arm-none-eabi/10.2.1/thumb/v7e-m/nofp/libgcc.a(_dvmd_tls.o)
                              /opt/gcc-arm-none-eabi-10-2020-q4-major/bin/../lib/gcc/arm-none-eabi/10.2.1/thumb/v7e-m/nofp/libgcc.a(_aeabi_uldivmod.o) (__aeabi_ldiv0)
/opt/gcc-arm-none-eabi-10-2020-q4-major/bin/../lib/gcc/arm-none-eabi/10.2.1/../../../../arm-none-eabi/lib/thumb/v7e-m/nofp/libg.a(lib_a-memcpy.o)
                              /tmp/ch.elf.zl1fHV.ltrans0.ltrans.o (memcpy)
/opt/gcc-arm-none-eabi-10-2020-q4-major/bin/../lib/gcc/arm-none-eabi/10.2.1/../../../../arm-none-eabi/lib/thumb/v7e-m/nofp/libg.a(lib_a-memset.o)
                              /tmp/ch.elf.zl1fHV.ltrans0.ltrans.o (memset)
/opt/gcc-arm-none-eabi-10-2020-q4-major/bin/../lib/gcc/arm-none-eabi/10.2.1/../../../../arm-none-eabi/lib/thumb/v7e-m/nofp/libg.a(lib_a-strcmp.o)
                              /tmp/ch.elf.zl1fHV.ltrans0.ltrans.o (strcmp)
/opt/gcc-arm-none-eabi-10-2020-q4-major/bin/../lib/gcc/arm-none-eabi/10.2.1/../../../../arm-none-eabi/lib/thumb/v7e-m/nofp/libg.a(lib_a-strncmp.o)
                              /tmp/ch.elf.zl1fHV.ltrans0.ltrans.o (strncmp)

Discarded input sections

 .data          0x0000000000000000        0x0 build/obj/crt0_v7m.o
 .bss           0x0000000000000000        0x0 build/obj/crt0_v7m.o
 .data          0x0000000000000000        0x0 build/obj/vectors.o
 .bss           0x0000000000000000        0x0 build/obj/vectors.o
 .data          0x0000000000000000        0x0 build/obj/chcoreasm.o
 .bss           0x0000000000000000        0x0 build/obj/chcoreasm.o
 .text          0x0000000000000000        0x0 /tmp/ch.elf.zl1fHV.ltrans0.ltrans.o
 .data          0x0000000000000000        0x0 /tmp/ch.elf.zl1fHV.ltrans0.ltrans.o
 .bss           0x0000000000000000        0x0 /tmp/ch.elf.zl1fHV.ltrans0.ltrans.o
 .text.__bo_objinit_impl
                0x0000000000000000       0x18 /tmp/ch.elf.zl1fHV.ltrans0.ltrans.o
 .text.__bo_dispose_impl
                0x0000000000000000       0x10 /tmp/ch.elf.zl1fHV.ltrans0.ltrans.o
 .text.st_lld_get_alarm
                0x0000000000000000        0xc /tmp/ch.elf.zl1fHV.ltrans0.ltrans.o
 .text.stGetAlarm
                0x0000000000000000       0x2c /tmp/ch.elf.zl1fHV.ltrans0.ltrans.o
 .rodata.__func__.0.lto_priv.0
                0x0000000000000000        0xb /tmp/ch.elf.zl1fHV.ltrans0.ltrans.o
 .text.osalEventBroadcastFlagsI.lto_priv.0
                0x0000000000000000       0x18 /tmp/ch.elf.zl1fHV.ltrans0.ltrans.o
 .text.bsIncomingDataI
                0x0000000000000000       0x6c /tmp/ch.elf.zl1fHV.ltrans0.ltrans.o
 .text.bsRequestDataI
                0x0000000000000000       0x50 /tmp/ch.elf.zl1fHV.ltrans0.ltrans.o
 .rodata.__func__.1.lto_priv.1
                0x0000000000000000       0x10 /tmp/ch.elf.zl1fHV.ltrans0.ltrans.o
 .rodata.__func__.0.lto_priv.1
                0x0000000000000000        0xf /tmp/ch.elf.zl1fHV.ltrans0.ltrans.o
 .text.chSysLock.lto_priv.0
                0x0000000000000000       0x28 /tmp/ch.elf.zl1fHV.ltrans0.ltrans.o
 .text.chSysUnlock.lto_priv.0
                0x0000000000000000       0x5c /tmp/ch.elf.zl1fHV.ltrans0.ltrans.o
 .text.osalSysLock.lto_priv.0
                0x0000000000000000        0xc /tmp/ch.elf.zl1fHV.ltrans0.ltrans.o
 .text.osalSysUnlock.lto_priv.0
                0x0000000000000000        0xc /tmp/ch.elf.zl1fHV.ltrans0.ltrans.o
 .text.osalThreadQueueObjectInit.lto_priv.0
                0x0000000000000000       0x14 /tmp/ch.elf.zl1fHV.ltrans0.ltrans.o
 .text.osalThreadEnqueueTimeoutS.lto_priv.0
                0x0000000000000000       0x1c /tmp/ch.elf.zl1fHV.ltrans0.ltrans.o
 .text.osalThreadDequeueNextI.lto_priv.0
                0x0000000000000000       0x18 /tmp/ch.elf.zl1fHV.ltrans0.ltrans.o
 .text.osalThreadDequeueAllI.lto_priv.0
                0x0000000000000000       0x18 /tmp/ch.elf.zl1fHV.ltrans0.ltrans.o
 .text.ibqObjectInit
                0x0000000000000000       0xbc /tmp/ch.elf.zl1fHV.ltrans0.ltrans.o
 .text.ibqResetI
                0x0000000000000000       0x40 /tmp/ch.elf.zl1fHV.ltrans0.ltrans.o
 .text.ibqGetEmptyBufferI
                0x0000000000000000       0x40 /tmp/ch.elf.zl1fHV.ltrans0.ltrans.o
 .text.ibqPostFullBufferI
                0x0000000000000000       0xac /tmp/ch.elf.zl1fHV.ltrans0.ltrans.o
 .text.ibqGetFullBufferTimeout
                0x0000000000000000       0x24 /tmp/ch.elf.zl1fHV.ltrans0.ltrans.o
 .text.ibqGetFullBufferTimeoutS
[...]
Memory Configuration

Name             Origin             Length             Attributes
flash0           0x0000000008000000 0x0000000000100000 xr
flash1           0x0000000000200000 0x0000000000100000 xr
flash2           0x0000000000000000 0x0000000000000000 xr
flash3           0x0000000000000000 0x0000000000000000 xr
flash4           0x0000000000000000 0x0000000000000000 xr
flash5           0x0000000000000000 0x0000000000000000 xr
flash6           0x0000000000000000 0x0000000000000000 xr
flash7           0x0000000000000000 0x0000000000000000 xr
ram0             0x0000000020010000 0x0000000000040000 xw
ram1             0x0000000020010000 0x000000000003c000 xw
ram2             0x000000002004c000 0x0000000000004000 xw
ram3             0x0000000020000000 0x0000000000010000 xw
ram4             0x0000000000000000 0x0000000000004000 xw
ram5             0x0000000040024000 0x0000000000001000 xw
ram6             0x0000000000000000 0x0000000000000000 xw
ram7             0x0000000000000000 0x0000000000000000 xw
*default*        0x0000000000000000 0xffffffffffffffff

Linker script and memory map

LOAD build/obj/crt0_v7m.o
LOAD build/obj/vectors.o
LOAD build/obj/chcoreasm.o
LOAD build/obj/crt1.o
LOAD /tmp/ch.elf.zl1fHV.ltrans0.ltrans.o
LOAD /tmp/ccUjFuLM.debug.temp.o
LOAD /tmp/ccgFUF75.debug.temp.o
LOAD /tmp/ccOokoL5.debug.temp.o
LOAD /tmp/ccD7Lz9X.debug.temp.o
LOAD /tmp/ccbbTwOp.debug.temp.o
LOAD /tmp/ccKWiiV8.debug.temp.o
LOAD /tmp/ccgExuRY.debug.temp.o
LOAD /tmp/ccedF0R8.debug.temp.o
LOAD /tmp/ccQl6y9q.debug.temp.o
LOAD /tmp/cctQ4AG3.debug.temp.o
LOAD /tmp/ccOYjL8E.debug.temp.o
LOAD /tmp/ccNyJ3QI.debug.temp.o
LOAD /tmp/ccYoKD98.debug.temp.o
LOAD /tmp/ccawt51D.debug.temp.o
LOAD /tmp/ccy7tRVX.debug.temp.o
LOAD /tmp/ccrRcc9m.debug.temp.o
LOAD /tmp/ccewUBUP.debug.temp.o
LOAD /tmp/cco0W8en.debug.temp.o
LOAD /tmp/ccf9bLSO.debug.temp.o
LOAD /tmp/ccaokkP6.debug.temp.o
LOAD /tmp/ccObBI7l.debug.temp.o
LOAD /tmp/ccYqx1HU.debug.temp.o
LOAD /tmp/ccDKxewj.debug.temp.o
LOAD /tmp/ccCtldtH.debug.temp.o
LOAD /tmp/cc0jV6jD.debug.temp.o
LOAD /tmp/ccSOKtU9.debug.temp.o
LOAD /tmp/ccTBZdtK.debug.temp.o
LOAD /tmp/ccj0fvvL.debug.temp.o
LOAD /tmp/ccpBgf0O.debug.temp.o
LOAD /tmp/ccCIMqLd.debug.temp.o
LOAD /tmp/ccsSel4b.debug.temp.o
LOAD /tmp/ccsdOQmk.debug.temp.o
LOAD /tmp/ccpEHlxH.debug.temp.o
LOAD /tmp/ccfxRWxM.debug.temp.o
LOAD /tmp/cc92jbp8.debug.temp.o
LOAD /tmp/cc2KBVlO.debug.temp.o
LOAD /tmp/ccybZHqc.debug.temp.o
LOAD /tmp/ccWnbgkY.debug.temp.o
LOAD /tmp/ccXLnDnh.debug.temp.o
LOAD /tmp/cci88dzc.debug.temp.o
LOAD /tmp/cc9bYxwK.debug.temp.o
LOAD /tmp/cc02talt.debug.temp.o
LOAD /tmp/ccgRLX2R.debug.temp.o
LOAD /tmp/ccf6ovh6.debug.temp.o
LOAD /tmp/ccHknvrs.debug.temp.o
LOAD /tmp/ccEsh0uR.debug.temp.o
LOAD /tmp/ccVHmpKb.debug.temp.o
LOAD /tmp/cc3DTtAg.debug.temp.o
LOAD /tmp/ccv8f4se.debug.temp.o
LOAD /tmp/ccNKq8Rb.debug.temp.o
LOAD /tmp/ccsm8YOV.debug.temp.o
LOAD /tmp/ccFzS08Q.debug.temp.o
LOAD /tmp/ccr91FBJ.debug.temp.o
LOAD build/obj/oop_base_object.o
LOAD build/obj/hal.o
LOAD build/obj/hal_st.o
LOAD build/obj/hal_buffered_serial.o
LOAD build/obj/hal_buffers.o
LOAD build/obj/hal_queues.o
LOAD build/obj/hal_mmcsd.o
LOAD build/obj/hal_adc.o
LOAD build/obj/hal_gpt.o
LOAD build/obj/hal_pal.o
LOAD build/obj/hal_serial.o
LOAD build/obj/hal_flash.o
LOAD build/obj/nvic.o
LOAD build/obj/stm32_isr.o
LOAD build/obj/hal_lld.o
LOAD build/obj/hal_efl_lld.o
LOAD build/obj/hal_adc_lld.o
LOAD build/obj/stm32_dma.o
LOAD build/obj/stm32_exti.o
LOAD build/obj/hal_pal_lld.o
LOAD build/obj/hal_st_lld.o
LOAD build/obj/hal_gpt_lld.o
LOAD build/obj/hal_serial_lld.o
LOAD build/obj/board.o
LOAD build/obj/osal.o
LOAD build/obj/chsys.o
LOAD build/obj/chrfcu.o
LOAD build/obj/chdebug.o
LOAD build/obj/chtrace.o
LOAD build/obj/chvt.o
LOAD build/obj/chschd.o
LOAD build/obj/chinstances.o
LOAD build/obj/chthreads.o
LOAD build/obj/chtm.o
LOAD build/obj/chregistry.o
LOAD build/obj/chsem.o
LOAD build/obj/chmtx.o
LOAD build/obj/chcond.o
LOAD build/obj/chevents.o
LOAD build/obj/chmsg.o
LOAD build/obj/chdynamic.o
LOAD build/obj/chmemchecks.o
LOAD build/obj/chmboxes.o
LOAD build/obj/chmemcore.o
LOAD build/obj/chmemheaps.o
LOAD build/obj/chmempools.o
LOAD build/obj/chpipes.o
LOAD build/obj/chobjcaches.o
LOAD build/obj/chdelegates.o
LOAD build/obj/chfactory.o
LOAD build/obj/chcore.o
LOAD build/obj/main.o

.mstack         0x0000000020000000      0x400
                0x0000000020000000                . = ALIGN (0x8)
                0x0000000020000000                __main_stack_base__ = .
                0x0000000020000400                . = (. + __main_stack_size__)
 *fill*         0x0000000020000000      0x400 
                0x0000000020000400                . = ALIGN (0x8)
                0x0000000020000400                __main_stack_end__ = .

.pstack         0x0000000020000400      0x400
                0x0000000020000400                . = ALIGN (0x8)
                0x0000000020000400                __process_stack_base__ = .
                0x0000000020000400                __main_thread_stack_base__ = .
                0x0000000020000800                . = (. + __process_stack_size__)
 *fill*         0x0000000020000400      0x400 
                0x0000000020000800                . = ALIGN (0x8)
                0x0000000020000800                __process_stack_end__ = .
                0x0000000020000800                __main_thread_stack_end__ = .

.nocache        0x0000000020000800        0x0
                0x0000000020000800                __nocache_base__ = .
 *(.nocache)
 *(.nocache.*)
 *(.bss.__nocache_*)
                0x0000000020000800                . = ALIGN (0x4)
                0x0000000020000800                __nocache_end__ = .

.eth            0x0000000020000800        0x0
                0x0000000020000800                __eth_base__ = .
 *(.eth)
 *(.eth.*)
 *(.bss.__eth_*)
                0x0000000020000800                . = ALIGN (0x4)
                0x0000000020000800                __eth_end__ = .

.vectors        0x0000000000200000      0x200 load address 0x0000000008000000
                0x0000000008000000                __textvectors_base__ = LOADADDR (.vectors)
                0x0000000000200000                __vectors_base__ = .
 *(.vectors)
 .vectors       0x0000000000200000      0x200 build/obj/vectors.o
                0x0000000000200000                _vectors
                0x0000000000200200                __vectors_end__ = .

.xtors          0x0000000000200200        0x0 load address 0x0000000008000200
                0x0000000000200200                __init_array_base__ = .
 *(SORT_BY_NAME(.init_array.*))
 *(.init_array)
                0x0000000000200200                __init_array_end__ = .
                0x0000000000200200                __fini_array_base__ = .
 *(.fini_array)
 *(SORT_BY_NAME(.fini_array.*))
                0x0000000000200200                __fini_array_end__ = .

.text           0x0000000000200200     0x5cc8 load address 0x0000000008000200
                0x0000000000200200                __text_base__ = .
 *(.text)
 .text          0x0000000000200200       0xd8 build/obj/crt0_v7m.o
                0x0000000000200200                _crt0_entry
 .text          0x00000000002002d8        0x8 build/obj/vectors.o
                0x00000000002002d8                Reset_Handler
                0x00000000002002da                Vector58
                0x00000000002002da                VectorE8
                0x00000000002002da                Vector9C
                0x00000000002002da                VectorAC
                0x00000000002002da                DebugMon_Handler
                0x00000000002002da                Vector1A0
                0x00000000002002da                Vector5C
                0x00000000002002da                Vector11C
                0x00000000002002da                HardFault_Handler
                0x00000000002002da                Vector1B8
                0x00000000002002da                Vector1F0
                0x00000000002002da                Vector19C
                0x00000000002002da                Vector1EC
                0x00000000002002da                Vector8C
                0x00000000002002da                SysTick_Handler
                0x00000000002002da                VectorDC
                0x00000000002002da                PendSV_Handler
                0x00000000002002da                Vector168
                0x00000000002002da                NMI_Handler
                0x00000000002002da                Vector110
                0x00000000002002da                Vector1D8
                0x00000000002002da                Vector1F4
                0x00000000002002da                VectorC8
                0x00000000002002da                Vector94
                0x00000000002002da                VectorA8
                0x00000000002002da                VectorB4
                0x00000000002002da                Vector1FC
                0x00000000002002da                Vector160
                0x00000000002002da                Vector1B0
                0x00000000002002da                UsageFault_Handler
                0x00000000002002da                VectorEC
                0x00000000002002da                Vector40
                0x00000000002002da                VectorF8
                0x00000000002002da                Vector108
                0x00000000002002da                VectorBC
                0x00000000002002da                Vector190
                0x00000000002002da                Vector1E0
                0x00000000002002da                Vector1F8
                0x00000000002002da                Vector1C4
                0x00000000002002da                Vector1CC
                0x00000000002002da                Vector1E4
                0x00000000002002da                Vector148
                0x00000000002002da                Vector188
                0x00000000002002da                Vector198
                0x00000000002002da                Vector118
                0x00000000002002da                Vector64
                0x00000000002002da                VectorCC
                0x00000000002002da                Vector54
                0x00000000002002da                Vector98
                0x00000000002002da                VectorD8
                0x00000000002002da                Vector138
                0x00000000002002da                Vector24
                0x00000000002002da                Vector1AC
                0x00000000002002da                Vector178
                0x00000000002002da                SecureFault_Handler
                0x00000000002002da                Vector1A4
                0x00000000002002da                VectorD0
                0x00000000002002da                Vector1B4
                0x00000000002002da                Vector140
                0x00000000002002da                VectorE4
                0x00000000002002da                VectorC0
                0x00000000002002da                Vector1C0
                0x00000000002002da                Vector134
                0x00000000002002da                Vector1D0
                0x00000000002002da                VectorF0
                0x00000000002002da                Vector13C
                0x00000000002002da                Vector100
                0x00000000002002da                VectorE0
                0x00000000002002da                VectorF4
                0x00000000002002da                MemManage_Handler
                0x00000000002002da                VectorA0
                0x00000000002002da                VectorC4
                0x00000000002002da                Vector180
                0x00000000002002da                Vector90
                0x00000000002002da                Vector114
                0x00000000002002da                Vector164
                0x00000000002002da                Vector60
                0x00000000002002da                Vector1BC
                0x00000000002002da                Vector1D4
                0x00000000002002da                Vector17C
                0x00000000002002da                Vector48
                0x00000000002002da                Vector1A8
                0x00000000002002da                Vector16C
                0x00000000002002da                Vector4C
                0x00000000002002da                Vector144
                0x00000000002002da                Vector15C
                0x00000000002002da                Vector68
                0x00000000002002da                Vector1E8
                0x00000000002002da                Vector170
                0x00000000002002da                Vector104
                0x00000000002002da                Vector184
                0x00000000002002da                Vector10C
                0x00000000002002da                Vector14C
                0x00000000002002da                BusFault_Handler
                0x00000000002002da                Vector50
                0x00000000002002da                Vector1C8
                0x00000000002002da                Vector194
                0x00000000002002da                Vector1DC
                0x00000000002002da                Vector44
                0x00000000002002da                Vector28
                0x00000000002002da                Vector34
                0x00000000002002da                VectorA4
                0x00000000002002da                Vector20
                0x00000000002002da                Vector18C
                0x00000000002002da                Vector174
                0x00000000002002de                _unhandled_exception
 .text          0x00000000002002e0       0x36 build/obj/chcoreasm.o
                0x00000000002002e0                __port_switch
                0x00000000002002f0                __port_thread_start
                0x0000000000200306                __port_switch_from_isr
                0x0000000000200312                __port_exit_from_isr
 *fill*         0x0000000000200316        0x2 
 .text          0x0000000000200318      0x134 /opt/gcc-arm-none-eabi-10-2020-q4-major/bin/../lib/gcc/arm-none-eabi/10.2.1/../../../../arm-none-eabi/lib/thumb/v7e-m/nofp/libg.a(lib_a-memcpy.o)
                0x0000000000200318                memcpy
 *(.text.*)
 *fill*         0x000000000020044c        0x4 
 .text.SCB_EnableICache
                0x0000000000200450       0x40 /tmp/ch.elf.zl1fHV.ltrans0.ltrans.o
 .text.SCB_InvalidateICache
                0x0000000000200490       0x28 /tmp/ch.elf.zl1fHV.ltrans0.ltrans.o
 *fill*         0x00000000002004b8        0x8 
 .text.SCB_EnableDCache
                0x00000000002004c0       0x80 /tmp/ch.elf.zl1fHV.ltrans0.ltrans.o
 .text.SCB_CleanDCache
                0x0000000000200540       0x6c /tmp/ch.elf.zl1fHV.ltrans0.ltrans.o
 *fill*         0x00000000002005ac        0x4 
 .text.__cpu_init
                0x00000000002005b0       0x10 /tmp/ch.elf.zl1fHV.ltrans0.ltrans.o
                0x00000000002005b0                __cpu_init
 .text.__late_init
                0x00000000002005c0        0x4 /tmp/ch.elf.zl1fHV.ltrans0.ltrans.o
                0x00000000002005c0                __late_init
 *fill*         0x00000000002005c4        0xc 
 .text.__default_exit
                0x00000000002005d0        0x4 /tmp/ch.elf.zl1fHV.ltrans0.ltrans.o
                0x00000000002005d0                __default_exit
 *fill*         0x00000000002005d4        0xc 
 .text.__init_ram_areas
                0x00000000002005e0       0x74 /tmp/ch.elf.zl1fHV.ltrans0.ltrans.o
                0x00000000002005e0                __init_ram_areas
 *fill*         0x0000000000200654        0xc 
 .text.osalInit
                0x0000000000200660        0x4 /tmp/ch.elf.zl1fHV.ltrans0.ltrans.o
 *fill*         0x0000000000200664        0xc 
 .text.halInit  0x0000000000200670       0x28 /tmp/ch.elf.zl1fHV.ltrans0.ltrans.o
 *fill*         0x0000000000200698        0x8 
 .text.st_lld_get_counter
                0x00000000002006a0        0xc /tmp/ch.elf.zl1fHV.ltrans0.ltrans.o
 *fill*         0x00000000002006ac        0x4 
 .text.st_lld_start_alarm
                0x00000000002006b0       0x24 /tmp/ch.elf.zl1fHV.ltrans0.ltrans.o
 *fill*         0x00000000002006d4        0xc 
 .text.st_lld_stop_alarm
                0x00000000002006e0        0xc /tmp/ch.elf.zl1fHV.ltrans0.ltrans.o
 *fill*         0x00000000002006ec        0x4 
 .text.st_lld_set_alarm
                0x00000000002006f0       0x14 /tmp/ch.elf.zl1fHV.ltrans0.ltrans.o
 *fill*         0x0000000000200704        0xc 
 .text.st_lld_is_alarm_active
                0x0000000000200710       0x18 /tmp/ch.elf.zl1fHV.ltrans0.ltrans.o
 *fill*         0x0000000000200728        0x8 
 .text.stInit   0x0000000000200730        0xc /tmp/ch.elf.zl1fHV.ltrans0.ltrans.o
 *fill*         0x000000000020073c        0x4 
 .text.stGetCounter
                0x0000000000200740        0xc /tmp/ch.elf.zl1fHV.ltrans0.ltrans.o
 *fill*         0x000000000020074c        0x4 
 .text.stStartAlarm
                0x0000000000200750       0x28 /tmp/ch.elf.zl1fHV.ltrans0.ltrans.o
 *fill*         0x0000000000200778        0x8 
 .text.stStopAlarm
                0x0000000000200780        0xc /tmp/ch.elf.zl1fHV.ltrans0.ltrans.o
 *fill*         0x000000000020078c        0x4 
 .text.stSetAlarm
                0x0000000000200790       0x30 /tmp/ch.elf.zl1fHV.ltrans0.ltrans.o
 .text.stIsAlarmActive
                0x00000000002007c0        0xc /tmp/ch.elf.zl1fHV.ltrans0.ltrans.o
 *fill*         0x00000000002007cc        0x4 
 .text.chSysLock.lto_priv.1
                0x00000000002007d0       0x28 /tmp/ch.elf.zl1fHV.ltrans0.ltrans.o
 *fill*         0x00000000002007f8        0x8 
 .text.chSysUnlock.lto_priv.1
                0x0000000000200800       0x5c /tmp/ch.elf.zl1fHV.ltrans0.ltrans.o
 *fill*         0x000000000020085c        0x4 
 .text.osalSysLock.lto_priv.1
                0x0000000000200860        0xc /tmp/ch.elf.zl1fHV.ltrans0.ltrans.o
 *fill*         0x000000000020086c        0x4 
 .text.osalSysUnlock.lto_priv.1
                0x0000000000200870        0xc /tmp/ch.elf.zl1fHV.ltrans0.ltrans.o
 *fill*         0x000000000020087c        0x4 
 .text.osalThreadQueueObjectInit.lto_priv.1
                0x0000000000200880       0x14 /tmp/ch.elf.zl1fHV.ltrans0.ltrans.o
 *fill*         0x0000000000200894        0xc 
 .text.osalThreadEnqueueTimeoutS.lto_priv.1
                0x00000000002008a0       0x1c /tmp/ch.elf.zl1fHV.ltrans0.ltrans.o
 *fill*         0x00000000002008bc        0x4 
 .text.osalThreadDequeueNextI.lto_priv.1
                0x00000000002008c0       0x18 /tmp/ch.elf.zl1fHV.ltrans0.ltrans.o
 *fill*         0x00000000002008d8        0x8 
 .text.iq_read  0x00000000002008e0       0xd8 /tmp/ch.elf.zl1fHV.ltrans0.ltrans.o
 *fill*         0x00000000002009b8        0x8 
 .text.oq_write
                0x00000000002009c0       0xd8 /tmp/ch.elf.zl1fHV.ltrans0.ltrans.o
 *fill*         0x0000000000200a98        0x8 
 .text.iqObjectInit
                0x0000000000200aa0       0x4c /tmp/ch.elf.zl1fHV.ltrans0.ltrans.o
 *fill*         0x0000000000200aec        0x4 
 .text.iqPutI   0x0000000000200af0       0x84 /tmp/ch.elf.zl1fHV.ltrans0.ltrans.o
 *fill*         0x0000000000200b74        0xc 
 .text.iqGetTimeout
                0x0000000000200b80       0x80 /tmp/ch.elf.zl1fHV.ltrans0.ltrans.o
 .text.iqReadTimeout
                0x0000000000200c00       0x9c /tmp/ch.elf.zl1fHV.ltrans0.ltrans.o
 *fill*         0x0000000000200c9c        0x4 
 .text.oqObjectInit
                0x0000000000200ca0       0x4c /tmp/ch.elf.zl1fHV.ltrans0.ltrans.o
 *fill*         0x0000000000200cec        0x4 
 .text.oqPutTimeout
                0x0000000000200cf0       0x84 /tmp/ch.elf.zl1fHV.ltrans0.ltrans.o
 *fill*         0x0000000000200d74        0xc 
 .text.oqGetI   0x0000000000200d80       0x80 /tmp/ch.elf.zl1fHV.ltrans0.ltrans.o
 .text.oqWriteTimeout
                0x0000000000200e00       0x9c /tmp/ch.elf.zl1fHV.ltrans0.ltrans.o
 *fill*         0x0000000000200e9c        0x4 
 .text.chSysLock.lto_priv.2
                0x0000000000200ea0       0x28 /tmp/ch.elf.zl1fHV.ltrans0.ltrans.o
 *fill*         0x0000000000200ec8        0x8 
 .text.chSysUnlock.lto_priv.2
                0x0000000000200ed0       0x5c /tmp/ch.elf.zl1fHV.ltrans0.ltrans.o
 *fill*         0x0000000000200f2c        0x4 
 .text.osalSysLock.lto_priv.2
                0x0000000000200f30        0xc /tmp/ch.elf.zl1fHV.ltrans0.ltrans.o
 *fill*         0x0000000000200f3c        0x4 
 .text.osalSysUnlock.lto_priv.2
                0x0000000000200f40        0xc /tmp/ch.elf.zl1fHV.ltrans0.ltrans.o
 *fill*         0x0000000000200f4c        0x4 
 .text.osalMutexObjectInit
                0x0000000000200f50       0x14 /tmp/ch.elf.zl1fHV.ltrans0.ltrans.o
 *fill*         0x0000000000200f64        0xc 
 .text.adcInit  0x0000000000200f70        0xc /tmp/ch.elf.zl1fHV.ltrans0.ltrans.o
 *fill*         0x0000000000200f7c        0x4 
 .text.adcObjectInit
                0x0000000000200f80       0x3c /tmp/ch.elf.zl1fHV.ltrans0.ltrans.o
 *fill*         0x0000000000200fbc        0x4 
 .text.adcStart
                0x0000000000200fc0       0x88 /tmp/ch.elf.zl1fHV.ltrans0.ltrans.o
 *fill*         0x0000000000201048        0x8 
 .text.adcStartConversion
                0x0000000000201050       0x28 /tmp/ch.elf.zl1fHV.ltrans0.ltrans.o
 *fill*         0x0000000000201078        0x8 
 .text.adcStartConversionI
                0x0000000000201080       0xf8 /tmp/ch.elf.zl1fHV.ltrans0.ltrans.o
 *fill*         0x0000000000201178        0x8 
 .text.chSysLock.lto_priv.3
                0x0000000000201180       0x28 /tmp/ch.elf.zl1fHV.ltrans0.ltrans.o
 *fill*         0x00000000002011a8        0x8 
 .text.chSysUnlock.lto_priv.3
                0x00000000002011b0       0x5c /tmp/ch.elf.zl1fHV.ltrans0.ltrans.o
 *fill*         0x000000000020120c        0x4 
 .text.osalSysLock.lto_priv.3
                0x0000000000201210        0xc /tmp/ch.elf.zl1fHV.ltrans0.ltrans.o
 *fill*         0x000000000020121c        0x4 
 .text.osalSysUnlock.lto_priv.3
                0x0000000000201220        0xc /tmp/ch.elf.zl1fHV.ltrans0.ltrans.o
 *fill*         0x000000000020122c        0x4 
 .text.gptInit  0x0000000000201230        0xc /tmp/ch.elf.zl1fHV.ltrans0.ltrans.o
 *fill*         0x000000000020123c        0x4 
 .text.gptObjectInit
                0x0000000000201240       0x18 /tmp/ch.elf.zl1fHV.ltrans0.ltrans.o
 *fill*         0x0000000000201258        0x8 
 .text.gptStart
                0x0000000000201260       0x98 /tmp/ch.elf.zl1fHV.ltrans0.ltrans.o
 *fill*         0x00000000002012f8        0x8 
 .text.gptStartContinuous
                0x0000000000201300       0x20 /tmp/ch.elf.zl1fHV.ltrans0.ltrans.o
 .text.gptStartContinuousI
                0x0000000000201320       0x54 /tmp/ch.elf.zl1fHV.ltrans0.ltrans.o
 *fill*         0x0000000000201374        0xc 
 .text.chSysLock.lto_priv.4
                0x0000000000201380       0x28 /tmp/ch.elf.zl1fHV.ltrans0.ltrans.o
 *fill*         0x00000000002013a8        0x8 
 .text.chSysUnlock.lto_priv.4
                0x00000000002013b0       0x5c /tmp/ch.elf.zl1fHV.ltrans0.ltrans.o
 *fill*         0x000000000020140c        0x4 
 .text.osalSysLock.lto_priv.4
                0x0000000000201410        0xc /tmp/ch.elf.zl1fHV.ltrans0.ltrans.o
 *fill*         0x000000000020141c        0x4 
 .text.osalSysUnlock.lto_priv.4
                0x0000000000201420        0xc /tmp/ch.elf.zl1fHV.ltrans0.ltrans.o
 *fill*         0x000000000020142c        0x4 
 .text.osalEventObjectInit
                0x0000000000201430       0x14 /tmp/ch.elf.zl1fHV.ltrans0.ltrans.o
 *fill*         0x0000000000201444        0xc 
 .text.osalEventBroadcastFlagsI.lto_priv.1
                0x0000000000201450       0x18 /tmp/ch.elf.zl1fHV.ltrans0.ltrans.o
 *fill*         0x0000000000201468        0x8 
 .text._write   0x0000000000201470       0x28 /tmp/ch.elf.zl1fHV.ltrans0.ltrans.o
 *fill*         0x0000000000201498        0x8 
 .text._read    0x00000000002014a0       0x28 /tmp/ch.elf.zl1fHV.ltrans0.ltrans.o
 *fill*         0x00000000002014c8        0x8 
 .text._put     0x00000000002014d0       0x28 /tmp/ch.elf.zl1fHV.ltrans0.ltrans.o
 *fill*         0x00000000002014f8        0x8 
 .text._get     0x0000000000201500       0x20 /tmp/ch.elf.zl1fHV.ltrans0.ltrans.o
 .text._putt    0x0000000000201520       0x28 /tmp/ch.elf.zl1fHV.ltrans0.ltrans.o
 *fill*         0x0000000000201548        0x8 
 .text._gett    0x0000000000201550       0x20 /tmp/ch.elf.zl1fHV.ltrans0.ltrans.o
 .text._writet  0x0000000000201570       0x28 /tmp/ch.elf.zl1fHV.ltrans0.ltrans.o
 *fill*         0x0000000000201598        0x8 
 .text._readt   0x00000000002015a0       0x28 /tmp/ch.elf.zl1fHV.ltrans0.ltrans.o
 *fill*         0x00000000002015c8        0x8 
 .text._ctl     0x00000000002015d0       0x68 /tmp/ch.elf.zl1fHV.ltrans0.ltrans.o
 *fill*         0x0000000000201638        0x8 
 .text.sdInit   0x0000000000201640        0xc /tmp/ch.elf.zl1fHV.ltrans0.ltrans.o
 *fill*         0x000000000020164c        0x4 
 .text.sdObjectInit
                0x0000000000201650       0x28 /tmp/ch.elf.zl1fHV.ltrans0.ltrans.o
 *fill*         0x0000000000201678        0x8 
 .text.sdStart  0x0000000000201680       0x84 /tmp/ch.elf.zl1fHV.ltrans0.ltrans.o
 *fill*         0x0000000000201704        0xc 
 .text.sdIncomingDataI
                0x0000000000201710       0x6c /tmp/ch.elf.zl1fHV.ltrans0.ltrans.o
 *fill*         0x000000000020177c        0x4 
 .text.nvicEnableVector
                0x0000000000201780       0x54 /tmp/ch.elf.zl1fHV.ltrans0.ltrans.o
 *fill*         0x00000000002017d4        0xc 
 .text.exti0_irq_init
                0x00000000002017e0        0x4 /tmp/ch.elf.zl1fHV.ltrans0.ltrans.o
 *fill*         0x00000000002017e4        0xc 
 .text.exti1_irq_init
                0x00000000002017f0        0x4 /tmp/ch.elf.zl1fHV.ltrans0.ltrans.o
 *fill*         0x00000000002017f4        0xc 
 .text.exti2_irq_init
                0x0000000000201800        0x4 /tmp/ch.elf.zl1fHV.ltrans0.ltrans.o
 *fill*         0x0000000000201804        0xc 
 .text.exti3_irq_init
                0x0000000000201810        0x4 /tmp/ch.elf.zl1fHV.ltrans0.ltrans.o
 *fill*         0x0000000000201814        0xc 
 .text.exti4_irq_init
                0x0000000000201820        0x4 /tmp/ch.elf.zl1fHV.ltrans0.ltrans.o
 *fill*         0x0000000000201824        0xc 
 .text.exti5_9_irq_init
                0x0000000000201830        0x4 /tmp/ch.elf.zl1fHV.ltrans0.ltrans.o
 *fill*         0x0000000000201834        0xc 
 .text.exti10_15_irq_init
                0x0000000000201840        0x4 /tmp/ch.elf.zl1fHV.ltrans0.ltrans.o
 *fill*         0x0000000000201844        0xc 
 .text.exti16_irq_init
                0x0000000000201850        0x4 /tmp/ch.elf.zl1fHV.ltrans0.ltrans.o
 *fill*         0x0000000000201854        0xc 
 .text.exti17_irq_init
                0x0000000000201860        0x4 /tmp/ch.elf.zl1fHV.ltrans0.ltrans.o
 *fill*         0x0000000000201864        0xc 
 .text.exti18_irq_init
                0x0000000000201870        0x4 /tmp/ch.elf.zl1fHV.ltrans0.ltrans.o
 *fill*         0x0000000000201874        0xc 
 .text.exti19_irq_init
                0x0000000000201880        0x4 /tmp/ch.elf.zl1fHV.ltrans0.ltrans.o
 *fill*         0x0000000000201884        0xc 
 .text.exti20_irq_init
                0x0000000000201890        0x4 /tmp/ch.elf.zl1fHV.ltrans0.ltrans.o
 *fill*         0x0000000000201894        0xc 
 .text.exti21_irq_init
                0x00000000002018a0        0x4 /tmp/ch.elf.zl1fHV.ltrans0.ltrans.o
 *fill*         0x00000000002018a4        0xc 
 .text.exti22_irq_init
                0x00000000002018b0        0x4 /tmp/ch.elf.zl1fHV.ltrans0.ltrans.o
 *fill*         0x00000000002018b4        0xc 
 .text.exti23_irq_init
                0x00000000002018c0        0x4 /tmp/ch.elf.zl1fHV.ltrans0.ltrans.o
 *fill*         0x00000000002018c4        0xc 
 .text.usart1_irq_init
                0x00000000002018d0       0x10 /tmp/ch.elf.zl1fHV.ltrans0.ltrans.o
 .text.VectorD4
                0x00000000002018e0       0x2c /tmp/ch.elf.zl1fHV.ltrans0.ltrans.o
                0x00000000002018e0                VectorD4
 *fill*         0x000000000020190c        0x4 
 .text.usart2_irq_init
                0x0000000000201910        0x4 /tmp/ch.elf.zl1fHV.ltrans0.ltrans.o
 *fill*         0x0000000000201914        0xc 
 .text.usart3_irq_init
                0x0000000000201920        0x4 /tmp/ch.elf.zl1fHV.ltrans0.ltrans.o
 *fill*         0x0000000000201924        0xc 
 .text.uart4_irq_init
                0x0000000000201930        0x4 /tmp/ch.elf.zl1fHV.ltrans0.ltrans.o
 *fill*         0x0000000000201934        0xc 
 .text.uart5_irq_init
                0x0000000000201940        0x4 /tmp/ch.elf.zl1fHV.ltrans0.ltrans.o
 *fill*         0x0000000000201944        0xc 
 .text.usart6_irq_init
                0x0000000000201950        0x4 /tmp/ch.elf.zl1fHV.ltrans0.ltrans.o
 *fill*         0x0000000000201954        0xc 
 .text.uart7_irq_init
                0x0000000000201960        0x4 /tmp/ch.elf.zl1fHV.ltrans0.ltrans.o
 *fill*         0x0000000000201964        0xc 
 .text.uart8_irq_init
                0x0000000000201970        0x4 /tmp/ch.elf.zl1fHV.ltrans0.ltrans.o
 *fill*         0x0000000000201974        0xc 
 .text.tim1_tim9_tim10_tim11_irq_init
                0x0000000000201980        0x4 /tmp/ch.elf.zl1fHV.ltrans0.ltrans.o
 *fill*         0x0000000000201984        0xc 
 .text.tim2_irq_init
                0x0000000000201990       0x10 /tmp/ch.elf.zl1fHV.ltrans0.ltrans.o
 .text.VectorB0
                0x00000000002019a0       0x28 /tmp/ch.elf.zl1fHV.ltrans0.ltrans.o
                0x00000000002019a0                VectorB0
 *fill*         0x00000000002019c8        0x8 
 .text.tim3_irq_init
                0x00000000002019d0        0x4 /tmp/ch.elf.zl1fHV.ltrans0.ltrans.o
 *fill*         0x00000000002019d4        0xc 
 .text.tim4_irq_init
                0x00000000002019e0       0x10 /tmp/ch.elf.zl1fHV.ltrans0.ltrans.o
 .text.VectorB8
                0x00000000002019f0       0x2c /tmp/ch.elf.zl1fHV.ltrans0.ltrans.o
                0x00000000002019f0                VectorB8
 *fill*         0x0000000000201a1c        0x4 
 .text.tim5_irq_init
                0x0000000000201a20        0x4 /tmp/ch.elf.zl1fHV.ltrans0.ltrans.o
 *fill*         0x0000000000201a24        0xc 
 .text.tim6_irq_init
                0x0000000000201a30        0x4 /tmp/ch.elf.zl1fHV.ltrans0.ltrans.o
 *fill*         0x0000000000201a34        0xc 
 .text.tim7_irq_init
                0x0000000000201a40        0x4 /tmp/ch.elf.zl1fHV.ltrans0.ltrans.o
 *fill*         0x0000000000201a44        0xc 
 .text.tim8_tim12_tim13_tim14_irq_init
                0x0000000000201a50        0x4 /tmp/ch.elf.zl1fHV.ltrans0.ltrans.o
 *fill*         0x0000000000201a54        0xc 
 .text.irqInit  0x0000000000201a60       0x84 /tmp/ch.elf.zl1fHV.ltrans0.ltrans.o
 *fill*         0x0000000000201ae4        0xc 
 .text.hal_lld_backup_domain_init
                0x0000000000201af0       0x5c /tmp/ch.elf.zl1fHV.ltrans0.ltrans.o
 *fill*         0x0000000000201b4c        0x4 
 .text.hal_lld_init
                0x0000000000201b50       0x88 /tmp/ch.elf.zl1fHV.ltrans0.ltrans.o
 *fill*         0x0000000000201bd8        0x8 
 .text.stm32_clock_init
                0x0000000000201be0      0x158 /tmp/ch.elf.zl1fHV.ltrans0.ltrans.o
 *fill*         0x0000000000201d38        0x8 
 .text.chSysLockFromISR.lto_priv.0
                0x0000000000201d40       0x28 /tmp/ch.elf.zl1fHV.ltrans0.ltrans.o
 *fill*         0x0000000000201d68        0x8 
 .text.chSysUnlockFromISR.lto_priv.0
                0x0000000000201d70       0x20 /tmp/ch.elf.zl1fHV.ltrans0.ltrans.o
 .text.osalSysLockFromISR.lto_priv.0
                0x0000000000201d90        0xc /tmp/ch.elf.zl1fHV.ltrans0.ltrans.o
 *fill*         0x0000000000201d9c        0x4 
 .text.osalSysUnlockFromISR.lto_priv.0
                0x0000000000201da0        0xc /tmp/ch.elf.zl1fHV.ltrans0.ltrans.o
 *fill*         0x0000000000201dac        0x4 
 .text.osalThreadResumeI.lto_priv.1
                0x0000000000201db0       0x18 /tmp/ch.elf.zl1fHV.ltrans0.ltrans.o
 *fill*         0x0000000000201dc8        0x8 
 .text.adc_lld_serve_rx_interrupt
                0x0000000000201dd0      0x134 /tmp/ch.elf.zl1fHV.ltrans0.ltrans.o
 *fill*         0x0000000000201f04        0xc 
 .text.adc_lld_serve_interrupt
                0x0000000000201f10       0xa8 /tmp/ch.elf.zl1fHV.ltrans0.ltrans.o
 *fill*         0x0000000000201fb8        0x8 
 .text.Vector88
                0x0000000000201fc0       0x44 /tmp/ch.elf.zl1fHV.ltrans0.ltrans.o
                0x0000000000201fc0                Vector88
 *fill*         0x0000000000202004        0xc 
 .text.adc_lld_init
                0x0000000000202010       0x54 /tmp/ch.elf.zl1fHV.ltrans0.ltrans.o
 *fill*         0x0000000000202064        0xc 
 .text.adc_lld_start
                0x0000000000202070       0xb0 /tmp/ch.elf.zl1fHV.ltrans0.ltrans.o
 .text.adc_lld_start_conversion
                0x0000000000202120      0x134 /tmp/ch.elf.zl1fHV.ltrans0.ltrans.o
 *fill*         0x0000000000202254        0xc 
 .text.adc_lld_stop_conversion
                0x0000000000202260       0x68 /tmp/ch.elf.zl1fHV.ltrans0.ltrans.o
 *fill*         0x00000000002022c8        0x8 
 .text.adcSTM32EnableTSVREFE
                0x00000000002022d0       0x14 /tmp/ch.elf.zl1fHV.ltrans0.ltrans.o
 *fill*         0x00000000002022e4        0xc 
 .text.Vector6C
                0x00000000002022f0       0x58 /tmp/ch.elf.zl1fHV.ltrans0.ltrans.o
                0x00000000002022f0                Vector6C
 *fill*         0x0000000000202348        0x8 
 .text.Vector70
                0x0000000000202350       0x5c /tmp/ch.elf.zl1fHV.ltrans0.ltrans.o
                0x0000000000202350                Vector70
 *fill*         0x00000000002023ac        0x4 
 .text.Vector74
                0x00000000002023b0       0x5c /tmp/ch.elf.zl1fHV.ltrans0.ltrans.o
                0x00000000002023b0                Vector74
 *fill*         0x000000000020240c        0x4 
 .text.Vector78
                0x0000000000202410       0x5c /tmp/ch.elf.zl1fHV.ltrans0.ltrans.o
                0x0000000000202410                Vector78
 *fill*         0x000000000020246c        0x4 
 .text.Vector7C
                0x0000000000202470       0x58 /tmp/ch.elf.zl1fHV.ltrans0.ltrans.o
                0x0000000000202470                Vector7C
 *fill*         0x00000000002024c8        0x8 
 .text.Vector80
                0x00000000002024d0       0x5c /tmp/ch.elf.zl1fHV.ltrans0.ltrans.o
                0x00000000002024d0                Vector80
 *fill*         0x000000000020252c        0x4 
 .text.Vector84
                0x0000000000202530       0x5c /tmp/ch.elf.zl1fHV.ltrans0.ltrans.o
                0x0000000000202530                Vector84
 *fill*         0x000000000020258c        0x4 
 .text.VectorFC
                0x0000000000202590       0x5c /tmp/ch.elf.zl1fHV.ltrans0.ltrans.o
                0x0000000000202590                VectorFC
 *fill*         0x00000000002025ec        0x4 
 .text.Vector120
                0x00000000002025f0       0x58 /tmp/ch.elf.zl1fHV.ltrans0.ltrans.o
                0x00000000002025f0                Vector120
 *fill*         0x0000000000202648        0x8 
 .text.Vector124
                0x0000000000202650       0x5c /tmp/ch.elf.zl1fHV.ltrans0.ltrans.o
                0x0000000000202650                Vector124
 *fill*         0x00000000002026ac        0x4 
 .text.Vector128
                0x00000000002026b0       0x5c /tmp/ch.elf.zl1fHV.ltrans0.ltrans.o
                0x00000000002026b0                Vector128
 *fill*         0x000000000020270c        0x4 
 .text.Vector12C
                0x0000000000202710       0x5c /tmp/ch.elf.zl1fHV.ltrans0.ltrans.o
                0x0000000000202710                Vector12C
 *fill*         0x000000000020276c        0x4 
 .text.Vector130
                0x0000000000202770       0x58 /tmp/ch.elf.zl1fHV.ltrans0.ltrans.o
                0x0000000000202770                Vector130
 *fill*         0x00000000002027c8        0x8 
 .text.Vector150
                0x00000000002027d0       0x5c /tmp/ch.elf.zl1fHV.ltrans0.ltrans.o
                0x00000000002027d0                Vector150
 *fill*         0x000000000020282c        0x4 
 .text.Vector154
                0x0000000000202830       0x5c /tmp/ch.elf.zl1fHV.ltrans0.ltrans.o
                0x0000000000202830                Vector154
 *fill*         0x000000000020288c        0x4 
 .text.Vector158
                0x0000000000202890       0x5c /tmp/ch.elf.zl1fHV.ltrans0.ltrans.o
                0x0000000000202890                Vector158
 *fill*         0x00000000002028ec        0x4 
 .text.dmaInit  0x00000000002028f0       0x70 /tmp/ch.elf.zl1fHV.ltrans0.ltrans.o
 .text.dmaStreamAllocI
                0x0000000000202960      0x144 /tmp/ch.elf.zl1fHV.ltrans0.ltrans.o
 *fill*         0x0000000000202aa4        0xc 
 .text._pal_lld_init
                0x0000000000202ab0        0x4 /tmp/ch.elf.zl1fHV.ltrans0.ltrans.o
 *fill*         0x0000000000202ab4        0xc 
 .text._pal_lld_setgroupmode
                0x0000000000202ac0      0x16c /tmp/ch.elf.zl1fHV.ltrans0.ltrans.o
 *fill*         0x0000000000202c2c        0x4 
 .text.chSysLockFromISR.lto_priv.1
                0x0000000000202c30       0x28 /tmp/ch.elf.zl1fHV.ltrans0.ltrans.o
 *fill*         0x0000000000202c58        0x8 
 .text.chSysUnlockFromISR.lto_priv.1
                0x0000000000202c60       0x20 /tmp/ch.elf.zl1fHV.ltrans0.ltrans.o
 .text.osalSysLockFromISR.lto_priv.1
                0x0000000000202c80        0xc /tmp/ch.elf.zl1fHV.ltrans0.ltrans.o
 *fill*         0x0000000000202c8c        0x4 
 .text.osalSysUnlockFromISR.lto_priv.1
                0x0000000000202c90        0xc /tmp/ch.elf.zl1fHV.ltrans0.ltrans.o
 *fill*         0x0000000000202c9c        0x4 
 .text.osalOsTimerHandlerI
                0x0000000000202ca0        0xc /tmp/ch.elf.zl1fHV.ltrans0.ltrans.o
 *fill*         0x0000000000202cac        0x4 
 .text.st_lld_init
                0x0000000000202cb0       0x78 /tmp/ch.elf.zl1fHV.ltrans0.ltrans.o
 *fill*         0x0000000000202d28        0x8 
 .text.st_lld_serve_interrupt
                0x0000000000202d30       0x44 /tmp/ch.elf.zl1fHV.ltrans0.ltrans.o
 *fill*         0x0000000000202d74        0xc 
 .text.gpt_lld_init
                0x0000000000202d80       0x1c /tmp/ch.elf.zl1fHV.ltrans0.ltrans.o
 *fill*         0x0000000000202d9c        0x4 
 .text.gpt_lld_start
                0x0000000000202da0       0xe4 /tmp/ch.elf.zl1fHV.ltrans0.ltrans.o
 *fill*         0x0000000000202e84        0xc 
 .text.gpt_lld_start_timer
                0x0000000000202e90       0x70 /tmp/ch.elf.zl1fHV.ltrans0.ltrans.o
 .text.gpt_lld_stop_timer
                0x0000000000202f00       0x2c /tmp/ch.elf.zl1fHV.ltrans0.ltrans.o
 *fill*         0x0000000000202f2c        0x4 
 .text.gpt_lld_serve_interrupt
                0x0000000000202f30       0x60 /tmp/ch.elf.zl1fHV.ltrans0.ltrans.o
 .text.chSysLockFromISR.lto_priv.2
                0x0000000000202f90       0x28 /tmp/ch.elf.zl1fHV.ltrans0.ltrans.o
 *fill*         0x0000000000202fb8        0x8 
 .text.chSysUnlockFromISR.lto_priv.2
                0x0000000000202fc0       0x20 /tmp/ch.elf.zl1fHV.ltrans0.ltrans.o
 .text.osalSysLockFromISR.lto_priv.2
                0x0000000000202fe0        0xc /tmp/ch.elf.zl1fHV.ltrans0.ltrans.o
 *fill*         0x0000000000202fec        0x4 
 .text.osalSysUnlockFromISR.lto_priv.2
                0x0000000000202ff0        0xc /tmp/ch.elf.zl1fHV.ltrans0.ltrans.o
 *fill*         0x0000000000202ffc        0x4 
 .text.osalEventBroadcastFlagsI.lto_priv.2
                0x0000000000203000       0x18 /tmp/ch.elf.zl1fHV.ltrans0.ltrans.o
 *fill*         0x0000000000203018        0x8 
 .text.usart_init
                0x0000000000203020       0xe8 /tmp/ch.elf.zl1fHV.ltrans0.ltrans.o
 *fill*         0x0000000000203108        0x8 
 .text.set_error
                0x0000000000203110       0x70 /tmp/ch.elf.zl1fHV.ltrans0.ltrans.o
 .text.notify1  0x0000000000203180       0x1c /tmp/ch.elf.zl1fHV.ltrans0.ltrans.o
 *fill*         0x000000000020319c        0x4 
 .text.sd_lld_init
                0x00000000002031a0       0x60 /tmp/ch.elf.zl1fHV.ltrans0.ltrans.o
 .text.sd_lld_start
                0x0000000000203200       0x5c /tmp/ch.elf.zl1fHV.ltrans0.ltrans.o
 *fill*         0x000000000020325c        0x4 
 .text.sd_lld_serve_interrupt
                0x0000000000203260      0x13c /tmp/ch.elf.zl1fHV.ltrans0.ltrans.o
 *fill*         0x000000000020339c        0x4 
 .text.gpio_init
                0x00000000002033a0       0x44 /tmp/ch.elf.zl1fHV.ltrans0.ltrans.o
 *fill*         0x00000000002033e4        0xc 
 .text.stm32_gpio_init
                0x00000000002033f0       0xfc /tmp/ch.elf.zl1fHV.ltrans0.ltrans.o
 *fill*         0x00000000002034ec        0x4 
 .text.__early_init
                0x00000000002034f0       0x10 /tmp/ch.elf.zl1fHV.ltrans0.ltrans.o
                0x00000000002034f0                __early_init
 .text.boardInit
                0x0000000000203500        0x4 /tmp/ch.elf.zl1fHV.ltrans0.ltrans.o
 *fill*         0x0000000000203504        0xc 
 .text.__tm_calibration_object_init
                0x0000000000203510       0x44 /tmp/ch.elf.zl1fHV.ltrans0.ltrans.o
 *fill*         0x0000000000203554        0xc 
 .text.chSysUnlock.lto_priv.6
                0x0000000000203560       0x5c /tmp/ch.elf.zl1fHV.ltrans0.ltrans.o
 *fill*         0x00000000002035bc        0x4 
 .text.__oslib_init
                0x00000000002035c0       0x14 /tmp/ch.elf.zl1fHV.ltrans0.ltrans.o
 *fill*         0x00000000002035d4        0xc 
 .text.chSysInit
                0x00000000002035e0       0x5c /tmp/ch.elf.zl1fHV.ltrans0.ltrans.o
 *fill*         0x000000000020363c        0x4 
 .text.chSysHalt
                0x0000000000203640       0x2c /tmp/ch.elf.zl1fHV.ltrans0.ltrans.o
 *fill*         0x000000000020366c        0x4 
 .text.chSysGetIdleThreadX
                0x0000000000203670       0x38 /tmp/ch.elf.zl1fHV.ltrans0.ltrans.o
 *fill*         0x00000000002036a8        0x8 
 .text.chSysTimerHandlerI
                0x00000000002036b0       0x10 /tmp/ch.elf.zl1fHV.ltrans0.ltrans.o
 .text.chRFCUCollectFaultsI
                0x00000000002036c0       0x1c /tmp/ch.elf.zl1fHV.ltrans0.ltrans.o
 *fill*         0x00000000002036dc        0x4 
 .text.__dbg_check_lock
                0x00000000002036e0       0x50 /tmp/ch.elf.zl1fHV.ltrans0.ltrans.o
                0x00000000002036e0                __dbg_check_lock
 .text.__dbg_check_unlock
                0x0000000000203730       0x50 /tmp/ch.elf.zl1fHV.ltrans0.ltrans.o
                0x0000000000203730                __dbg_check_unlock
 .text.__dbg_check_lock_from_isr
                0x0000000000203780       0x50 /tmp/ch.elf.zl1fHV.ltrans0.ltrans.o
 .text.__dbg_check_unlock_from_isr
                0x00000000002037d0       0x50 /tmp/ch.elf.zl1fHV.ltrans0.ltrans.o
 .text.__dbg_check_enter_isr
                0x0000000000203820       0x78 /tmp/ch.elf.zl1fHV.ltrans0.ltrans.o
 *fill*         0x0000000000203898        0x8 
 .text.__dbg_check_leave_isr
                0x00000000002038a0       0x7c /tmp/ch.elf.zl1fHV.ltrans0.ltrans.o
 *fill*         0x000000000020391c        0x4 
 .text.chDbgCheckClassI
                0x0000000000203920       0x40 /tmp/ch.elf.zl1fHV.ltrans0.ltrans.o
 .text.chDbgCheckClassS
                0x0000000000203960       0x48 /tmp/ch.elf.zl1fHV.ltrans0.ltrans.o
 *fill*         0x00000000002039a8        0x8 
 .text.port_timer_get_time.lto_priv.0
                0x00000000002039b0        0xc /tmp/ch.elf.zl1fHV.ltrans0.ltrans.o
 *fill*         0x00000000002039bc        0x4 
 .text.chVTGetSystemTimeX.lto_priv.0
                0x00000000002039c0        0xc /tmp/ch.elf.zl1fHV.ltrans0.ltrans.o
 *fill*         0x00000000002039cc        0x4 
 .text.trace_next
                0x00000000002039d0       0x60 /tmp/ch.elf.zl1fHV.ltrans0.ltrans.o
 .text.__trace_object_init
                0x0000000000203a30       0x4c /tmp/ch.elf.zl1fHV.ltrans0.ltrans.o
 *fill*         0x0000000000203a7c        0x4 
 .text.__trace_ready
                0x0000000000203a80       0x6c /tmp/ch.elf.zl1fHV.ltrans0.ltrans.o
 *fill*         0x0000000000203aec        0x4 
 .text.__trace_switch
                0x0000000000203af0       0x6c /tmp/ch.elf.zl1fHV.ltrans0.ltrans.o
 *fill*         0x0000000000203b5c        0x4 
 .text.__trace_isr_enter
                0x0000000000203b60       0x7c /tmp/ch.elf.zl1fHV.ltrans0.ltrans.o
 *fill*         0x0000000000203bdc        0x4 
 .text.__trace_isr_leave
                0x0000000000203be0       0x7c /tmp/ch.elf.zl1fHV.ltrans0.ltrans.o
 *fill*         0x0000000000203c5c        0x4 
 .text.__trace_halt
                0x0000000000203c60       0x54 /tmp/ch.elf.zl1fHV.ltrans0.ltrans.o
 *fill*         0x0000000000203cb4        0xc 
 .text.chTimeAddX
                0x0000000000203cc0       0x14 /tmp/ch.elf.zl1fHV.ltrans0.ltrans.o
 *fill*         0x0000000000203cd4        0xc 
 .text.chTimeDiffX.lto_priv.0
                0x0000000000203ce0       0x14 /tmp/ch.elf.zl1fHV.ltrans0.ltrans.o
 *fill*         0x0000000000203cf4        0xc 
 .text.ch_dlist_isempty
                0x0000000000203d00       0x1c /tmp/ch.elf.zl1fHV.ltrans0.ltrans.o
 *fill*         0x0000000000203d1c        0x4 
 .text.ch_dlist_isfirst
                0x0000000000203d20       0x1c /tmp/ch.elf.zl1fHV.ltrans0.ltrans.o
 *fill*         0x0000000000203d3c        0x4 
 .text.ch_dlist_insert_after
                0x0000000000203d40       0x34 /tmp/ch.elf.zl1fHV.ltrans0.ltrans.o
 *fill*         0x0000000000203d74        0xc 
 .text.ch_dlist_insert_before
                0x0000000000203d80       0x34 /tmp/ch.elf.zl1fHV.ltrans0.ltrans.o
 *fill*         0x0000000000203db4        0xc 
 .text.ch_dlist_insert
                0x0000000000203dc0       0x78 /tmp/ch.elf.zl1fHV.ltrans0.ltrans.o
 *fill*         0x0000000000203e38        0x8 
 .text.ch_dlist_remove_first
                0x0000000000203e40       0x24 /tmp/ch.elf.zl1fHV.ltrans0.ltrans.o
 *fill*         0x0000000000203e64        0xc 
 .text.ch_dlist_dequeue
                0x0000000000203e70       0x20 /tmp/ch.elf.zl1fHV.ltrans0.ltrans.o
 .text.port_timer_start_alarm
                0x0000000000203e90       0x14 /tmp/ch.elf.zl1fHV.ltrans0.ltrans.o
 *fill*         0x0000000000203ea4        0xc 
 .text.port_timer_stop_alarm
                0x0000000000203eb0        0xc /tmp/ch.elf.zl1fHV.ltrans0.ltrans.o
 *fill*         0x0000000000203ebc        0x4 
 .text.port_timer_set_alarm
                0x0000000000203ec0       0x14 /tmp/ch.elf.zl1fHV.ltrans0.ltrans.o
 *fill*         0x0000000000203ed4        0xc 
 .text.port_timer_get_time.lto_priv.1
                0x0000000000203ee0        0xc /tmp/ch.elf.zl1fHV.ltrans0.ltrans.o
 *fill*         0x0000000000203eec        0x4 
 .text.chSysLockFromISR.lto_priv.4
                0x0000000000203ef0       0x28 /tmp/ch.elf.zl1fHV.ltrans0.ltrans.o
 *fill*         0x0000000000203f18        0x8 
 .text.chSysUnlockFromISR.lto_priv.4
                0x0000000000203f20       0x20 /tmp/ch.elf.zl1fHV.ltrans0.ltrans.o
 .text.chVTGetSystemTimeX.lto_priv.1
                0x0000000000203f40        0xc /tmp/ch.elf.zl1fHV.ltrans0.ltrans.o
 *fill*         0x0000000000203f4c        0x4 
 .text.chVTIsArmedI.lto_priv.0
                0x0000000000203f50       0x20 /tmp/ch.elf.zl1fHV.ltrans0.ltrans.o
 .text.vt_set_alarm
                0x0000000000203f70       0x80 /tmp/ch.elf.zl1fHV.ltrans0.ltrans.o
 .text.vt_insert_first
                0x0000000000203ff0       0xa4 /tmp/ch.elf.zl1fHV.ltrans0.ltrans.o
 *fill*         0x0000000000204094        0xc 
 .text.vt_enqueue
                0x00000000002040a0       0x78 /tmp/ch.elf.zl1fHV.ltrans0.ltrans.o
 *fill*         0x0000000000204118        0x8 
 .text.chVTDoSetI
                0x0000000000204120       0x80 /tmp/ch.elf.zl1fHV.ltrans0.ltrans.o
 .text.chVTDoResetI
                0x00000000002041a0       0xfc /tmp/ch.elf.zl1fHV.ltrans0.ltrans.o
 *fill*         0x000000000020429c        0x4 
 .text.chVTDoTickI
                0x00000000002042a0      0x14c /tmp/ch.elf.zl1fHV.ltrans0.ltrans.o
 *fill*         0x00000000002043ec        0x4 
 .text.ch_queue_dequeue.lto_priv.0
                0x00000000002043f0       0x20 /tmp/ch.elf.zl1fHV.ltrans0.ltrans.o
 .text.ch_pqueue_remove_highest
                0x0000000000204410       0x24 /tmp/ch.elf.zl1fHV.ltrans0.ltrans.o
 *fill*         0x0000000000204434        0xc 
 .text.ch_pqueue_insert_behind
                0x0000000000204440       0x48 /tmp/ch.elf.zl1fHV.ltrans0.ltrans.o
 *fill*         0x0000000000204488        0x8 
 .text.ch_pqueue_insert_ahead
                0x0000000000204490       0x48 /tmp/ch.elf.zl1fHV.ltrans0.ltrans.o
 *fill*         0x00000000002044d8        0x8 
 .text.chSysLockFromISR.lto_priv.5
                0x00000000002044e0       0x28 /tmp/ch.elf.zl1fHV.ltrans0.ltrans.o
 *fill*         0x0000000000204508        0x8 
 .text.chSysUnlockFromISR.lto_priv.5
                0x0000000000204510       0x20 /tmp/ch.elf.zl1fHV.ltrans0.ltrans.o
 .text.chVTIsArmedI.lto_priv.1
                0x0000000000204530       0x20 /tmp/ch.elf.zl1fHV.ltrans0.ltrans.o
 .text.chSemFastSignalI.lto_priv.0
                0x0000000000204550       0x1c /tmp/ch.elf.zl1fHV.ltrans0.ltrans.o
 *fill*         0x000000000020456c        0x4 
 .text.__sch_ready_behind
                0x0000000000204570       0x64 /tmp/ch.elf.zl1fHV.ltrans0.ltrans.o
 *fill*         0x00000000002045d4        0xc 
 .text.__sch_ready_ahead
                0x00000000002045e0       0x64 /tmp/ch.elf.zl1fHV.ltrans0.ltrans.o
 *fill*         0x0000000000204644        0xc 
 .text.__sch_wakeup
                0x0000000000204650       0x94 /tmp/ch.elf.zl1fHV.ltrans0.ltrans.o
 *fill*         0x00000000002046e4        0xc 
 .text.chSchReadyI
                0x00000000002046f0       0x38 /tmp/ch.elf.zl1fHV.ltrans0.ltrans.o
 *fill*         0x0000000000204728        0x8 
 .text.chSchGoSleepS
                0x0000000000204730       0xb0 /tmp/ch.elf.zl1fHV.ltrans0.ltrans.o
 .text.chSchGoSleepTimeoutS
                0x00000000002047e0       0x70 /tmp/ch.elf.zl1fHV.ltrans0.ltrans.o
 .text.chSchWakeupS
                0x0000000000204850       0xc8 /tmp/ch.elf.zl1fHV.ltrans0.ltrans.o
 *fill*         0x0000000000204918        0x8 
 .text.chSchIsPreemptionRequired
                0x0000000000204920       0x34 /tmp/ch.elf.zl1fHV.ltrans0.ltrans.o
 *fill*         0x0000000000204954        0xc 
 .text.chSchDoPreemption
                0x0000000000204960       0x6c /tmp/ch.elf.zl1fHV.ltrans0.ltrans.o
                0x0000000000204960                chSchDoPreemption
 *fill*         0x00000000002049cc        0x4 
 .text.__rfcu_object_init
                0x00000000002049d0       0x10 /tmp/ch.elf.zl1fHV.ltrans0.ltrans.o
 .text.__dbg_object_init
                0x00000000002049e0       0x1c /tmp/ch.elf.zl1fHV.ltrans0.ltrans.o
 *fill*         0x00000000002049fc        0x4 
 .text.ch_queue_init.lto_priv.0
                0x0000000000204a00       0x18 /tmp/ch.elf.zl1fHV.ltrans0.ltrans.o
 *fill*         0x0000000000204a18        0x8 
 .text.ch_queue_insert.lto_priv.0
                0x0000000000204a20       0x28 /tmp/ch.elf.zl1fHV.ltrans0.ltrans.o
 *fill*         0x0000000000204a48        0x8 
 .text.ch_pqueue_init
                0x0000000000204a50       0x1c /tmp/ch.elf.zl1fHV.ltrans0.ltrans.o
 *fill*         0x0000000000204a6c        0x4 
 .text.ch_dlist_init
                0x0000000000204a70       0x20 /tmp/ch.elf.zl1fHV.ltrans0.ltrans.o
 .text.port_timer_get_time.lto_priv.2
                0x0000000000204a90        0xc /tmp/ch.elf.zl1fHV.ltrans0.ltrans.o
 *fill*         0x0000000000204a9c        0x4 
 .text.chVTGetSystemTimeX.lto_priv.2
                0x0000000000204aa0        0xc /tmp/ch.elf.zl1fHV.ltrans0.ltrans.o
 *fill*         0x0000000000204aac        0x4 
 .text.__vt_object_init
                0x0000000000204ab0       0x34 /tmp/ch.elf.zl1fHV.ltrans0.ltrans.o
 *fill*         0x0000000000204ae4        0xc 
 .text.__reg_object_init
                0x0000000000204af0       0x18 /tmp/ch.elf.zl1fHV.ltrans0.ltrans.o
 *fill*         0x0000000000204b08        0x8 
 .text.__idle_thread
                0x0000000000204b10        0x8 /tmp/ch.elf.zl1fHV.ltrans0.ltrans.o
 *fill*         0x0000000000204b18        0x8 
 .text.chInstanceObjectInit
                0x0000000000204b20      0x128 /tmp/ch.elf.zl1fHV.ltrans0.ltrans.o
 *fill*         0x0000000000204c48        0x8 
 .text.ch_list_init
                0x0000000000204c50       0x10 /tmp/ch.elf.zl1fHV.ltrans0.ltrans.o
 .text.ch_list_notempty
                0x0000000000204c60       0x1c /tmp/ch.elf.zl1fHV.ltrans0.ltrans.o
 *fill*         0x0000000000204c7c        0x4 
 .text.ch_list_unlink
                0x0000000000204c80       0x1c /tmp/ch.elf.zl1fHV.ltrans0.ltrans.o
 *fill*         0x0000000000204c9c        0x4 
 .text.ch_queue_init.lto_priv.1
                0x0000000000204ca0       0x18 /tmp/ch.elf.zl1fHV.ltrans0.ltrans.o
 *fill*         0x0000000000204cb8        0x8 
 .text.ch_queue_notempty.lto_priv.0
                0x0000000000204cc0       0x1c /tmp/ch.elf.zl1fHV.ltrans0.ltrans.o
 *fill*         0x0000000000204cdc        0x4 
 .text.ch_queue_insert.lto_priv.1
                0x0000000000204ce0       0x28 /tmp/ch.elf.zl1fHV.ltrans0.ltrans.o
 *fill*         0x0000000000204d08        0x8 
 .text.ch_queue_fifo_remove.lto_priv.0
                0x0000000000204d10       0x24 /tmp/ch.elf.zl1fHV.ltrans0.ltrans.o
 *fill*         0x0000000000204d34        0xc 
 .text.ch_queue_dequeue.lto_priv.1
                0x0000000000204d40       0x20 /tmp/ch.elf.zl1fHV.ltrans0.ltrans.o
 .text.chSysLock.lto_priv.8
                0x0000000000204d60       0x28 /tmp/ch.elf.zl1fHV.ltrans0.ltrans.o
 *fill*         0x0000000000204d88        0x8 
 .text.chSysUnlock.lto_priv.8
                0x0000000000204d90       0x5c /tmp/ch.elf.zl1fHV.ltrans0.ltrans.o
 *fill*         0x0000000000204dec        0x4 
 .text.chThdGetSelfX.lto_priv.0
                0x0000000000204df0        0xc /tmp/ch.elf.zl1fHV.ltrans0.ltrans.o
 *fill*         0x0000000000204dfc        0x4 
 .text.chThdSleepS
                0x0000000000204e00       0x30 /tmp/ch.elf.zl1fHV.ltrans0.ltrans.o
 .text.chThdDoDequeueNextI
                0x0000000000204e30       0x5c /tmp/ch.elf.zl1fHV.ltrans0.ltrans.o
 *fill*         0x0000000000204e8c        0x4 
 .text.__thd_stackfill
                0x0000000000204e90       0x2c /tmp/ch.elf.zl1fHV.ltrans0.ltrans.o
 *fill*         0x0000000000204ebc        0x4 
 .text.chThdObjectInit
                0x0000000000204ec0       0xc8 /tmp/ch.elf.zl1fHV.ltrans0.ltrans.o
 *fill*         0x0000000000204f88        0x8 
 .text.chThdSpawnSuspendedI
                0x0000000000204f90      0x120 /tmp/ch.elf.zl1fHV.ltrans0.ltrans.o
 .text.chThdSpawnRunningI
                0x00000000002050b0       0x24 /tmp/ch.elf.zl1fHV.ltrans0.ltrans.o
 *fill*         0x00000000002050d4        0xc 
 .text.chThdCreateStatic
                0x00000000002050e0      0x14c /tmp/ch.elf.zl1fHV.ltrans0.ltrans.o
 *fill*         0x000000000020522c        0x4 
 .text.chThdRelease
                0x0000000000205230       0x70 /tmp/ch.elf.zl1fHV.ltrans0.ltrans.o
 .text.chThdExit
                0x00000000002052a0       0x18 /tmp/ch.elf.zl1fHV.ltrans0.ltrans.o
                0x00000000002052a0                chThdExit
 *fill*         0x00000000002052b8        0x8 
 .text.chThdExitS
                0x00000000002052c0       0x74 /tmp/ch.elf.zl1fHV.ltrans0.ltrans.o
 *fill*         0x0000000000205334        0xc 
 .text.chThdSleep
                0x0000000000205340       0x1c /tmp/ch.elf.zl1fHV.ltrans0.ltrans.o
 *fill*         0x000000000020535c        0x4 
 .text.chThdResumeI
                0x0000000000205360       0x4c /tmp/ch.elf.zl1fHV.ltrans0.ltrans.o
 *fill*         0x00000000002053ac        0x4 
 .text.chThdQueueObjectInit
                0x00000000002053b0       0x30 /tmp/ch.elf.zl1fHV.ltrans0.ltrans.o
 .text.chThdEnqueueTimeoutS
                0x00000000002053e0       0x40 /tmp/ch.elf.zl1fHV.ltrans0.ltrans.o
 .text.chThdDequeueNextI
                0x0000000000205420       0x28 /tmp/ch.elf.zl1fHV.ltrans0.ltrans.o
 *fill*         0x0000000000205448        0x8 
 .text.tm_stop  0x0000000000205450       0x70 /tmp/ch.elf.zl1fHV.ltrans0.ltrans.o
 .text.chTMObjectInit
                0x00000000002054c0       0x34 /tmp/ch.elf.zl1fHV.ltrans0.ltrans.o
 *fill*         0x00000000002054f4        0xc 
 .text.chTMStartMeasurementX
                0x0000000000205500       0x18 /tmp/ch.elf.zl1fHV.ltrans0.ltrans.o
 *fill*         0x0000000000205518        0x8 
 .text.chTMStopMeasurementX
                0x0000000000205520       0x28 /tmp/ch.elf.zl1fHV.ltrans0.ltrans.o
 *fill*         0x0000000000205548        0x8 
 .text.chSysLock.lto_priv.9
                0x0000000000205550       0x28 /tmp/ch.elf.zl1fHV.ltrans0.ltrans.o
 *fill*         0x0000000000205578        0x8 
 .text.chSysUnlock.lto_priv.9
                0x0000000000205580       0x5c /tmp/ch.elf.zl1fHV.ltrans0.ltrans.o
 *fill*         0x00000000002055dc        0x4 
 .text.chThdGetWorkingAreaX
                0x00000000002055e0       0x10 /tmp/ch.elf.zl1fHV.ltrans0.ltrans.o
 .text.chRegFirstThread
                0x00000000002055f0       0x34 /tmp/ch.elf.zl1fHV.ltrans0.ltrans.o
 *fill*         0x0000000000205624        0xc 
 .text.chRegNextThread
                0x0000000000205630       0x6c /tmp/ch.elf.zl1fHV.ltrans0.ltrans.o
 *fill*         0x000000000020569c        0x4 
 .text.chRegFindThreadByWorkingArea
                0x00000000002056a0       0x38 /tmp/ch.elf.zl1fHV.ltrans0.ltrans.o
 *fill*         0x00000000002056d8        0x8 
 .text.ch_queue_init.lto_priv.3
                0x00000000002056e0       0x18 /tmp/ch.elf.zl1fHV.ltrans0.ltrans.o
 *fill*         0x00000000002056f8        0x8 
 .text.chMtxObjectInit
                0x0000000000205700       0x38 /tmp/ch.elf.zl1fHV.ltrans0.ltrans.o
 *fill*         0x0000000000205738        0x8 
 .text.chEvtObjectInit
                0x0000000000205740       0x30 /tmp/ch.elf.zl1fHV.ltrans0.ltrans.o
 .text.chEvtSignalI
                0x0000000000205770       0x78 /tmp/ch.elf.zl1fHV.ltrans0.ltrans.o
 *fill*         0x00000000002057e8        0x8 
 .text.chEvtBroadcastFlagsI
                0x00000000002057f0       0x74 /tmp/ch.elf.zl1fHV.ltrans0.ltrans.o
 *fill*         0x0000000000205864        0xc 
 .text.chSysLock.lto_priv.17
                0x0000000000205870       0x28 /tmp/ch.elf.zl1fHV.ltrans0.ltrans.o
 *fill*         0x0000000000205898        0x8 
 .text.chSysUnlock.lto_priv.17
                0x00000000002058a0       0x5c /tmp/ch.elf.zl1fHV.ltrans0.ltrans.o
 *fill*         0x00000000002058fc        0x4 
 .text.__core_init
                0x0000000000205900       0x1c /tmp/ch.elf.zl1fHV.ltrans0.ltrans.o
 *fill*         0x000000000020591c        0x4 
 .text.chCoreAllocFromTopI
                0x0000000000205920       0x8c /tmp/ch.elf.zl1fHV.ltrans0.ltrans.o
 *fill*         0x00000000002059ac        0x4 
 .text.chCoreAllocFromTop
                0x00000000002059b0       0x28 /tmp/ch.elf.zl1fHV.ltrans0.ltrans.o
 *fill*         0x00000000002059d8        0x8 
 .text.chCoreGetStatusX
                0x00000000002059e0       0x28 /tmp/ch.elf.zl1fHV.ltrans0.ltrans.o
 *fill*         0x0000000000205a08        0x8 
 .text.__heap_init
                0x0000000000205a10       0x34 /tmp/ch.elf.zl1fHV.ltrans0.ltrans.o
 *fill*         0x0000000000205a44        0xc 
 .text.chPoolObjectInitAligned
                0x0000000000205a50       0xac /tmp/ch.elf.zl1fHV.ltrans0.ltrans.o
 *fill*         0x0000000000205afc        0x4 
 .text.chCoreAllocAlignedI
                0x0000000000205b00       0x1c /tmp/ch.elf.zl1fHV.ltrans0.ltrans.o
 *fill*         0x0000000000205b1c        0x4 
 .text.chPoolObjectInit
                0x0000000000205b20       0x20 /tmp/ch.elf.zl1fHV.ltrans0.ltrans.o
 .text.dyn_list_init
                0x0000000000205b40       0x10 /tmp/ch.elf.zl1fHV.ltrans0.ltrans.o
 .text.__factory_init
                0x0000000000205b50       0x6c /tmp/ch.elf.zl1fHV.ltrans0.ltrans.o
 *fill*         0x0000000000205bbc        0x4 
 .text.__NVIC_SetPriorityGrouping
                0x0000000000205bc0       0x40 /tmp/ch.elf.zl1fHV.ltrans0.ltrans.o
 .text.__NVIC_SetPriority
                0x0000000000205c00       0x50 /tmp/ch.elf.zl1fHV.ltrans0.ltrans.o
 .text.SVC_Handler
                0x0000000000205c50       0x34 /tmp/ch.elf.zl1fHV.ltrans0.ltrans.o
                0x0000000000205c50                SVC_Handler
 *fill*         0x0000000000205c84        0xc 
 .text.port_init
                0x0000000000205c90       0x68 /tmp/ch.elf.zl1fHV.ltrans0.ltrans.o
 *fill*         0x0000000000205cf8        0x8 
 .text.__port_irq_epilogue
                0x0000000000205d00       0x8c /tmp/ch.elf.zl1fHV.ltrans0.ltrans.o
 *fill*         0x0000000000205d8c        0x4 
 .text.chRegSetThreadName
                0x0000000000205d90       0x18 /tmp/ch.elf.zl1fHV.ltrans0.ltrans.o
 *fill*         0x0000000000205da8        0x8 
 .text.adccallback
                0x0000000000205db0       0x30 /tmp/ch.elf.zl1fHV.ltrans0.ltrans.o
 .text.adcerrorcallback
                0x0000000000205de0        0xc /tmp/ch.elf.zl1fHV.ltrans0.ltrans.o
 *fill*         0x0000000000205dec        0x4 
 .text.Thread1  0x0000000000205df0       0x3c /tmp/ch.elf.zl1fHV.ltrans0.ltrans.o
 *fill*         0x0000000000205e2c        0x4 
 .text.main     0x0000000000205e30       0x98 /tmp/ch.elf.zl1fHV.ltrans0.ltrans.o
                0x0000000000205e30                main
 *(.glue_7t)
 .glue_7t       0x0000000000205ec8        0x0 linker stubs
 *(.glue_7)
 .glue_7        0x0000000000205ec8        0x0 linker stubs
 *(.gcc*)
                0x0000000000205ec8                __text_end__ = .

.vfp11_veneer   0x0000000000205ec8        0x0 load address 0x0000000008005ec8
 .vfp11_veneer  0x0000000000205ec8        0x0 linker stubs

.v4_bx          0x0000000000205ec8        0x0 load address 0x0000000008005ec8
 .v4_bx         0x0000000000205ec8        0x0 linker stubs

.iplt           0x0000000000205ec8        0x0 load address 0x0000000008005ec8
 .iplt          0x0000000000205ec8        0x0 build/obj/crt0_v7m.o

.rodata         0x0000000008005ec8      0x79c
                0x0000000008005ec8                __rodata_base__ = .
 *(.rodata)
 *(.rodata.*)
 .rodata.ram_areas
                0x0000000008005ec8       0x80 /tmp/ch.elf.zl1fHV.ltrans0.ltrans.o
 .rodata.__func__.2.lto_priv.0
                0x0000000008005f48        0xd /tmp/ch.elf.zl1fHV.ltrans0.ltrans.o
 *fill*         0x0000000008005f55        0x3 
 .rodata.__func__.1.lto_priv.0
                0x0000000008005f58        0xb /tmp/ch.elf.zl1fHV.ltrans0.ltrans.o
 *fill*         0x0000000008005f63        0x1 
 .rodata.__func__.4.lto_priv.1
                0x0000000008005f64        0x8 /tmp/ch.elf.zl1fHV.ltrans0.ltrans.o
 .rodata.__func__.3.lto_priv.1
                0x0000000008005f6c        0x9 /tmp/ch.elf.zl1fHV.ltrans0.ltrans.o
 *fill*         0x0000000008005f75        0x3 
 .rodata.__func__.2.lto_priv.2
                0x0000000008005f78        0xc /tmp/ch.elf.zl1fHV.ltrans0.ltrans.o
 .rodata.__func__.1.lto_priv.3
                0x0000000008005f84        0xe /tmp/ch.elf.zl1fHV.ltrans0.ltrans.o
 *fill*         0x0000000008005f92        0x2 
 .rodata.__func__.0.lto_priv.3
                0x0000000008005f94        0xf /tmp/ch.elf.zl1fHV.ltrans0.ltrans.o
 *fill*         0x0000000008005fa3        0x1 
 .rodata.__func__.8.lto_priv.1
                0x0000000008005fa4        0x9 /tmp/ch.elf.zl1fHV.ltrans0.ltrans.o
 *fill*         0x0000000008005fad        0x3 
 .rodata.__func__.7.lto_priv.1
                0x0000000008005fb0        0xc /tmp/ch.elf.zl1fHV.ltrans0.ltrans.o
 .rodata.__func__.5.lto_priv.1
                0x0000000008005fbc       0x14 /tmp/ch.elf.zl1fHV.ltrans0.ltrans.o
 .rodata.__func__.7.lto_priv.2
                0x0000000008005fd0        0x9 /tmp/ch.elf.zl1fHV.ltrans0.ltrans.o
 *fill*         0x0000000008005fd9        0x3 
 .rodata.__func__.6.lto_priv.2
                0x0000000008005fdc        0xc /tmp/ch.elf.zl1fHV.ltrans0.ltrans.o
 .rodata.__func__.3.lto_priv.3
                0x0000000008005fe8       0x14 /tmp/ch.elf.zl1fHV.ltrans0.ltrans.o
 .rodata.vmt    0x0000000008005ffc       0x28 /tmp/ch.elf.zl1fHV.ltrans0.ltrans.o
 .rodata.__func__.5.lto_priv.3
                0x0000000008006024        0x5 /tmp/ch.elf.zl1fHV.ltrans0.ltrans.o
 *fill*         0x0000000008006029        0x3 
 .rodata.__func__.4.lto_priv.4
                0x000000000800602c        0x8 /tmp/ch.elf.zl1fHV.ltrans0.ltrans.o
 .rodata.__func__.3.lto_priv.4
                0x0000000008006034        0xc /tmp/ch.elf.zl1fHV.ltrans0.ltrans.o
 .rodata.__func__.1.lto_priv.7
                0x0000000008006040       0x10 /tmp/ch.elf.zl1fHV.ltrans0.ltrans.o
 .rodata.__func__.2.lto_priv.8
                0x0000000008006050        0x9 /tmp/ch.elf.zl1fHV.ltrans0.ltrans.o
 *fill*         0x0000000008006059        0x3 
 .rodata.__func__.1.lto_priv.9
                0x000000000800605c        0x9 /tmp/ch.elf.zl1fHV.ltrans0.ltrans.o
 *fill*         0x0000000008006065        0x3 
 .rodata.__func__.0.lto_priv.10
                0x0000000008006068        0x9 /tmp/ch.elf.zl1fHV.ltrans0.ltrans.o
 *fill*         0x0000000008006071        0x3 
 .rodata.__func__.1.lto_priv.10
                0x0000000008006074        0x9 /tmp/ch.elf.zl1fHV.ltrans0.ltrans.o
 *fill*         0x000000000800607d        0x3 
 .rodata.__func__.0.lto_priv.11
                0x0000000008006080        0xe /tmp/ch.elf.zl1fHV.ltrans0.ltrans.o
 *fill*         0x000000000800608e        0x2 
 .rodata._stm32_dma_streams
                0x0000000008006090       0xc0 /tmp/ch.elf.zl1fHV.ltrans0.ltrans.o
 .rodata.__func__.18.lto_priv.0
                0x0000000008006150        0x9 /tmp/ch.elf.zl1fHV.ltrans0.ltrans.o
 *fill*         0x0000000008006159        0x3 
 .rodata.__func__.17.lto_priv.0
                0x000000000800615c        0x9 /tmp/ch.elf.zl1fHV.ltrans0.ltrans.o
 *fill*         0x0000000008006165        0x3 
 .rodata.__func__.16.lto_priv.0
                0x0000000008006168        0x9 /tmp/ch.elf.zl1fHV.ltrans0.ltrans.o
 *fill*         0x0000000008006171        0x3 
 .rodata.__func__.15.lto_priv.0
                0x0000000008006174        0x9 /tmp/ch.elf.zl1fHV.ltrans0.ltrans.o
 *fill*         0x000000000800617d        0x3 
 .rodata.__func__.14.lto_priv.0
                0x0000000008006180        0x9 /tmp/ch.elf.zl1fHV.ltrans0.ltrans.o
 *fill*         0x0000000008006189        0x3 
 .rodata.__func__.13.lto_priv.0
                0x000000000800618c        0x9 /tmp/ch.elf.zl1fHV.ltrans0.ltrans.o
 *fill*         0x0000000008006195        0x3 
 .rodata.__func__.12.lto_priv.0
                0x0000000008006198        0x9 /tmp/ch.elf.zl1fHV.ltrans0.ltrans.o
 *fill*         0x00000000080061a1        0x3 
 .rodata.__func__.11.lto_priv.0
                0x00000000080061a4        0x9 /tmp/ch.elf.zl1fHV.ltrans0.ltrans.o
 *fill*         0x00000000080061ad        0x3 
 .rodata.__func__.10.lto_priv.1
                0x00000000080061b0        0xa /tmp/ch.elf.zl1fHV.ltrans0.ltrans.o
 *fill*         0x00000000080061ba        0x2 
 .rodata.__func__.9.lto_priv.1
                0x00000000080061bc        0xa /tmp/ch.elf.zl1fHV.ltrans0.ltrans.o
 *fill*         0x00000000080061c6        0x2 
 .rodata.__func__.8.lto_priv.2
                0x00000000080061c8        0xa /tmp/ch.elf.zl1fHV.ltrans0.ltrans.o
 *fill*         0x00000000080061d2        0x2 
 .rodata.__func__.7.lto_priv.3
                0x00000000080061d4        0xa /tmp/ch.elf.zl1fHV.ltrans0.ltrans.o
 *fill*         0x00000000080061de        0x2 
 .rodata.__func__.6.lto_priv.3
                0x00000000080061e0        0xa /tmp/ch.elf.zl1fHV.ltrans0.ltrans.o
 *fill*         0x00000000080061ea        0x2 
 .rodata.__func__.5.lto_priv.4
                0x00000000080061ec        0xa /tmp/ch.elf.zl1fHV.ltrans0.ltrans.o
 *fill*         0x00000000080061f6        0x2 
 .rodata.__func__.4.lto_priv.6
                0x00000000080061f8        0xa /tmp/ch.elf.zl1fHV.ltrans0.ltrans.o
 *fill*         0x0000000008006202        0x2 
 .rodata.__func__.3.lto_priv.6
                0x0000000008006204        0xa /tmp/ch.elf.zl1fHV.ltrans0.ltrans.o
 *fill*         0x000000000800620e        0x2 
 .rodata.__func__.2.lto_priv.9
                0x0000000008006210       0x10 /tmp/ch.elf.zl1fHV.ltrans0.ltrans.o
 .rodata.__func__.2.lto_priv.10
                0x0000000008006220        0xe /tmp/ch.elf.zl1fHV.ltrans0.ltrans.o
 *fill*         0x000000000800622e        0x2 
 .rodata.__func__.1.lto_priv.12
                0x0000000008006230       0x14 /tmp/ch.elf.zl1fHV.ltrans0.ltrans.o
 .rodata.default_config
                0x0000000008006244       0x10 /tmp/ch.elf.zl1fHV.ltrans0.ltrans.o
 .rodata.__func__.0.lto_priv.14
                0x0000000008006254        0xb /tmp/ch.elf.zl1fHV.ltrans0.ltrans.o
 *fill*         0x000000000800625f        0x1 
 .rodata.gpio_default_config
                0x0000000008006260      0x134 /tmp/ch.elf.zl1fHV.ltrans0.ltrans.o
 .rodata.str1.4
                0x0000000008006394        0x3 /tmp/ch.elf.zl1fHV.ltrans0.ltrans.o
 *fill*         0x0000000008006397        0x1 
 .rodata.ch_core0_cfg
                0x0000000008006398       0x14 /tmp/ch.elf.zl1fHV.ltrans0.ltrans.o
 .rodata.__func__.1.lto_priv.13
                0x00000000080063ac        0xc /tmp/ch.elf.zl1fHV.ltrans0.ltrans.o
 .rodata.__func__.0.lto_priv.15
                0x00000000080063b8       0x14 /tmp/ch.elf.zl1fHV.ltrans0.ltrans.o
 .rodata.__dbg_check_lock.str1.4
                0x00000000080063cc        0x5 /tmp/ch.elf.zl1fHV.ltrans0.ltrans.o
 *fill*         0x00000000080063d1        0x3 
 .rodata.__dbg_check_unlock.str1.4
                0x00000000080063d4        0x5 /tmp/ch.elf.zl1fHV.ltrans0.ltrans.o
 *fill*         0x00000000080063d9        0x3 
 .rodata.__dbg_check_lock_from_isr.str1.4
                0x00000000080063dc        0x5 /tmp/ch.elf.zl1fHV.ltrans0.ltrans.o
 *fill*         0x00000000080063e1        0x3 
 .rodata.__dbg_check_unlock_from_isr.str1.4
                0x00000000080063e4        0x5 /tmp/ch.elf.zl1fHV.ltrans0.ltrans.o
 *fill*         0x00000000080063e9        0x3 
 .rodata.__dbg_check_enter_isr.str1.4
                0x00000000080063ec        0x5 /tmp/ch.elf.zl1fHV.ltrans0.ltrans.o
 *fill*         0x00000000080063f1        0x3 
 .rodata.__dbg_check_leave_isr.str1.4
                0x00000000080063f4        0x5 /tmp/ch.elf.zl1fHV.ltrans0.ltrans.o
 *fill*         0x00000000080063f9        0x3 
 .rodata.chDbgCheckClassI.str1.4
                0x00000000080063fc        0x6 /tmp/ch.elf.zl1fHV.ltrans0.ltrans.o
 *fill*         0x0000000008006402        0x2 
 .rodata.chDbgCheckClassS.str1.4
                0x0000000008006404        0x6 /tmp/ch.elf.zl1fHV.ltrans0.ltrans.o
 *fill*         0x000000000800640a        0x2 
 .rodata.__func__.7.lto_priv.4
                0x000000000800640c       0x10 /tmp/ch.elf.zl1fHV.ltrans0.ltrans.o
 .rodata.__func__.5.lto_priv.5
                0x000000000800641c        0xb /tmp/ch.elf.zl1fHV.ltrans0.ltrans.o
 *fill*         0x0000000008006427        0x1 
 .rodata.__func__.3.lto_priv.7
                0x0000000008006428        0xd /tmp/ch.elf.zl1fHV.ltrans0.ltrans.o
 *fill*         0x0000000008006435        0x3 
 .rodata.__func__.1.lto_priv.14
                0x0000000008006438        0xc /tmp/ch.elf.zl1fHV.ltrans0.ltrans.o
 .rodata.__sch_reschedule_behind.str1.4
                0x0000000008006444        0xf /tmp/ch.elf.zl1fHV.ltrans0.ltrans.o
 *fill*         0x0000000008006453        0x1 
 .rodata.__func__.4.lto_priv.8
                0x0000000008006454       0x13 /tmp/ch.elf.zl1fHV.ltrans0.ltrans.o
 *fill*         0x0000000008006467        0x1 
 .rodata.__func__.3.lto_priv.8
                0x0000000008006468       0x12 /tmp/ch.elf.zl1fHV.ltrans0.ltrans.o
 *fill*         0x000000000800647a        0x2 
 .rodata.__func__.2.lto_priv.12
                0x000000000800647c        0xc /tmp/ch.elf.zl1fHV.ltrans0.ltrans.o
 .rodata.__func__.1.lto_priv.15
                0x0000000008006488        0xe /tmp/ch.elf.zl1fHV.ltrans0.ltrans.o
 *fill*         0x0000000008006496        0x2 
 .rodata.__func__.0.lto_priv.18
                0x0000000008006498        0xd /tmp/ch.elf.zl1fHV.ltrans0.ltrans.o
 *fill*         0x00000000080064a5        0x3 
 .rodata.chInstanceObjectInit.str1.4
                0x00000000080064a8        0xd /tmp/ch.elf.zl1fHV.ltrans0.ltrans.o
 *fill*         0x00000000080064b5        0x3 
 .rodata.__func__.0.lto_priv.19
                0x00000000080064b8       0x15 /tmp/ch.elf.zl1fHV.ltrans0.ltrans.o
 *fill*         0x00000000080064cd        0x3 
 .rodata.chThdCreateStatic.str1.4
                0x00000000080064d0        0x7 /tmp/ch.elf.zl1fHV.ltrans0.ltrans.o
 *fill*         0x00000000080064d7        0x1 
 .rodata.__func__.23
                0x00000000080064d8       0x10 /tmp/ch.elf.zl1fHV.ltrans0.ltrans.o
 .rodata.__func__.21
                0x00000000080064e8       0x15 /tmp/ch.elf.zl1fHV.ltrans0.ltrans.o
 *fill*         0x00000000080064fd        0x3 
 .rodata.__func__.19
                0x0000000008006500        0xc /tmp/ch.elf.zl1fHV.ltrans0.ltrans.o
 .rodata.__func__.14.lto_priv.1
                0x000000000800650c       0x12 /tmp/ch.elf.zl1fHV.ltrans0.ltrans.o
 *fill*         0x000000000800651e        0x2 
 .rodata.__func__.11.lto_priv.1
                0x0000000008006520        0xd /tmp/ch.elf.zl1fHV.ltrans0.ltrans.o
 *fill*         0x000000000800652d        0x3 
 .rodata.__func__.10.lto_priv.2
                0x0000000008006530        0xb /tmp/ch.elf.zl1fHV.ltrans0.ltrans.o
 *fill*         0x000000000800653b        0x1 
 .rodata.__func__.7.lto_priv.5
                0x000000000800653c        0xc /tmp/ch.elf.zl1fHV.ltrans0.ltrans.o
 .rodata.__func__.4.lto_priv.9
                0x0000000008006548        0xd /tmp/ch.elf.zl1fHV.ltrans0.ltrans.o
 *fill*         0x0000000008006555        0x3 
 .rodata.__func__.2.lto_priv.13
                0x0000000008006558       0x15 /tmp/ch.elf.zl1fHV.ltrans0.ltrans.o
 *fill*         0x000000000800656d        0x3 
 .rodata.__func__.0.lto_priv.20
                0x0000000008006570       0x14 /tmp/ch.elf.zl1fHV.ltrans0.ltrans.o
 .rodata.__func__.1.lto_priv.17
                0x0000000008006584        0xc /tmp/ch.elf.zl1fHV.ltrans0.ltrans.o
 .rodata.__func__.0.lto_priv.22
                0x0000000008006590       0x10 /tmp/ch.elf.zl1fHV.ltrans0.ltrans.o
 .rodata.__func__.6.lto_priv.7
                0x00000000080065a0       0x10 /tmp/ch.elf.zl1fHV.ltrans0.ltrans.o
 .rodata.__func__.10.lto_priv.3
                0x00000000080065b0       0x10 /tmp/ch.elf.zl1fHV.ltrans0.ltrans.o
 .rodata.__func__.3.lto_priv.13
                0x00000000080065c0        0xd /tmp/ch.elf.zl1fHV.ltrans0.ltrans.o
 *fill*         0x00000000080065cd        0x3 
 .rodata.__func__.1.lto_priv.21
                0x00000000080065d0       0x15 /tmp/ch.elf.zl1fHV.ltrans0.ltrans.o
 *fill*         0x00000000080065e5        0x3 
 .rodata.__func__.1.lto_priv.26
                0x00000000080065e8       0x14 /tmp/ch.elf.zl1fHV.ltrans0.ltrans.o
 .rodata.__func__.0.lto_priv.31
                0x00000000080065fc        0xc /tmp/ch.elf.zl1fHV.ltrans0.ltrans.o
 .rodata.__func__.7.lto_priv.10
                0x0000000008006608       0x18 /tmp/ch.elf.zl1fHV.ltrans0.ltrans.o
 .rodata.gpt4cfg1
                0x0000000008006620       0x10 /tmp/ch.elf.zl1fHV.ltrans0.ltrans.o
 .rodata.adcgrpcfg1
                0x0000000008006630       0x2c /tmp/ch.elf.zl1fHV.ltrans0.ltrans.o
 .rodata.Thread1.str1.4
                0x000000000800665c        0x8 /tmp/ch.elf.zl1fHV.ltrans0.ltrans.o
                0x0000000008006664                . = ALIGN (0x4)
                0x0000000008006664                __rodata_end__ = .

.rel.dyn        0x0000000008006664        0x0
 .rel.iplt      0x0000000008006664        0x0 build/obj/crt0_v7m.o

.ARM.extab
 *(.ARM.extab* .gnu.linkonce.armextab.*)

.ARM.exidx      0x0000000000205ec8        0x0 load address 0x0000000008006664
                0x0000000000205ec8                __exidx_base__ = .
                0x0000000000205ec8                __exidx_start = .
 *(.ARM.exidx* .gnu.linkonce.armexidx.*)
                0x0000000000205ec8                __exidx_end__ = .
                0x0000000000205ec8                __exidx_end = .

.eh_frame_hdr
 *(.eh_frame_hdr)

.eh_frame
 *(.eh_frame)

.data           0x0000000020010000        0x0 load address 0x0000000008006664
                [!provide]                        PROVIDE (_textdata = LOADADDR (.data))
                [!provide]                        PROVIDE (_data = .)
                0x0000000008006664                __textdata_base__ = LOADADDR (.data)
                0x0000000020010000                __data_base__ = .
 *(.data)
 *(.data.*)
 *(.ramtext)
                0x0000000020010000                . = ALIGN (0x4)
                [!provide]                        PROVIDE (_edata = .)
                0x0000000020010000                __data_end__ = .

.igot.plt       0x0000000020010000        0x0 load address 0x0000000008006664
 .igot.plt      0x0000000020010000        0x0 build/obj/crt0_v7m.o

.bss            0x0000000020000800      0xe80
                0x0000000020000800                __bss_base__ = .
 *(.bss)
 *(.bss.*)
 .bss.ADCD1     0x0000000020000800       0x34 /tmp/ch.elf.zl1fHV.ltrans0.ltrans.o
 .bss.dma       0x0000000020000834       0x84 /tmp/ch.elf.zl1fHV.ltrans0.ltrans.o
 .bss.GPTD4     0x00000000200008b8       0x10 /tmp/ch.elf.zl1fHV.ltrans0.ltrans.o
 .bss.SD1       0x00000000200008c8       0x60 /tmp/ch.elf.zl1fHV.ltrans0.ltrans.o
 .bss.sd_in_buf1
                0x0000000020000928       0x10 /tmp/ch.elf.zl1fHV.ltrans0.ltrans.o
 .bss.sd_out_buf1
                0x0000000020000938       0x10 /tmp/ch.elf.zl1fHV.ltrans0.ltrans.o
 .bss.ch_system
                0x0000000020000948        0xc /tmp/ch.elf.zl1fHV.ltrans0.ltrans.o
 *fill*         0x0000000020000954        0x4 
 .bss.ch0       0x0000000020000958      0x8f8 /tmp/ch.elf.zl1fHV.ltrans0.ltrans.o
 *fill*         0x0000000020001250       0x10 
 .bss.ch_c0_idle_thread_wa
                0x0000000020001260      0x100 /tmp/ch.elf.zl1fHV.ltrans0.ltrans.o
 .bss.ch_memcore
                0x0000000020001360        0x8 /tmp/ch.elf.zl1fHV.ltrans0.ltrans.o
 .bss.default_heap
                0x0000000020001368       0x24 /tmp/ch.elf.zl1fHV.ltrans0.ltrans.o
 .bss.ch_factory
                0x000000002000138c       0x48 /tmp/ch.elf.zl1fHV.ltrans0.ltrans.o
 .bss.samples1  0x00000000200013d4      0x100 /tmp/ch.elf.zl1fHV.ltrans0.ltrans.o
 .bss.nx        0x00000000200014d4        0x4 /tmp/ch.elf.zl1fHV.ltrans0.ltrans.o
 .bss.ny        0x00000000200014d8        0x4 /tmp/ch.elf.zl1fHV.ltrans0.ltrans.o
 *fill*         0x00000000200014dc        0x4 
 .bss.waThread1
                0x00000000200014e0      0x1a0 /tmp/ch.elf.zl1fHV.ltrans0.ltrans.o
 *(COMMON)
                0x0000000020001680                . = ALIGN (0x4)
                0x0000000020001680                __bss_end__ = .
                [!provide]                        PROVIDE (end = .)
                0x0000000020010000                __ram0_base__ = ORIGIN (ram0)
                0x0000000000040000                __ram0_size__ = LENGTH (ram0)
                0x0000000020050000                __ram0_end__ = (__ram0_base__ + __ram0_size__)
                0x0000000020010000                __ram1_base__ = ORIGIN (ram1)
                0x000000000003c000                __ram1_size__ = LENGTH (ram1)
                0x000000002004c000                __ram1_end__ = (__ram1_base__ + __ram1_size__)
                0x000000002004c000                __ram2_base__ = ORIGIN (ram2)
                0x0000000000004000                __ram2_size__ = LENGTH (ram2)
                0x0000000020050000                __ram2_end__ = (__ram2_base__ + __ram2_size__)
                0x0000000020000000                __ram3_base__ = ORIGIN (ram3)
                0x0000000000010000                __ram3_size__ = LENGTH (ram3)
                0x0000000020010000                __ram3_end__ = (__ram3_base__ + __ram3_size__)
                0x0000000000000000                __ram4_base__ = ORIGIN (ram4)
                0x0000000000004000                __ram4_size__ = LENGTH (ram4)
                0x0000000000004000                __ram4_end__ = (__ram4_base__ + __ram4_size__)
                0x0000000040024000                __ram5_base__ = ORIGIN (ram5)
                0x0000000000001000                __ram5_size__ = LENGTH (ram5)
                0x0000000040025000                __ram5_end__ = (__ram5_base__ + __ram5_size__)
                0x0000000000000000                __ram6_base__ = ORIGIN (ram6)
                0x0000000000000000                __ram6_size__ = LENGTH (ram6)
                0x0000000000000000                __ram6_end__ = (__ram6_base__ + __ram6_size__)
                0x0000000000000000                __ram7_base__ = ORIGIN (ram7)
                0x0000000000000000                __ram7_size__ = LENGTH (ram7)
                0x0000000000000000                __ram7_end__ = (__ram7_base__ + __ram7_size__)
                0x0000000008000000                __flash0_base__ = ORIGIN (flash0)
                0x0000000000100000                __flash0_size__ = LENGTH (flash0)
                0x0000000008100000                __flash0_end__ = (__flash0_base__ + __flash0_size__)
                0x0000000000200000                __flash1_base__ = ORIGIN (flash1)
                0x0000000000100000                __flash1_size__ = LENGTH (flash1)
                0x0000000000300000                __flash1_end__ = (__flash1_base__ + __flash1_size__)
                0x0000000000000000                __flash2_base__ = ORIGIN (flash2)
                0x0000000000000000                __flash2_size__ = LENGTH (flash2)
                0x0000000000000000                __flash2_end__ = (__flash2_base__ + __flash2_size__)
                0x0000000000000000                __flash3_base__ = ORIGIN (flash3)
                0x0000000000000000                __flash3_size__ = LENGTH (flash3)
                0x0000000000000000                __flash3_end__ = (__flash3_base__ + __flash3_size__)
                0x0000000000000000                __flash4_base__ = ORIGIN (flash4)
                0x0000000000000000                __flash4_size__ = LENGTH (flash4)
                0x0000000000000000                __flash4_end__ = (__flash4_base__ + __flash4_size__)
                0x0000000000000000                __flash5_base__ = ORIGIN (flash5)
                0x0000000000000000                __flash5_size__ = LENGTH (flash5)
                0x0000000000000000                __flash5_end__ = (__flash5_base__ + __flash5_size__)
                0x0000000000000000                __flash6_base__ = ORIGIN (flash6)
                0x0000000000000000                __flash6_size__ = LENGTH (flash6)
                0x0000000000000000                __flash6_end__ = (__flash6_base__ + __flash6_size__)
                0x0000000000000000                __flash7_base__ = ORIGIN (flash7)
                0x0000000000000000                __flash7_size__ = LENGTH (flash7)
                0x0000000000000000                __flash7_end__ = (__flash7_base__ + __flash7_size__)

.ram0_init      0x0000000020010000        0x0 load address 0x0000000008006664
                0x0000000008006664                __ram0_init_text__ = LOADADDR (.ram0_init)
                0x0000000020010000                __ram0_init__ = .
 *(.ram0_init)
 *(.ram0_init.*)
                0x0000000020010000                . = ALIGN (0x4)

.ram0           0x0000000020010000        0x0 load address 0x0000000008006664
                0x0000000020010000                __ram0_clear__ = .
 *(.ram0_clear)
 *(.ram0_clear.*)
                0x0000000020010000                . = ALIGN (0x4)
                0x0000000020010000                __ram0_noinit__ = .
 *(.ram0)
 *(.ram0.*)
                0x0000000020010000                . = ALIGN (0x4)
                0x0000000020010000                __ram0_free__ = .

.ram1_init      0x0000000020010000        0x0 load address 0x0000000008006664
                0x0000000008006664                __ram1_init_text__ = LOADADDR (.ram1_init)
                0x0000000020010000                __ram1_init__ = .
 *(.ram1_init)
 *(.ram1_init.*)
                0x0000000020010000                . = ALIGN (0x4)

.ram1           0x0000000020010000        0x0 load address 0x0000000008006664
                0x0000000020010000                __ram1_clear__ = .
 *(.ram1_clear)
 *(.ram1_clear.*)
                0x0000000020010000                . = ALIGN (0x4)
                0x0000000020010000                __ram1_noinit__ = .
 *(.ram1)
 *(.ram1.*)
                0x0000000020010000                . = ALIGN (0x4)
                0x0000000020010000                __ram1_free__ = .

.ram2_init      0x000000002004c000        0x0 load address 0x0000000008006664
                0x0000000008006664                __ram2_init_text__ = LOADADDR (.ram2_init)
                0x000000002004c000                __ram2_init__ = .
 *(.ram2_init)
 *(.ram2_init.*)
                0x000000002004c000                . = ALIGN (0x4)

.ram2           0x000000002004c000        0x0 load address 0x0000000008006664
                0x000000002004c000                __ram2_clear__ = .
 *(.ram2_clear)
 *(.ram2_clear.*)
                0x000000002004c000                . = ALIGN (0x4)
                0x000000002004c000                __ram2_noinit__ = .
 *(.ram2)
 *(.ram2.*)
                0x000000002004c000                . = ALIGN (0x4)
                0x000000002004c000                __ram2_free__ = .

.ram3_init      0x0000000020001680        0x0 load address 0x0000000008006664
                0x0000000008006664                __ram3_init_text__ = LOADADDR (.ram3_init)
                0x0000000020001680                __ram3_init__ = .
 *(.ram3_init)
 *(.ram3_init.*)
                0x0000000020001680                . = ALIGN (0x4)

.ram3           0x0000000020001680        0x0 load address 0x0000000008006664
                0x0000000020001680                __ram3_clear__ = .
 *(.ram3_clear)
 *(.ram3_clear.*)
                0x0000000020001680                . = ALIGN (0x4)
                0x0000000020001680                __ram3_noinit__ = .
 *(.ram3)
 *(.ram3.*)
                0x0000000020001680                . = ALIGN (0x4)
                0x0000000020001680                __ram3_free__ = .

.ram4_init      0x0000000000000000        0x0 load address 0x0000000008006664
                0x0000000008006664                __ram4_init_text__ = LOADADDR (.ram4_init)
                0x0000000000000000                __ram4_init__ = .
 *(.ram4_init)
 *(.ram4_init.*)
                0x0000000000000000                . = ALIGN (0x4)

.ram4           0x0000000000000000        0x0 load address 0x0000000008006664
                0x0000000000000000                __ram4_clear__ = .
 *(.ram4_clear)
 *(.ram4_clear.*)
                0x0000000000000000                . = ALIGN (0x4)
                0x0000000000000000                __ram4_noinit__ = .
 *(.ram4)
 *(.ram4.*)
                0x0000000000000000                . = ALIGN (0x4)
                0x0000000000000000                __ram4_free__ = .

.ram5_init      0x0000000040024000        0x0 load address 0x0000000008006664
                0x0000000008006664                __ram5_init_text__ = LOADADDR (.ram5_init)
                0x0000000040024000                __ram5_init__ = .
 *(.ram5_init)
 *(.ram5_init.*)
                0x0000000040024000                . = ALIGN (0x4)

.ram5           0x0000000040024000        0x0 load address 0x0000000008006664
                0x0000000040024000                __ram5_clear__ = .
 *(.ram5_clear)
 *(.ram5_clear.*)
                0x0000000040024000                . = ALIGN (0x4)
                0x0000000040024000                __ram5_noinit__ = .
 *(.ram5)
 *(.ram5.*)
                0x0000000040024000                . = ALIGN (0x4)
                0x0000000040024000                __ram5_free__ = .

.ram6_init      0x0000000000000000        0x0 load address 0x0000000008006664
                0x0000000008006664                __ram6_init_text__ = LOADADDR (.ram6_init)
                0x0000000000000000                __ram6_init__ = .
 *(.ram6_init)
 *(.ram6_init.*)
                0x0000000000000000                . = ALIGN (0x4)

.ram6           0x0000000000000000        0x0 load address 0x0000000008006664
                0x0000000000000000                __ram6_clear__ = .
 *(.ram6_clear)
 *(.ram6_clear.*)
                0x0000000000000000                . = ALIGN (0x4)
                0x0000000000000000                __ram6_noinit__ = .
 *(.ram6)
 *(.ram6.*)
                0x0000000000000000                . = ALIGN (0x4)
                0x0000000000000000                __ram6_free__ = .

.ram7_init      0x0000000000000000        0x0 load address 0x0000000008006664
                0x0000000008006664                __ram7_init_text__ = LOADADDR (.ram7_init)
                0x0000000000000000                __ram7_init__ = .
 *(.ram7_init)
 *(.ram7_init.*)
                0x0000000000000000                . = ALIGN (0x4)

.ram7           0x0000000000000000        0x0 load address 0x0000000008006664
                0x0000000000000000                __ram7_clear__ = .
 *(.ram7_clear)
 *(.ram7_clear.*)
                0x0000000000000000                . = ALIGN (0x4)
                0x0000000000000000                __ram7_noinit__ = .
 *(.ram7)
 *(.ram7.*)
                0x0000000000000000                . = ALIGN (0x4)
                0x0000000000000000                __ram7_free__ = .

.flash0         0x0000000008006664        0x0
                0x0000000008006664                __flash0_init__ = .
 *(.flash0_init)
 *(.flash0_init.*)
                0x0000000008006664                __flash0_free__ = .

.flash1         0x0000000000205ec8        0x0
                0x0000000000205ec8                __flash1_init__ = .
 *(.flash1_init)
 *(.flash1_init.*)
                0x0000000000205ec8                __flash1_free__ = .

.flash2         0x0000000000000000        0x0
                0x0000000000000000                __flash2_init__ = .
 *(.flash2_init)
 *(.flash2_init.*)
                0x0000000000000000                __flash2_free__ = .

.flash3         0x0000000000000000        0x0
                0x0000000000000000                __flash3_init__ = .
 *(.flash3_init)
 *(.flash3_init.*)
                0x0000000000000000                __flash3_free__ = .

.flash4         0x0000000000000000        0x0
                0x0000000000000000                __flash4_init__ = .
 *(.flash4_init)
 *(.flash4_init.*)
                0x0000000000000000                __flash4_free__ = .

.flash5         0x0000000000000000        0x0
                0x0000000000000000                __flash5_init__ = .
 *(.flash5_init)
 *(.flash5_init.*)
                0x0000000000000000                __flash5_free__ = .

.flash6         0x0000000000000000        0x0
                0x0000000000000000                __flash6_init__ = .
 *(.flash6_init)
 *(.flash6_init.*)
                0x0000000000000000                __flash6_free__ = .

.flash7         0x0000000000000000        0x0
                0x0000000000000000                __flash7_init__ = .
 *(.flash7_init)
 *(.flash7_init.*)
                0x0000000000000000                __flash7_free__ = .

.heap           0x0000000020010000    0x40000
                0x0000000020010000                . = ALIGN (0x8)
                0x0000000020010000                __heap_base__ = .
                0x0000000020050000                . = (ORIGIN (HEAP_RAM) + LENGTH (HEAP_RAM))
 *fill*         0x0000000020010000    0x40000 
                0x0000000020050000                __heap_end__ = .
                0x0000000000000400                __process_stack_size__ = 0x400
                0x0000000000000400                __main_stack_size__ = 0x400
START GROUP
LOAD /opt/gcc-arm-none-eabi-10-2020-q4-major/bin/../lib/gcc/arm-none-eabi/10.2.1/thumb/v7e-m/nofp/libgcc.a
LOAD /opt/gcc-arm-none-eabi-10-2020-q4-major/bin/../lib/gcc/arm-none-eabi/10.2.1/../../../../arm-none-eabi/lib/thumb/v7e-m/nofp/libg.a
LOAD /opt/gcc-arm-none-eabi-10-2020-q4-major/bin/../lib/gcc/arm-none-eabi/10.2.1/../../../../arm-none-eabi/lib/thumb/v7e-m/nofp/libc.a
END GROUP
OUTPUT(build/ch.elf elf32-littlearm)
LOAD linker stubs

.ARM.attributes
                0x0000000000000000       0x2f
 .ARM.attributes
                0x0000000000000000       0x21 build/obj/crt0_v7m.o
 .ARM.attributes
                0x0000000000000021       0x21 build/obj/vectors.o
 .ARM.attributes
                0x0000000000000042       0x21 build/obj/chcoreasm.o
 .ARM.attributes
                0x0000000000000063       0x2c /tmp/ch.elf.zl1fHV.ltrans0.ltrans.o
 .ARM.attributes
                0x000000000000008f       0x1c /opt/gcc-arm-none-eabi-10-2020-q4-major/bin/../lib/gcc/arm-none-eabi/10.2.1/../../../../arm-none-eabi/lib/thumb/v7e-m/nofp/libg.a(lib_a-memcpy.o)

.comment        0x0000000000000000       0x4d
 .comment       0x0000000000000000       0x4d /tmp/ch.elf.zl1fHV.ltrans0.ltrans.o
                                         0x4e (size before relaxing)

.debug_line     0x0000000000000000    0x1162f
 .debug_line    0x0000000000000000       0xca build/obj/crt0_v7m.o
 .debug_line    0x00000000000000ca       0x72 build/obj/vectors.o
 .debug_line    0x000000000000013c       0x84 build/obj/chcoreasm.o
 .debug_line    0x00000000000001c0     0x9eb6 /tmp/ch.elf.zl1fHV.ltrans0.ltrans.o
 .debug_line    0x000000000000a076      0x152 /tmp/ccUjFuLM.debug.temp.o
 .debug_line    0x000000000000a1c8       0x88 /tmp/ccgFUF75.debug.temp.o
 .debug_line    0x000000000000a250       0x67 /tmp/ccOokoL5.debug.temp.o
 .debug_line    0x000000000000a2b7      0x185 /tmp/ccD7Lz9X.debug.temp.o
 .debug_line    0x000000000000a43c      0x2c2 /tmp/ccbbTwOp.debug.temp.o
 .debug_line    0x000000000000a6fe      0x2df /tmp/ccKWiiV8.debug.temp.o
 .debug_line    0x000000000000a9dd      0x2dd /tmp/ccgExuRY.debug.temp.o
 .debug_line    0x000000000000acba      0x381 /tmp/ccQl6y9q.debug.temp.o
 .debug_line    0x000000000000b03b      0x2c7 /tmp/cctQ4AG3.debug.temp.o
 .debug_line    0x000000000000b302      0x1a8 /tmp/ccOYjL8E.debug.temp.o
 .debug_line    0x000000000000b4aa      0x372 /tmp/ccNyJ3QI.debug.temp.o
 .debug_line    0x000000000000b81c      0x1bf /tmp/ccYoKD98.debug.temp.o
 .debug_line    0x000000000000b9db      0x137 /tmp/ccawt51D.debug.temp.o
 .debug_line    0x000000000000bb12      0x620 /tmp/ccy7tRVX.debug.temp.o