Archive member included to satisfy reference by file (symbol)

/opt/gcc-arm-none-eabi-10-2020-q4-major/bin/../lib/gcc/arm-none-eabi/10.2.1/thumb/v7e-m/nofp/libgcc.a(_aeabi_uldivmod.o)
                              /tmp/ch.elf.GV3txf.ltrans0.ltrans.o (__aeabi_uldivmod)
/opt/gcc-arm-none-eabi-10-2020-q4-major/bin/../lib/gcc/arm-none-eabi/10.2.1/thumb/v7e-m/nofp/libgcc.a(_udivmoddi4.o)
                              /opt/gcc-arm-none-eabi-10-2020-q4-major/bin/../lib/gcc/arm-none-eabi/10.2.1/thumb/v7e-m/nofp/libgcc.a(_aeabi_uldivmod.o) (__udivmoddi4)
/opt/gcc-arm-none-eabi-10-2020-q4-major/bin/../lib/gcc/arm-none-eabi/10.2.1/thumb/v7e-m/nofp/libgcc.a(_dvmd_tls.o)
                              /opt/gcc-arm-none-eabi-10-2020-q4-major/bin/../lib/gcc/arm-none-eabi/10.2.1/thumb/v7e-m/nofp/libgcc.a(_aeabi_uldivmod.o) (__aeabi_ldiv0)
/opt/gcc-arm-none-eabi-10-2020-q4-major/bin/../lib/gcc/arm-none-eabi/10.2.1/../../../../arm-none-eabi/lib/thumb/v7e-m/nofp/libg.a(lib_a-memcpy.o)
                              /tmp/ch.elf.GV3txf.ltrans0.ltrans.o (memcpy)
/opt/gcc-arm-none-eabi-10-2020-q4-major/bin/../lib/gcc/arm-none-eabi/10.2.1/../../../../arm-none-eabi/lib/thumb/v7e-m/nofp/libg.a(lib_a-memset.o)
                              /tmp/ch.elf.GV3txf.ltrans0.ltrans.o (memset)
/opt/gcc-arm-none-eabi-10-2020-q4-major/bin/../lib/gcc/arm-none-eabi/10.2.1/../../../../arm-none-eabi/lib/thumb/v7e-m/nofp/libg.a(lib_a-strcmp.o)
                              /tmp/ch.elf.GV3txf.ltrans0.ltrans.o (strcmp)
/opt/gcc-arm-none-eabi-10-2020-q4-major/bin/../lib/gcc/arm-none-eabi/10.2.1/../../../../arm-none-eabi/lib/thumb/v7e-m/nofp/libg.a(lib_a-strncmp.o)
                              /tmp/ch.elf.GV3txf.ltrans0.ltrans.o (strncmp)

Discarded input sections

 .data          0x0000000000000000        0x0 build/obj/crt0_v7m.o
 .bss           0x0000000000000000        0x0 build/obj/crt0_v7m.o
 .data          0x0000000000000000        0x0 build/obj/vectors.o
 .bss           0x0000000000000000        0x0 build/obj/vectors.o
 .data          0x0000000000000000        0x0 build/obj/chcoreasm.o
 .bss           0x0000000000000000        0x0 build/obj/chcoreasm.o
 .text          0x0000000000000000        0x0 /tmp/ch.elf.GV3txf.ltrans0.ltrans.o
 .data          0x0000000000000000        0x0 /tmp/ch.elf.GV3txf.ltrans0.ltrans.o
 .bss           0x0000000000000000        0x0 /tmp/ch.elf.GV3txf.ltrans0.ltrans.o
 .text.__bo_objinit_impl
                0x0000000000000000       0x18 /tmp/ch.elf.GV3txf.ltrans0.ltrans.o
 .text.__bo_dispose_impl
                0x0000000000000000       0x10 /tmp/ch.elf.GV3txf.ltrans0.ltrans.o
 .text.st_lld_get_alarm
                0x0000000000000000        0xc /tmp/ch.elf.GV3txf.ltrans0.ltrans.o
 .text.stGetAlarm
                0x0000000000000000       0x2c /tmp/ch.elf.GV3txf.ltrans0.ltrans.o
 .rodata.__func__.0.lto_priv.0
                0x0000000000000000        0xb /tmp/ch.elf.GV3txf.ltrans0.ltrans.o
 .text.osalEventBroadcastFlagsI.lto_priv.0
                0x0000000000000000       0x18 /tmp/ch.elf.GV3txf.ltrans0.ltrans.o
 .text.bsIncomingDataI
                0x0000000000000000       0x6c /tmp/ch.elf.GV3txf.ltrans0.ltrans.o
 .text.bsRequestDataI
                0x0000000000000000       0x50 /tmp/ch.elf.GV3txf.ltrans0.ltrans.o
 .rodata.__func__.1.lto_priv.1
                0x0000000000000000       0x10 /tmp/ch.elf.GV3txf.ltrans0.ltrans.o
 .rodata.__func__.0.lto_priv.1
                0x0000000000000000        0xf /tmp/ch.elf.GV3txf.ltrans0.ltrans.o
 .text.chSysLock.lto_priv.0
                0x0000000000000000       0x28 /tmp/ch.elf.GV3txf.ltrans0.ltrans.o
 .text.chSysUnlock.lto_priv.0
                0x0000000000000000       0x5c /tmp/ch.elf.GV3txf.ltrans0.ltrans.o
 .text.osalSysLock.lto_priv.0
                0x0000000000000000        0xc /tmp/ch.elf.GV3txf.ltrans0.ltrans.o
 .text.osalSysUnlock.lto_priv.0
                0x0000000000000000        0xc /tmp/ch.elf.GV3txf.ltrans0.ltrans.o
 .text.osalThreadQueueObjectInit.lto_priv.0
                0x0000000000000000       0x14 /tmp/ch.elf.GV3txf.ltrans0.ltrans.o
 .text.osalThreadEnqueueTimeoutS.lto_priv.0
                0x0000000000000000       0x1c /tmp/ch.elf.GV3txf.ltrans0.ltrans.o
 .text.osalThreadDequeueNextI.lto_priv.0
                0x0000000000000000       0x18 /tmp/ch.elf.GV3txf.ltrans0.ltrans.o
 .text.osalThreadDequeueAllI.lto_priv.0
                0x0000000000000000       0x18 /tmp/ch.elf.GV3txf.ltrans0.ltrans.o
 .text.ibqObjectInit
                0x0000000000000000       0xbc /tmp/ch.elf.GV3txf.ltrans0.ltrans.o
 .text.ibqResetI
                0x0000000000000000       0x40 /tmp/ch.elf.GV3txf.ltrans0.ltrans.o
 .text.ibqGetEmptyBufferI
                0x0000000000000000       0x40 /tmp/ch.elf.GV3txf.ltrans0.ltrans.o
 .text.ibqPostFullBufferI
                0x0000000000000000       0xac /tmp/ch.elf.GV3txf.ltrans0.ltrans.o
 .text.ibqGetFullBufferTimeout
                0x0000000000000000       0x24 /tmp/ch.elf.GV3txf.ltrans0.ltrans.o
 .text.ibqGetFullBufferTimeoutS
[...]
Memory Configuration

Name             Origin             Length             Attributes
flash0           0x0000000008000000 0x0000000000100000 xr
flash1           0x0000000000200000 0x0000000000100000 xr
flash2           0x0000000000000000 0x0000000000000000 xr
flash3           0x0000000000000000 0x0000000000000000 xr
flash4           0x0000000000000000 0x0000000000000000 xr
flash5           0x0000000000000000 0x0000000000000000 xr
flash6           0x0000000000000000 0x0000000000000000 xr
flash7           0x0000000000000000 0x0000000000000000 xr
ram0             0x0000000020010000 0x0000000000040000 xw
ram1             0x0000000020010000 0x000000000003c000 xw
ram2             0x000000002004c000 0x0000000000004000 xw
ram3             0x0000000020000000 0x0000000000010000 xw
ram4             0x0000000000000000 0x0000000000004000 xw
ram5             0x0000000040024000 0x0000000000001000 xw
ram6             0x0000000000000000 0x0000000000000000 xw
ram7             0x0000000000000000 0x0000000000000000 xw
*default*        0x0000000000000000 0xffffffffffffffff

Linker script and memory map

LOAD build/obj/crt0_v7m.o
LOAD build/obj/vectors.o
LOAD build/obj/chcoreasm.o
LOAD build/obj/crt1.o
LOAD /tmp/ch.elf.GV3txf.ltrans0.ltrans.o
LOAD /tmp/cc2QzVX0.debug.temp.o
LOAD /tmp/cc2YYvRY.debug.temp.o
LOAD /tmp/ccIwkU3o.debug.temp.o
LOAD /tmp/ccC0aJUz.debug.temp.o
LOAD /tmp/cc408Ilt.debug.temp.o
LOAD /tmp/cc2yrAiA.debug.temp.o
LOAD /tmp/ccTYDH0U.debug.temp.o
LOAD /tmp/cctj2Yrr.debug.temp.o
LOAD /tmp/cccAGrv1.debug.temp.o
LOAD /tmp/cc3BJrgm.debug.temp.o
LOAD /tmp/ccgMKQ3N.debug.temp.o
LOAD /tmp/ccUM04DX.debug.temp.o
LOAD /tmp/cchYD8OY.debug.temp.o
LOAD /tmp/ccqmDiHZ.debug.temp.o
LOAD /tmp/ccf0RMuR.debug.temp.o
LOAD /tmp/ccy2ul3D.debug.temp.o
LOAD /tmp/ccg6GWYb.debug.temp.o
LOAD /tmp/ccUhsn4g.debug.temp.o
LOAD /tmp/ccI9yeSF.debug.temp.o
LOAD /tmp/cciBrdHM.debug.temp.o
LOAD /tmp/ccwypZ6B.debug.temp.o
LOAD /tmp/ccxqM1DM.debug.temp.o
LOAD /tmp/ccT3L6ax.debug.temp.o
LOAD /tmp/ccHcVoub.debug.temp.o
LOAD /tmp/cckDFblo.debug.temp.o
LOAD /tmp/cc602Orx.debug.temp.o
LOAD /tmp/ccCYN2ZN.debug.temp.o
LOAD /tmp/ccBDLhRA.debug.temp.o
LOAD /tmp/ccdwEFW7.debug.temp.o
LOAD /tmp/cc40wQY7.debug.temp.o
LOAD /tmp/ccd5tl0A.debug.temp.o
LOAD /tmp/ccrMEUEe.debug.temp.o
LOAD /tmp/ccaDyLi3.debug.temp.o
LOAD /tmp/ccbRNqCS.debug.temp.o
LOAD /tmp/cc63gFqt.debug.temp.o
LOAD /tmp/ccuILQCl.debug.temp.o
LOAD /tmp/ccv6lPdE.debug.temp.o
LOAD /tmp/ccJ3FXWN.debug.temp.o
LOAD /tmp/ccqGofa3.debug.temp.o
LOAD /tmp/ccF5x4oA.debug.temp.o
LOAD /tmp/cceYt4t0.debug.temp.o
LOAD /tmp/ccVMI5H3.debug.temp.o
LOAD /tmp/ccxyD2Bw.debug.temp.o
LOAD /tmp/ccI0Vcu2.debug.temp.o
LOAD /tmp/ccgNFTKz.debug.temp.o
LOAD /tmp/ccxRxZFi.debug.temp.o
LOAD /tmp/ccbt2rzZ.debug.temp.o
LOAD /tmp/cc0k3yBH.debug.temp.o
LOAD /tmp/ccUxSNMk.debug.temp.o
LOAD /tmp/ccFIqxAK.debug.temp.o
LOAD /tmp/ccHQrIYu.debug.temp.o
LOAD /tmp/ccBYtiaR.debug.temp.o
LOAD /tmp/ccN6E4UI.debug.temp.o
LOAD build/obj/oop_base_object.o
LOAD build/obj/hal.o
LOAD build/obj/hal_st.o
LOAD build/obj/hal_buffered_serial.o
LOAD build/obj/hal_buffers.o
LOAD build/obj/hal_queues.o
LOAD build/obj/hal_mmcsd.o
LOAD build/obj/hal_icu.o
LOAD build/obj/hal_pal.o
LOAD build/obj/hal_pwm.o
LOAD build/obj/hal_serial.o
LOAD build/obj/hal_flash.o
LOAD build/obj/nvic.o
LOAD build/obj/stm32_isr.o
LOAD build/obj/hal_lld.o
LOAD build/obj/hal_efl_lld.o
LOAD build/obj/stm32_dma.o
LOAD build/obj/stm32_exti.o
LOAD build/obj/hal_pal_lld.o
LOAD build/obj/hal_st_lld.o
LOAD build/obj/hal_icu_lld.o
LOAD build/obj/hal_pwm_lld.o
LOAD build/obj/hal_serial_lld.o
LOAD build/obj/board.o
LOAD build/obj/osal.o
LOAD build/obj/chsys.o
LOAD build/obj/chrfcu.o
LOAD build/obj/chdebug.o
LOAD build/obj/chtrace.o
LOAD build/obj/chvt.o
LOAD build/obj/chschd.o
LOAD build/obj/chinstances.o
LOAD build/obj/chthreads.o
LOAD build/obj/chtm.o
LOAD build/obj/chregistry.o
LOAD build/obj/chsem.o
LOAD build/obj/chmtx.o
LOAD build/obj/chcond.o
LOAD build/obj/chevents.o
LOAD build/obj/chmsg.o
LOAD build/obj/chdynamic.o
LOAD build/obj/chmemchecks.o
LOAD build/obj/chmboxes.o
LOAD build/obj/chmemcore.o
LOAD build/obj/chmemheaps.o
LOAD build/obj/chmempools.o
LOAD build/obj/chpipes.o
LOAD build/obj/chobjcaches.o
LOAD build/obj/chdelegates.o
LOAD build/obj/chfactory.o
LOAD build/obj/chcore.o
LOAD build/obj/main.o

.mstack         0x0000000020000000      0x400
                0x0000000020000000                . = ALIGN (0x8)
                0x0000000020000000                __main_stack_base__ = .
                0x0000000020000400                . = (. + __main_stack_size__)
 *fill*         0x0000000020000000      0x400 
                0x0000000020000400                . = ALIGN (0x8)
                0x0000000020000400                __main_stack_end__ = .

.pstack         0x0000000020000400      0x400
                0x0000000020000400                . = ALIGN (0x8)
                0x0000000020000400                __process_stack_base__ = .
                0x0000000020000400                __main_thread_stack_base__ = .
                0x0000000020000800                . = (. + __process_stack_size__)
 *fill*         0x0000000020000400      0x400 
                0x0000000020000800                . = ALIGN (0x8)
                0x0000000020000800                __process_stack_end__ = .
                0x0000000020000800                __main_thread_stack_end__ = .

.nocache        0x0000000020000800        0x0
                0x0000000020000800                __nocache_base__ = .
 *(.nocache)
 *(.nocache.*)
 *(.bss.__nocache_*)
                0x0000000020000800                . = ALIGN (0x4)
                0x0000000020000800                __nocache_end__ = .

.eth            0x0000000020000800        0x0
                0x0000000020000800                __eth_base__ = .
 *(.eth)
 *(.eth.*)
 *(.bss.__eth_*)
                0x0000000020000800                . = ALIGN (0x4)
                0x0000000020000800                __eth_end__ = .

.vectors        0x0000000000200000      0x200 load address 0x0000000008000000
                0x0000000008000000                __textvectors_base__ = LOADADDR (.vectors)
                0x0000000000200000                __vectors_base__ = .
 *(.vectors)
 .vectors       0x0000000000200000      0x200 build/obj/vectors.o
                0x0000000000200000                _vectors
                0x0000000000200200                __vectors_end__ = .

.xtors          0x0000000000200200        0x0 load address 0x0000000008000200
                0x0000000000200200                __init_array_base__ = .
 *(SORT_BY_NAME(.init_array.*))
 *(.init_array)
                0x0000000000200200                __init_array_end__ = .
                0x0000000000200200                __fini_array_base__ = .
 *(.fini_array)
 *(SORT_BY_NAME(.fini_array.*))
                0x0000000000200200                __fini_array_end__ = .

.text           0x0000000000200200     0x43e8 load address 0x0000000008000200
                0x0000000000200200                __text_base__ = .
 *(.text)
 .text          0x0000000000200200       0xd8 build/obj/crt0_v7m.o
                0x0000000000200200                _crt0_entry
 .text          0x00000000002002d8        0x8 build/obj/vectors.o
                0x00000000002002d8                Reset_Handler
                0x00000000002002da                Vector58
                0x00000000002002da                VectorE8
                0x00000000002002da                Vector9C
                0x00000000002002da                DebugMon_Handler
                0x00000000002002da                Vector1A0
                0x00000000002002da                Vector5C
                0x00000000002002da                Vector11C
                0x00000000002002da                HardFault_Handler
                0x00000000002002da                Vector1B8
                0x00000000002002da                Vector1F0
                0x00000000002002da                Vector19C
                0x00000000002002da                Vector1EC
                0x00000000002002da                Vector8C
                0x00000000002002da                SysTick_Handler
                0x00000000002002da                VectorDC
                0x00000000002002da                PendSV_Handler
                0x00000000002002da                Vector168
                0x00000000002002da                NMI_Handler
                0x00000000002002da                Vector110
                0x00000000002002da                Vector120
                0x00000000002002da                Vector1D8
                0x00000000002002da                Vector1F4
                0x00000000002002da                VectorC8
                0x00000000002002da                Vector94
                0x00000000002002da                VectorB4
                0x00000000002002da                Vector1FC
                0x00000000002002da                Vector74
                0x00000000002002da                Vector160
                0x00000000002002da                Vector1B0
                0x00000000002002da                UsageFault_Handler
                0x00000000002002da                VectorEC
                0x00000000002002da                Vector40
                0x00000000002002da                VectorF8
                0x00000000002002da                VectorBC
                0x00000000002002da                Vector190
                0x00000000002002da                Vector1E0
                0x00000000002002da                Vector150
                0x00000000002002da                Vector1F8
                0x00000000002002da                Vector124
                0x00000000002002da                Vector1C4
                0x00000000002002da                Vector1CC
                0x00000000002002da                Vector1E4
                0x00000000002002da                Vector148
                0x00000000002002da                Vector188
                0x00000000002002da                Vector198
                0x00000000002002da                Vector118
                0x00000000002002da                Vector64
                0x00000000002002da                VectorCC
                0x00000000002002da                Vector54
                0x00000000002002da                Vector98
                0x00000000002002da                VectorD8
                0x00000000002002da                Vector138
                0x00000000002002da                Vector24
                0x00000000002002da                Vector1AC
                0x00000000002002da                Vector178
                0x00000000002002da                Vector84
                0x00000000002002da                SecureFault_Handler
                0x00000000002002da                Vector1A4
                0x00000000002002da                VectorD0
                0x00000000002002da                Vector1B4
                0x00000000002002da                Vector140
                0x00000000002002da                VectorE4
                0x00000000002002da                VectorC0
                0x00000000002002da                Vector158
                0x00000000002002da                Vector130
                0x00000000002002da                Vector1C0
                0x00000000002002da                Vector134
                0x00000000002002da                Vector1D0
                0x00000000002002da                VectorF0
                0x00000000002002da                Vector12C
                0x00000000002002da                Vector13C
                0x00000000002002da                Vector100
                0x00000000002002da                VectorE0
                0x00000000002002da                VectorF4
                0x00000000002002da                MemManage_Handler
                0x00000000002002da                Vector6C
                0x00000000002002da                VectorC4
                0x00000000002002da                Vector7C
                0x00000000002002da                Vector180
                0x00000000002002da                Vector90
                0x00000000002002da                Vector114
                0x00000000002002da                Vector164
                0x00000000002002da                Vector60
                0x00000000002002da                Vector1BC
                0x00000000002002da                Vector1D4
                0x00000000002002da                Vector17C
                0x00000000002002da                Vector48
                0x00000000002002da                Vector1A8
                0x00000000002002da                Vector16C
                0x00000000002002da                Vector70
                0x00000000002002da                Vector4C
                0x00000000002002da                Vector144
                0x00000000002002da                Vector80
                0x00000000002002da                Vector15C
                0x00000000002002da                Vector68
                0x00000000002002da                Vector78
                0x00000000002002da                Vector1E8
                0x00000000002002da                Vector170
                0x00000000002002da                Vector88
                0x00000000002002da                Vector104
                0x00000000002002da                Vector184
                0x00000000002002da                Vector10C
                0x00000000002002da                Vector14C
                0x00000000002002da                BusFault_Handler
                0x00000000002002da                Vector50
                0x00000000002002da                Vector1C8
                0x00000000002002da                Vector194
                0x00000000002002da                Vector1DC
                0x00000000002002da                Vector154
                0x00000000002002da                Vector44
                0x00000000002002da                Vector28
                0x00000000002002da                VectorB8
                0x00000000002002da                VectorFC
                0x00000000002002da                Vector34
                0x00000000002002da                Vector128
                0x00000000002002da                Vector20
                0x00000000002002da                Vector18C
                0x00000000002002da                Vector174
                0x00000000002002de                _unhandled_exception
 .text          0x00000000002002e0       0x36 build/obj/chcoreasm.o
                0x00000000002002e0                __port_switch
                0x00000000002002f0                __port_thread_start
                0x0000000000200306                __port_switch_from_isr
                0x0000000000200312                __port_exit_from_isr
 *fill*         0x0000000000200316        0x2 
 .text          0x0000000000200318      0x134 /opt/gcc-arm-none-eabi-10-2020-q4-major/bin/../lib/gcc/arm-none-eabi/10.2.1/../../../../arm-none-eabi/lib/thumb/v7e-m/nofp/libg.a(lib_a-memcpy.o)
                0x0000000000200318                memcpy
 *(.text.*)
 *fill*         0x000000000020044c        0x4 
 .text.SCB_EnableICache
                0x0000000000200450       0x40 /tmp/ch.elf.GV3txf.ltrans0.ltrans.o
 .text.SCB_InvalidateICache
                0x0000000000200490       0x28 /tmp/ch.elf.GV3txf.ltrans0.ltrans.o
 *fill*         0x00000000002004b8        0x8 
 .text.SCB_EnableDCache
                0x00000000002004c0       0x80 /tmp/ch.elf.GV3txf.ltrans0.ltrans.o
 .text.SCB_CleanDCache
                0x0000000000200540       0x6c /tmp/ch.elf.GV3txf.ltrans0.ltrans.o
 *fill*         0x00000000002005ac        0x4 
 .text.__cpu_init
                0x00000000002005b0       0x10 /tmp/ch.elf.GV3txf.ltrans0.ltrans.o
                0x00000000002005b0                __cpu_init
 .text.__late_init
                0x00000000002005c0        0x4 /tmp/ch.elf.GV3txf.ltrans0.ltrans.o
                0x00000000002005c0                __late_init
 *fill*         0x00000000002005c4        0xc 
 .text.__default_exit
                0x00000000002005d0        0x4 /tmp/ch.elf.GV3txf.ltrans0.ltrans.o
                0x00000000002005d0                __default_exit
 *fill*         0x00000000002005d4        0xc 
 .text.__init_ram_areas
                0x00000000002005e0       0x74 /tmp/ch.elf.GV3txf.ltrans0.ltrans.o
                0x00000000002005e0                __init_ram_areas
 *fill*         0x0000000000200654        0xc 
 .text.osalInit
                0x0000000000200660        0x4 /tmp/ch.elf.GV3txf.ltrans0.ltrans.o
 *fill*         0x0000000000200664        0xc 
 .text.halInit  0x0000000000200670       0x28 /tmp/ch.elf.GV3txf.ltrans0.ltrans.o
 *fill*         0x0000000000200698        0x8 
 .text.st_lld_get_counter
                0x00000000002006a0        0xc /tmp/ch.elf.GV3txf.ltrans0.ltrans.o
 *fill*         0x00000000002006ac        0x4 
 .text.st_lld_start_alarm
                0x00000000002006b0       0x20 /tmp/ch.elf.GV3txf.ltrans0.ltrans.o
 .text.st_lld_stop_alarm
                0x00000000002006d0       0x10 /tmp/ch.elf.GV3txf.ltrans0.ltrans.o
 .text.st_lld_set_alarm
                0x00000000002006e0       0x14 /tmp/ch.elf.GV3txf.ltrans0.ltrans.o
 *fill*         0x00000000002006f4        0xc 
 .text.st_lld_is_alarm_active
                0x0000000000200700       0x1c /tmp/ch.elf.GV3txf.ltrans0.ltrans.o
 *fill*         0x000000000020071c        0x4 
 .text.stInit   0x0000000000200720        0xc /tmp/ch.elf.GV3txf.ltrans0.ltrans.o
 *fill*         0x000000000020072c        0x4 
 .text.stGetCounter
                0x0000000000200730        0xc /tmp/ch.elf.GV3txf.ltrans0.ltrans.o
 *fill*         0x000000000020073c        0x4 
 .text.stStartAlarm
                0x0000000000200740       0x28 /tmp/ch.elf.GV3txf.ltrans0.ltrans.o
 *fill*         0x0000000000200768        0x8 
 .text.stStopAlarm
                0x0000000000200770        0xc /tmp/ch.elf.GV3txf.ltrans0.ltrans.o
 *fill*         0x000000000020077c        0x4 
 .text.stSetAlarm
                0x0000000000200780       0x30 /tmp/ch.elf.GV3txf.ltrans0.ltrans.o
 .text.stIsAlarmActive
                0x00000000002007b0        0xc /tmp/ch.elf.GV3txf.ltrans0.ltrans.o
 *fill*         0x00000000002007bc        0x4 
 .text.chSysLock.lto_priv.1
                0x00000000002007c0       0x28 /tmp/ch.elf.GV3txf.ltrans0.ltrans.o
 *fill*         0x00000000002007e8        0x8 
 .text.chSysUnlock.lto_priv.1
                0x00000000002007f0       0x5c /tmp/ch.elf.GV3txf.ltrans0.ltrans.o
 *fill*         0x000000000020084c        0x4 
 .text.osalSysLock.lto_priv.1
                0x0000000000200850        0xc /tmp/ch.elf.GV3txf.ltrans0.ltrans.o
 *fill*         0x000000000020085c        0x4 
 .text.osalSysUnlock.lto_priv.1
                0x0000000000200860        0xc /tmp/ch.elf.GV3txf.ltrans0.ltrans.o
 *fill*         0x000000000020086c        0x4 
 .text.osalThreadQueueObjectInit.lto_priv.1
                0x0000000000200870       0x14 /tmp/ch.elf.GV3txf.ltrans0.ltrans.o
 *fill*         0x0000000000200884        0xc 
 .text.osalThreadEnqueueTimeoutS.lto_priv.1
                0x0000000000200890       0x1c /tmp/ch.elf.GV3txf.ltrans0.ltrans.o
 *fill*         0x00000000002008ac        0x4 
 .text.osalThreadDequeueNextI.lto_priv.1
                0x00000000002008b0       0x18 /tmp/ch.elf.GV3txf.ltrans0.ltrans.o
 *fill*         0x00000000002008c8        0x8 
 .text.iq_read  0x00000000002008d0       0xd8 /tmp/ch.elf.GV3txf.ltrans0.ltrans.o
 *fill*         0x00000000002009a8        0x8 
 .text.oq_write
                0x00000000002009b0       0xd8 /tmp/ch.elf.GV3txf.ltrans0.ltrans.o
 *fill*         0x0000000000200a88        0x8 
 .text.iqObjectInit
                0x0000000000200a90       0x4c /tmp/ch.elf.GV3txf.ltrans0.ltrans.o
 *fill*         0x0000000000200adc        0x4 
 .text.iqPutI   0x0000000000200ae0       0x84 /tmp/ch.elf.GV3txf.ltrans0.ltrans.o
 *fill*         0x0000000000200b64        0xc 
 .text.iqGetTimeout
                0x0000000000200b70       0x80 /tmp/ch.elf.GV3txf.ltrans0.ltrans.o
 .text.iqReadTimeout
                0x0000000000200bf0       0x9c /tmp/ch.elf.GV3txf.ltrans0.ltrans.o
 *fill*         0x0000000000200c8c        0x4 
 .text.oqObjectInit
                0x0000000000200c90       0x4c /tmp/ch.elf.GV3txf.ltrans0.ltrans.o
 *fill*         0x0000000000200cdc        0x4 
 .text.oqPutTimeout
                0x0000000000200ce0       0x84 /tmp/ch.elf.GV3txf.ltrans0.ltrans.o
 *fill*         0x0000000000200d64        0xc 
 .text.oqGetI   0x0000000000200d70       0x80 /tmp/ch.elf.GV3txf.ltrans0.ltrans.o
 .text.oqWriteTimeout
                0x0000000000200df0       0x9c /tmp/ch.elf.GV3txf.ltrans0.ltrans.o
 *fill*         0x0000000000200e8c        0x4 
 .text.icuInit  0x0000000000200e90        0xc /tmp/ch.elf.GV3txf.ltrans0.ltrans.o
 *fill*         0x0000000000200e9c        0x4 
 .text.icuObjectInit
                0x0000000000200ea0       0x18 /tmp/ch.elf.GV3txf.ltrans0.ltrans.o
 *fill*         0x0000000000200eb8        0x8 
 .text.pwmInit  0x0000000000200ec0        0xc /tmp/ch.elf.GV3txf.ltrans0.ltrans.o
 *fill*         0x0000000000200ecc        0x4 
 .text.pwmObjectInit
                0x0000000000200ed0       0x24 /tmp/ch.elf.GV3txf.ltrans0.ltrans.o
 *fill*         0x0000000000200ef4        0xc 
 .text.osalEventObjectInit
                0x0000000000200f00       0x14 /tmp/ch.elf.GV3txf.ltrans0.ltrans.o
 *fill*         0x0000000000200f14        0xc 
 .text.osalEventBroadcastFlagsI.lto_priv.1
                0x0000000000200f20       0x18 /tmp/ch.elf.GV3txf.ltrans0.ltrans.o
 *fill*         0x0000000000200f38        0x8 
 .text._write   0x0000000000200f40       0x28 /tmp/ch.elf.GV3txf.ltrans0.ltrans.o
 *fill*         0x0000000000200f68        0x8 
 .text._read    0x0000000000200f70       0x28 /tmp/ch.elf.GV3txf.ltrans0.ltrans.o
 *fill*         0x0000000000200f98        0x8 
 .text._put     0x0000000000200fa0       0x28 /tmp/ch.elf.GV3txf.ltrans0.ltrans.o
 *fill*         0x0000000000200fc8        0x8 
 .text._get     0x0000000000200fd0       0x20 /tmp/ch.elf.GV3txf.ltrans0.ltrans.o
 .text._putt    0x0000000000200ff0       0x28 /tmp/ch.elf.GV3txf.ltrans0.ltrans.o
 *fill*         0x0000000000201018        0x8 
 .text._gett    0x0000000000201020       0x20 /tmp/ch.elf.GV3txf.ltrans0.ltrans.o
 .text._writet  0x0000000000201040       0x28 /tmp/ch.elf.GV3txf.ltrans0.ltrans.o
 *fill*         0x0000000000201068        0x8 
 .text._readt   0x0000000000201070       0x28 /tmp/ch.elf.GV3txf.ltrans0.ltrans.o
 *fill*         0x0000000000201098        0x8 
 .text._ctl     0x00000000002010a0       0x68 /tmp/ch.elf.GV3txf.ltrans0.ltrans.o
 *fill*         0x0000000000201108        0x8 
 .text.sdInit   0x0000000000201110        0xc /tmp/ch.elf.GV3txf.ltrans0.ltrans.o
 *fill*         0x000000000020111c        0x4 
 .text.sdObjectInit
                0x0000000000201120       0x28 /tmp/ch.elf.GV3txf.ltrans0.ltrans.o
 *fill*         0x0000000000201148        0x8 
 .text.sdIncomingDataI
                0x0000000000201150       0x6c /tmp/ch.elf.GV3txf.ltrans0.ltrans.o
 *fill*         0x00000000002011bc        0x4 
 .text.nvicEnableVector
                0x00000000002011c0       0x54 /tmp/ch.elf.GV3txf.ltrans0.ltrans.o
 *fill*         0x0000000000201214        0xc 
 .text.exti0_irq_init
                0x0000000000201220        0x4 /tmp/ch.elf.GV3txf.ltrans0.ltrans.o
 *fill*         0x0000000000201224        0xc 
 .text.exti1_irq_init
                0x0000000000201230        0x4 /tmp/ch.elf.GV3txf.ltrans0.ltrans.o
 *fill*         0x0000000000201234        0xc 
 .text.exti2_irq_init
                0x0000000000201240        0x4 /tmp/ch.elf.GV3txf.ltrans0.ltrans.o
 *fill*         0x0000000000201244        0xc 
 .text.exti3_irq_init
                0x0000000000201250        0x4 /tmp/ch.elf.GV3txf.ltrans0.ltrans.o
 *fill*         0x0000000000201254        0xc 
 .text.exti4_irq_init
                0x0000000000201260        0x4 /tmp/ch.elf.GV3txf.ltrans0.ltrans.o
 *fill*         0x0000000000201264        0xc 
 .text.exti5_9_irq_init
                0x0000000000201270        0x4 /tmp/ch.elf.GV3txf.ltrans0.ltrans.o
 *fill*         0x0000000000201274        0xc 
 .text.exti10_15_irq_init
                0x0000000000201280        0x4 /tmp/ch.elf.GV3txf.ltrans0.ltrans.o
 *fill*         0x0000000000201284        0xc 
 .text.exti16_irq_init
                0x0000000000201290        0x4 /tmp/ch.elf.GV3txf.ltrans0.ltrans.o
 *fill*         0x0000000000201294        0xc 
 .text.exti17_irq_init
                0x00000000002012a0        0x4 /tmp/ch.elf.GV3txf.ltrans0.ltrans.o
 *fill*         0x00000000002012a4        0xc 
 .text.exti18_irq_init
                0x00000000002012b0        0x4 /tmp/ch.elf.GV3txf.ltrans0.ltrans.o
 *fill*         0x00000000002012b4        0xc 
 .text.exti19_irq_init
                0x00000000002012c0        0x4 /tmp/ch.elf.GV3txf.ltrans0.ltrans.o
 *fill*         0x00000000002012c4        0xc 
 .text.exti20_irq_init
                0x00000000002012d0        0x4 /tmp/ch.elf.GV3txf.ltrans0.ltrans.o
 *fill*         0x00000000002012d4        0xc 
 .text.exti21_irq_init
                0x00000000002012e0        0x4 /tmp/ch.elf.GV3txf.ltrans0.ltrans.o
 *fill*         0x00000000002012e4        0xc 
 .text.exti22_irq_init
                0x00000000002012f0        0x4 /tmp/ch.elf.GV3txf.ltrans0.ltrans.o
 *fill*         0x00000000002012f4        0xc 
 .text.exti23_irq_init
                0x0000000000201300        0x4 /tmp/ch.elf.GV3txf.ltrans0.ltrans.o
 *fill*         0x0000000000201304        0xc 
 .text.usart1_irq_init
                0x0000000000201310       0x10 /tmp/ch.elf.GV3txf.ltrans0.ltrans.o
 .text.VectorD4
                0x0000000000201320       0x2c /tmp/ch.elf.GV3txf.ltrans0.ltrans.o
                0x0000000000201320                VectorD4
 *fill*         0x000000000020134c        0x4 
 .text.usart2_irq_init
                0x0000000000201350        0x4 /tmp/ch.elf.GV3txf.ltrans0.ltrans.o
 *fill*         0x0000000000201354        0xc 
 .text.usart3_irq_init
                0x0000000000201360        0x4 /tmp/ch.elf.GV3txf.ltrans0.ltrans.o
 *fill*         0x0000000000201364        0xc 
 .text.uart4_irq_init
                0x0000000000201370        0x4 /tmp/ch.elf.GV3txf.ltrans0.ltrans.o
 *fill*         0x0000000000201374        0xc 
 .text.uart5_irq_init
                0x0000000000201380        0x4 /tmp/ch.elf.GV3txf.ltrans0.ltrans.o
 *fill*         0x0000000000201384        0xc 
 .text.usart6_irq_init
                0x0000000000201390        0x4 /tmp/ch.elf.GV3txf.ltrans0.ltrans.o
 *fill*         0x0000000000201394        0xc 
 .text.uart7_irq_init
                0x00000000002013a0        0x4 /tmp/ch.elf.GV3txf.ltrans0.ltrans.o
 *fill*         0x00000000002013a4        0xc 
 .text.uart8_irq_init
                0x00000000002013b0        0x4 /tmp/ch.elf.GV3txf.ltrans0.ltrans.o
 *fill*         0x00000000002013b4        0xc 
 .text.tim1_tim9_tim10_tim11_irq_init
                0x00000000002013c0       0x28 /tmp/ch.elf.GV3txf.ltrans0.ltrans.o
 *fill*         0x00000000002013e8        0x8 
 .text.VectorA0
                0x00000000002013f0       0x24 /tmp/ch.elf.GV3txf.ltrans0.ltrans.o
                0x00000000002013f0                VectorA0
 *fill*         0x0000000000201414        0xc 
 .text.VectorA4
                0x0000000000201420       0x2c /tmp/ch.elf.GV3txf.ltrans0.ltrans.o
                0x0000000000201420                VectorA4
 *fill*         0x000000000020144c        0x4 
 .text.VectorA8
                0x0000000000201450       0x24 /tmp/ch.elf.GV3txf.ltrans0.ltrans.o
                0x0000000000201450                VectorA8
 *fill*         0x0000000000201474        0xc 
 .text.VectorAC
                0x0000000000201480       0x2c /tmp/ch.elf.GV3txf.ltrans0.ltrans.o
                0x0000000000201480                VectorAC
 *fill*         0x00000000002014ac        0x4 
 .text.tim2_irq_init
                0x00000000002014b0       0x10 /tmp/ch.elf.GV3txf.ltrans0.ltrans.o
 .text.VectorB0
                0x00000000002014c0       0x2c /tmp/ch.elf.GV3txf.ltrans0.ltrans.o
                0x00000000002014c0                VectorB0
 *fill*         0x00000000002014ec        0x4 
 .text.tim3_irq_init
                0x00000000002014f0        0x4 /tmp/ch.elf.GV3txf.ltrans0.ltrans.o
 *fill*         0x00000000002014f4        0xc 
 .text.tim4_irq_init
                0x0000000000201500        0x4 /tmp/ch.elf.GV3txf.ltrans0.ltrans.o
 *fill*         0x0000000000201504        0xc 
 .text.tim5_irq_init
                0x0000000000201510       0x10 /tmp/ch.elf.GV3txf.ltrans0.ltrans.o
 .text.Vector108
                0x0000000000201520       0x28 /tmp/ch.elf.GV3txf.ltrans0.ltrans.o
                0x0000000000201520                Vector108
 *fill*         0x0000000000201548        0x8 
 .text.tim6_irq_init
                0x0000000000201550        0x4 /tmp/ch.elf.GV3txf.ltrans0.ltrans.o
 *fill*         0x0000000000201554        0xc 
 .text.tim7_irq_init
                0x0000000000201560        0x4 /tmp/ch.elf.GV3txf.ltrans0.ltrans.o
 *fill*         0x0000000000201564        0xc 
 .text.tim8_tim12_tim13_tim14_irq_init
                0x0000000000201570        0x4 /tmp/ch.elf.GV3txf.ltrans0.ltrans.o
 *fill*         0x0000000000201574        0xc 
 .text.irqInit  0x0000000000201580       0x84 /tmp/ch.elf.GV3txf.ltrans0.ltrans.o
 *fill*         0x0000000000201604        0xc 
 .text.hal_lld_backup_domain_init
                0x0000000000201610       0x5c /tmp/ch.elf.GV3txf.ltrans0.ltrans.o
 *fill*         0x000000000020166c        0x4 
 .text.hal_lld_init
                0x0000000000201670       0x84 /tmp/ch.elf.GV3txf.ltrans0.ltrans.o
 *fill*         0x00000000002016f4        0xc 
 .text.stm32_clock_init
                0x0000000000201700      0x158 /tmp/ch.elf.GV3txf.ltrans0.ltrans.o
 *fill*         0x0000000000201858        0x8 
 .text._pal_lld_init
                0x0000000000201860        0x4 /tmp/ch.elf.GV3txf.ltrans0.ltrans.o
 *fill*         0x0000000000201864        0xc 
 .text._pal_lld_setgroupmode
                0x0000000000201870      0x16c /tmp/ch.elf.GV3txf.ltrans0.ltrans.o
 *fill*         0x00000000002019dc        0x4 
 .text.chSysLockFromISR.lto_priv.0
                0x00000000002019e0       0x28 /tmp/ch.elf.GV3txf.ltrans0.ltrans.o
 *fill*         0x0000000000201a08        0x8 
 .text.chSysUnlockFromISR.lto_priv.0
                0x0000000000201a10       0x20 /tmp/ch.elf.GV3txf.ltrans0.ltrans.o
 .text.osalSysLockFromISR.lto_priv.0
                0x0000000000201a30        0xc /tmp/ch.elf.GV3txf.ltrans0.ltrans.o
 *fill*         0x0000000000201a3c        0x4 
 .text.osalSysUnlockFromISR.lto_priv.0
                0x0000000000201a40        0xc /tmp/ch.elf.GV3txf.ltrans0.ltrans.o
 *fill*         0x0000000000201a4c        0x4 
 .text.osalOsTimerHandlerI
                0x0000000000201a50        0xc /tmp/ch.elf.GV3txf.ltrans0.ltrans.o
 *fill*         0x0000000000201a5c        0x4 
 .text.st_lld_init
                0x0000000000201a60       0x6c /tmp/ch.elf.GV3txf.ltrans0.ltrans.o
 *fill*         0x0000000000201acc        0x4 
 .text.st_lld_serve_interrupt
                0x0000000000201ad0       0x44 /tmp/ch.elf.GV3txf.ltrans0.ltrans.o
 *fill*         0x0000000000201b14        0xc 
 .text.icu_lld_init
                0x0000000000201b20       0x18 /tmp/ch.elf.GV3txf.ltrans0.ltrans.o
 *fill*         0x0000000000201b38        0x8 
 .text.icu_lld_serve_interrupt
                0x0000000000201b40       0xf8 /tmp/ch.elf.GV3txf.ltrans0.ltrans.o
 *fill*         0x0000000000201c38        0x8 
 .text.pwm_lld_init
                0x0000000000201c40       0x28 /tmp/ch.elf.GV3txf.ltrans0.ltrans.o
 *fill*         0x0000000000201c68        0x8 
 .text.pwm_lld_serve_interrupt
                0x0000000000201c70       0xc4 /tmp/ch.elf.GV3txf.ltrans0.ltrans.o
 *fill*         0x0000000000201d34        0xc 
 .text.chSysLockFromISR.lto_priv.1
                0x0000000000201d40       0x28 /tmp/ch.elf.GV3txf.ltrans0.ltrans.o
 *fill*         0x0000000000201d68        0x8 
 .text.chSysUnlockFromISR.lto_priv.1
                0x0000000000201d70       0x20 /tmp/ch.elf.GV3txf.ltrans0.ltrans.o
 .text.osalSysLockFromISR.lto_priv.1
                0x0000000000201d90        0xc /tmp/ch.elf.GV3txf.ltrans0.ltrans.o
 *fill*         0x0000000000201d9c        0x4 
 .text.osalSysUnlockFromISR.lto_priv.1
                0x0000000000201da0        0xc /tmp/ch.elf.GV3txf.ltrans0.ltrans.o
 *fill*         0x0000000000201dac        0x4 
 .text.osalEventBroadcastFlagsI.lto_priv.2
                0x0000000000201db0       0x18 /tmp/ch.elf.GV3txf.ltrans0.ltrans.o
 *fill*         0x0000000000201dc8        0x8 
 .text.set_error
                0x0000000000201dd0       0x70 /tmp/ch.elf.GV3txf.ltrans0.ltrans.o
 .text.notify1  0x0000000000201e40       0x1c /tmp/ch.elf.GV3txf.ltrans0.ltrans.o
 *fill*         0x0000000000201e5c        0x4 
 .text.sd_lld_init
                0x0000000000201e60       0x60 /tmp/ch.elf.GV3txf.ltrans0.ltrans.o
 .text.sd_lld_serve_interrupt
                0x0000000000201ec0      0x13c /tmp/ch.elf.GV3txf.ltrans0.ltrans.o
 *fill*         0x0000000000201ffc        0x4 
 .text.gpio_init
                0x0000000000202000       0x44 /tmp/ch.elf.GV3txf.ltrans0.ltrans.o
 *fill*         0x0000000000202044        0xc 
 .text.stm32_gpio_init
                0x0000000000202050       0xfc /tmp/ch.elf.GV3txf.ltrans0.ltrans.o
 *fill*         0x000000000020214c        0x4 
 .text.__early_init
                0x0000000000202150       0x10 /tmp/ch.elf.GV3txf.ltrans0.ltrans.o
                0x0000000000202150                __early_init
 .text.boardInit
                0x0000000000202160        0x4 /tmp/ch.elf.GV3txf.ltrans0.ltrans.o
 *fill*         0x0000000000202164        0xc 
 .text.__tm_calibration_object_init
                0x0000000000202170       0x44 /tmp/ch.elf.GV3txf.ltrans0.ltrans.o
 *fill*         0x00000000002021b4        0xc 
 .text.chSysUnlock.lto_priv.6
                0x00000000002021c0       0x5c /tmp/ch.elf.GV3txf.ltrans0.ltrans.o
 *fill*         0x000000000020221c        0x4 
 .text.__oslib_init
                0x0000000000202220       0x14 /tmp/ch.elf.GV3txf.ltrans0.ltrans.o
 *fill*         0x0000000000202234        0xc 
 .text.chSysInit
                0x0000000000202240       0x5c /tmp/ch.elf.GV3txf.ltrans0.ltrans.o
 *fill*         0x000000000020229c        0x4 
 .text.chSysHalt
                0x00000000002022a0       0x2c /tmp/ch.elf.GV3txf.ltrans0.ltrans.o
 *fill*         0x00000000002022cc        0x4 
 .text.chSysGetIdleThreadX
                0x00000000002022d0       0x38 /tmp/ch.elf.GV3txf.ltrans0.ltrans.o
 *fill*         0x0000000000202308        0x8 
 .text.chSysTimerHandlerI
                0x0000000000202310       0x10 /tmp/ch.elf.GV3txf.ltrans0.ltrans.o
 .text.chRFCUCollectFaultsI
                0x0000000000202320       0x1c /tmp/ch.elf.GV3txf.ltrans0.ltrans.o
 *fill*         0x000000000020233c        0x4 
 .text.__dbg_check_lock
                0x0000000000202340       0x50 /tmp/ch.elf.GV3txf.ltrans0.ltrans.o
                0x0000000000202340                __dbg_check_lock
 .text.__dbg_check_unlock
                0x0000000000202390       0x50 /tmp/ch.elf.GV3txf.ltrans0.ltrans.o
                0x0000000000202390                __dbg_check_unlock
 .text.__dbg_check_lock_from_isr
                0x00000000002023e0       0x50 /tmp/ch.elf.GV3txf.ltrans0.ltrans.o
 .text.__dbg_check_unlock_from_isr
                0x0000000000202430       0x50 /tmp/ch.elf.GV3txf.ltrans0.ltrans.o
 .text.__dbg_check_enter_isr
                0x0000000000202480       0x78 /tmp/ch.elf.GV3txf.ltrans0.ltrans.o
 *fill*         0x00000000002024f8        0x8 
 .text.__dbg_check_leave_isr
                0x0000000000202500       0x7c /tmp/ch.elf.GV3txf.ltrans0.ltrans.o
 *fill*         0x000000000020257c        0x4 
 .text.chDbgCheckClassI
                0x0000000000202580       0x40 /tmp/ch.elf.GV3txf.ltrans0.ltrans.o
 .text.chDbgCheckClassS
                0x00000000002025c0       0x48 /tmp/ch.elf.GV3txf.ltrans0.ltrans.o
 *fill*         0x0000000000202608        0x8 
 .text.port_timer_get_time.lto_priv.0
                0x0000000000202610        0xc /tmp/ch.elf.GV3txf.ltrans0.ltrans.o
 *fill*         0x000000000020261c        0x4 
 .text.chVTGetSystemTimeX.lto_priv.0
                0x0000000000202620        0xc /tmp/ch.elf.GV3txf.ltrans0.ltrans.o
 *fill*         0x000000000020262c        0x4 
 .text.trace_next
                0x0000000000202630       0x60 /tmp/ch.elf.GV3txf.ltrans0.ltrans.o
 .text.__trace_object_init
                0x0000000000202690       0x4c /tmp/ch.elf.GV3txf.ltrans0.ltrans.o
 *fill*         0x00000000002026dc        0x4 
 .text.__trace_ready
                0x00000000002026e0       0x6c /tmp/ch.elf.GV3txf.ltrans0.ltrans.o
 *fill*         0x000000000020274c        0x4 
 .text.__trace_switch
                0x0000000000202750       0x6c /tmp/ch.elf.GV3txf.ltrans0.ltrans.o
 *fill*         0x00000000002027bc        0x4 
 .text.__trace_isr_enter
                0x00000000002027c0       0x7c /tmp/ch.elf.GV3txf.ltrans0.ltrans.o
 *fill*         0x000000000020283c        0x4 
 .text.__trace_isr_leave
                0x0000000000202840       0x7c /tmp/ch.elf.GV3txf.ltrans0.ltrans.o
 *fill*         0x00000000002028bc        0x4 
 .text.__trace_halt
                0x00000000002028c0       0x54 /tmp/ch.elf.GV3txf.ltrans0.ltrans.o
 *fill*         0x0000000000202914        0xc 
 .text.chTimeAddX
                0x0000000000202920       0x14 /tmp/ch.elf.GV3txf.ltrans0.ltrans.o
 *fill*         0x0000000000202934        0xc 
 .text.chTimeDiffX.lto_priv.0
                0x0000000000202940       0x14 /tmp/ch.elf.GV3txf.ltrans0.ltrans.o
 *fill*         0x0000000000202954        0xc 
 .text.ch_dlist_isempty
                0x0000000000202960       0x1c /tmp/ch.elf.GV3txf.ltrans0.ltrans.o
 *fill*         0x000000000020297c        0x4 
 .text.ch_dlist_isfirst
                0x0000000000202980       0x1c /tmp/ch.elf.GV3txf.ltrans0.ltrans.o
 *fill*         0x000000000020299c        0x4 
 .text.ch_dlist_insert_after
                0x00000000002029a0       0x34 /tmp/ch.elf.GV3txf.ltrans0.ltrans.o
 *fill*         0x00000000002029d4        0xc 
 .text.ch_dlist_insert_before
                0x00000000002029e0       0x34 /tmp/ch.elf.GV3txf.ltrans0.ltrans.o
 *fill*         0x0000000000202a14        0xc 
 .text.ch_dlist_insert
                0x0000000000202a20       0x78 /tmp/ch.elf.GV3txf.ltrans0.ltrans.o
 *fill*         0x0000000000202a98        0x8 
 .text.ch_dlist_remove_first
                0x0000000000202aa0       0x24 /tmp/ch.elf.GV3txf.ltrans0.ltrans.o
 *fill*         0x0000000000202ac4        0xc 
 .text.ch_dlist_dequeue
                0x0000000000202ad0       0x20 /tmp/ch.elf.GV3txf.ltrans0.ltrans.o
 .text.port_timer_start_alarm
                0x0000000000202af0       0x14 /tmp/ch.elf.GV3txf.ltrans0.ltrans.o
 *fill*         0x0000000000202b04        0xc 
 .text.port_timer_stop_alarm
                0x0000000000202b10        0xc /tmp/ch.elf.GV3txf.ltrans0.ltrans.o
 *fill*         0x0000000000202b1c        0x4 
 .text.port_timer_set_alarm
                0x0000000000202b20       0x14 /tmp/ch.elf.GV3txf.ltrans0.ltrans.o
 *fill*         0x0000000000202b34        0xc 
 .text.port_timer_get_time.lto_priv.1
                0x0000000000202b40        0xc /tmp/ch.elf.GV3txf.ltrans0.ltrans.o
 *fill*         0x0000000000202b4c        0x4 
 .text.chSysLockFromISR.lto_priv.3
                0x0000000000202b50       0x28 /tmp/ch.elf.GV3txf.ltrans0.ltrans.o
 *fill*         0x0000000000202b78        0x8 
 .text.chSysUnlockFromISR.lto_priv.3
                0x0000000000202b80       0x20 /tmp/ch.elf.GV3txf.ltrans0.ltrans.o
 .text.chVTGetSystemTimeX.lto_priv.1
                0x0000000000202ba0        0xc /tmp/ch.elf.GV3txf.ltrans0.ltrans.o
 *fill*         0x0000000000202bac        0x4 
 .text.chVTIsArmedI.lto_priv.0
                0x0000000000202bb0       0x20 /tmp/ch.elf.GV3txf.ltrans0.ltrans.o
 .text.vt_set_alarm
                0x0000000000202bd0       0x80 /tmp/ch.elf.GV3txf.ltrans0.ltrans.o
 .text.vt_insert_first
                0x0000000000202c50       0xa4 /tmp/ch.elf.GV3txf.ltrans0.ltrans.o
 *fill*         0x0000000000202cf4        0xc 
 .text.vt_enqueue
                0x0000000000202d00       0x78 /tmp/ch.elf.GV3txf.ltrans0.ltrans.o
 *fill*         0x0000000000202d78        0x8 
 .text.chVTDoSetI
                0x0000000000202d80       0x80 /tmp/ch.elf.GV3txf.ltrans0.ltrans.o
 .text.chVTDoResetI
                0x0000000000202e00       0xfc /tmp/ch.elf.GV3txf.ltrans0.ltrans.o
 *fill*         0x0000000000202efc        0x4 
 .text.chVTDoTickI
                0x0000000000202f00      0x14c /tmp/ch.elf.GV3txf.ltrans0.ltrans.o
 *fill*         0x000000000020304c        0x4 
 .text.ch_queue_dequeue.lto_priv.0
                0x0000000000203050       0x20 /tmp/ch.elf.GV3txf.ltrans0.ltrans.o
 .text.ch_pqueue_remove_highest
                0x0000000000203070       0x24 /tmp/ch.elf.GV3txf.ltrans0.ltrans.o
 *fill*         0x0000000000203094        0xc 
 .text.ch_pqueue_insert_behind
                0x00000000002030a0       0x48 /tmp/ch.elf.GV3txf.ltrans0.ltrans.o
 *fill*         0x00000000002030e8        0x8 
 .text.ch_pqueue_insert_ahead
                0x00000000002030f0       0x48 /tmp/ch.elf.GV3txf.ltrans0.ltrans.o
 *fill*         0x0000000000203138        0x8 
 .text.chSysLockFromISR.lto_priv.4
                0x0000000000203140       0x28 /tmp/ch.elf.GV3txf.ltrans0.ltrans.o
 *fill*         0x0000000000203168        0x8 
 .text.chSysUnlockFromISR.lto_priv.4
                0x0000000000203170       0x20 /tmp/ch.elf.GV3txf.ltrans0.ltrans.o
 .text.chVTIsArmedI.lto_priv.1
                0x0000000000203190       0x20 /tmp/ch.elf.GV3txf.ltrans0.ltrans.o
 .text.chSemFastSignalI.lto_priv.0
                0x00000000002031b0       0x1c /tmp/ch.elf.GV3txf.ltrans0.ltrans.o
 *fill*         0x00000000002031cc        0x4 
 .text.__sch_ready_behind
                0x00000000002031d0       0x64 /tmp/ch.elf.GV3txf.ltrans0.ltrans.o
 *fill*         0x0000000000203234        0xc 
 .text.__sch_ready_ahead
                0x0000000000203240       0x64 /tmp/ch.elf.GV3txf.ltrans0.ltrans.o
 *fill*         0x00000000002032a4        0xc 
 .text.__sch_wakeup
                0x00000000002032b0       0x94 /tmp/ch.elf.GV3txf.ltrans0.ltrans.o
 *fill*         0x0000000000203344        0xc 
 .text.chSchReadyI
                0x0000000000203350       0x38 /tmp/ch.elf.GV3txf.ltrans0.ltrans.o
 *fill*         0x0000000000203388        0x8 
 .text.chSchGoSleepS
                0x0000000000203390       0xb0 /tmp/ch.elf.GV3txf.ltrans0.ltrans.o
 .text.chSchGoSleepTimeoutS
                0x0000000000203440       0x70 /tmp/ch.elf.GV3txf.ltrans0.ltrans.o
 .text.chSchIsPreemptionRequired
                0x00000000002034b0       0x34 /tmp/ch.elf.GV3txf.ltrans0.ltrans.o
 *fill*         0x00000000002034e4        0xc 
 .text.chSchDoPreemption
                0x00000000002034f0       0x6c /tmp/ch.elf.GV3txf.ltrans0.ltrans.o
                0x00000000002034f0                chSchDoPreemption
 *fill*         0x000000000020355c        0x4 
 .text.__rfcu_object_init
                0x0000000000203560       0x10 /tmp/ch.elf.GV3txf.ltrans0.ltrans.o
 .text.__dbg_object_init
                0x0000000000203570       0x1c /tmp/ch.elf.GV3txf.ltrans0.ltrans.o
 *fill*         0x000000000020358c        0x4 
 .text.ch_queue_init.lto_priv.0
                0x0000000000203590       0x18 /tmp/ch.elf.GV3txf.ltrans0.ltrans.o
 *fill*         0x00000000002035a8        0x8 
 .text.ch_queue_insert.lto_priv.0
                0x00000000002035b0       0x28 /tmp/ch.elf.GV3txf.ltrans0.ltrans.o
 *fill*         0x00000000002035d8        0x8 
 .text.ch_pqueue_init
                0x00000000002035e0       0x1c /tmp/ch.elf.GV3txf.ltrans0.ltrans.o
 *fill*         0x00000000002035fc        0x4 
 .text.ch_dlist_init
                0x0000000000203600       0x20 /tmp/ch.elf.GV3txf.ltrans0.ltrans.o
 .text.port_timer_get_time.lto_priv.2
                0x0000000000203620        0xc /tmp/ch.elf.GV3txf.ltrans0.ltrans.o
 *fill*         0x000000000020362c        0x4 
 .text.chVTGetSystemTimeX.lto_priv.2
                0x0000000000203630        0xc /tmp/ch.elf.GV3txf.ltrans0.ltrans.o
 *fill*         0x000000000020363c        0x4 
 .text.__vt_object_init
                0x0000000000203640       0x34 /tmp/ch.elf.GV3txf.ltrans0.ltrans.o
 *fill*         0x0000000000203674        0xc 
 .text.__reg_object_init
                0x0000000000203680       0x18 /tmp/ch.elf.GV3txf.ltrans0.ltrans.o
 *fill*         0x0000000000203698        0x8 
 .text.__idle_thread
                0x00000000002036a0        0x8 /tmp/ch.elf.GV3txf.ltrans0.ltrans.o
 *fill*         0x00000000002036a8        0x8 
 .text.chInstanceObjectInit
                0x00000000002036b0      0x128 /tmp/ch.elf.GV3txf.ltrans0.ltrans.o
 *fill*         0x00000000002037d8        0x8 
 .text.ch_list_init
                0x00000000002037e0       0x10 /tmp/ch.elf.GV3txf.ltrans0.ltrans.o
 .text.ch_list_notempty
                0x00000000002037f0       0x1c /tmp/ch.elf.GV3txf.ltrans0.ltrans.o
 *fill*         0x000000000020380c        0x4 
 .text.ch_list_unlink
                0x0000000000203810       0x1c /tmp/ch.elf.GV3txf.ltrans0.ltrans.o
 *fill*         0x000000000020382c        0x4 
 .text.ch_queue_init.lto_priv.1
                0x0000000000203830       0x18 /tmp/ch.elf.GV3txf.ltrans0.ltrans.o
 *fill*         0x0000000000203848        0x8 
 .text.ch_queue_notempty.lto_priv.0
                0x0000000000203850       0x1c /tmp/ch.elf.GV3txf.ltrans0.ltrans.o
 *fill*         0x000000000020386c        0x4 
 .text.ch_queue_insert.lto_priv.1
                0x0000000000203870       0x28 /tmp/ch.elf.GV3txf.ltrans0.ltrans.o
 *fill*         0x0000000000203898        0x8 
 .text.ch_queue_fifo_remove.lto_priv.0
                0x00000000002038a0       0x24 /tmp/ch.elf.GV3txf.ltrans0.ltrans.o
 *fill*         0x00000000002038c4        0xc 
 .text.ch_queue_dequeue.lto_priv.1
                0x00000000002038d0       0x20 /tmp/ch.elf.GV3txf.ltrans0.ltrans.o
 .text.chSysLock.lto_priv.8
                0x00000000002038f0       0x28 /tmp/ch.elf.GV3txf.ltrans0.ltrans.o
 *fill*         0x0000000000203918        0x8 
 .text.chSysUnlock.lto_priv.8
                0x0000000000203920       0x5c /tmp/ch.elf.GV3txf.ltrans0.ltrans.o
 *fill*         0x000000000020397c        0x4 
 .text.chThdGetSelfX.lto_priv.0
                0x0000000000203980        0xc /tmp/ch.elf.GV3txf.ltrans0.ltrans.o
 *fill*         0x000000000020398c        0x4 
 .text.chThdSleepS
                0x0000000000203990       0x30 /tmp/ch.elf.GV3txf.ltrans0.ltrans.o
 .text.chThdDoDequeueNextI
                0x00000000002039c0       0x5c /tmp/ch.elf.GV3txf.ltrans0.ltrans.o
 *fill*         0x0000000000203a1c        0x4 
 .text.__thd_stackfill
                0x0000000000203a20       0x2c /tmp/ch.elf.GV3txf.ltrans0.ltrans.o
 *fill*         0x0000000000203a4c        0x4 
 .text.chThdObjectInit
                0x0000000000203a50       0xc8 /tmp/ch.elf.GV3txf.ltrans0.ltrans.o
 *fill*         0x0000000000203b18        0x8 
 .text.chThdSpawnSuspendedI
                0x0000000000203b20      0x120 /tmp/ch.elf.GV3txf.ltrans0.ltrans.o
 .text.chThdSpawnRunningI
                0x0000000000203c40       0x24 /tmp/ch.elf.GV3txf.ltrans0.ltrans.o
 *fill*         0x0000000000203c64        0xc 
 .text.chThdExit
                0x0000000000203c70       0x18 /tmp/ch.elf.GV3txf.ltrans0.ltrans.o
                0x0000000000203c70                chThdExit
 *fill*         0x0000000000203c88        0x8 
 .text.chThdExitS
                0x0000000000203c90       0x74 /tmp/ch.elf.GV3txf.ltrans0.ltrans.o
 *fill*         0x0000000000203d04        0xc 
 .text.chThdSleep
                0x0000000000203d10       0x1c /tmp/ch.elf.GV3txf.ltrans0.ltrans.o
 *fill*         0x0000000000203d2c        0x4 
 .text.chThdQueueObjectInit
                0x0000000000203d30       0x30 /tmp/ch.elf.GV3txf.ltrans0.ltrans.o
 .text.chThdEnqueueTimeoutS
                0x0000000000203d60       0x40 /tmp/ch.elf.GV3txf.ltrans0.ltrans.o
 .text.chThdDequeueNextI
                0x0000000000203da0       0x28 /tmp/ch.elf.GV3txf.ltrans0.ltrans.o
 *fill*         0x0000000000203dc8        0x8 
 .text.tm_stop  0x0000000000203dd0       0x70 /tmp/ch.elf.GV3txf.ltrans0.ltrans.o
 .text.chTMObjectInit
                0x0000000000203e40       0x34 /tmp/ch.elf.GV3txf.ltrans0.ltrans.o
 *fill*         0x0000000000203e74        0xc 
 .text.chTMStartMeasurementX
                0x0000000000203e80       0x18 /tmp/ch.elf.GV3txf.ltrans0.ltrans.o
 *fill*         0x0000000000203e98        0x8 
 .text.chTMStopMeasurementX
                0x0000000000203ea0       0x28 /tmp/ch.elf.GV3txf.ltrans0.ltrans.o
 *fill*         0x0000000000203ec8        0x8 
 .text.ch_queue_init.lto_priv.3
                0x0000000000203ed0       0x18 /tmp/ch.elf.GV3txf.ltrans0.ltrans.o
 *fill*         0x0000000000203ee8        0x8 
 .text.chMtxObjectInit
                0x0000000000203ef0       0x38 /tmp/ch.elf.GV3txf.ltrans0.ltrans.o
 *fill*         0x0000000000203f28        0x8 
 .text.chEvtObjectInit
                0x0000000000203f30       0x30 /tmp/ch.elf.GV3txf.ltrans0.ltrans.o
 .text.chEvtSignalI
                0x0000000000203f60       0x78 /tmp/ch.elf.GV3txf.ltrans0.ltrans.o
 *fill*         0x0000000000203fd8        0x8 
 .text.chEvtBroadcastFlagsI
                0x0000000000203fe0       0x74 /tmp/ch.elf.GV3txf.ltrans0.ltrans.o
 *fill*         0x0000000000204054        0xc 
 .text.chSysLock.lto_priv.17
                0x0000000000204060       0x28 /tmp/ch.elf.GV3txf.ltrans0.ltrans.o
 *fill*         0x0000000000204088        0x8 
 .text.chSysUnlock.lto_priv.17
                0x0000000000204090       0x5c /tmp/ch.elf.GV3txf.ltrans0.ltrans.o
 *fill*         0x00000000002040ec        0x4 
 .text.__core_init
                0x00000000002040f0       0x1c /tmp/ch.elf.GV3txf.ltrans0.ltrans.o
 *fill*         0x000000000020410c        0x4 
 .text.chCoreAllocFromTopI
                0x0000000000204110       0x8c /tmp/ch.elf.GV3txf.ltrans0.ltrans.o
 *fill*         0x000000000020419c        0x4 
 .text.chCoreAllocFromTop
                0x00000000002041a0       0x28 /tmp/ch.elf.GV3txf.ltrans0.ltrans.o
 *fill*         0x00000000002041c8        0x8 
 .text.chCoreGetStatusX
                0x00000000002041d0       0x28 /tmp/ch.elf.GV3txf.ltrans0.ltrans.o
 *fill*         0x00000000002041f8        0x8 
 .text.__heap_init
                0x0000000000204200       0x34 /tmp/ch.elf.GV3txf.ltrans0.ltrans.o
 *fill*         0x0000000000204234        0xc 
 .text.chPoolObjectInitAligned
                0x0000000000204240       0xac /tmp/ch.elf.GV3txf.ltrans0.ltrans.o
 *fill*         0x00000000002042ec        0x4 
 .text.chCoreAllocAlignedI
                0x00000000002042f0       0x1c /tmp/ch.elf.GV3txf.ltrans0.ltrans.o
 *fill*         0x000000000020430c        0x4 
 .text.chPoolObjectInit
                0x0000000000204310       0x20 /tmp/ch.elf.GV3txf.ltrans0.ltrans.o
 .text.dyn_list_init
                0x0000000000204330       0x10 /tmp/ch.elf.GV3txf.ltrans0.ltrans.o
 .text.__factory_init
                0x0000000000204340       0x6c /tmp/ch.elf.GV3txf.ltrans0.ltrans.o
 *fill*         0x00000000002043ac        0x4 
 .text.__NVIC_SetPriorityGrouping
                0x00000000002043b0       0x40 /tmp/ch.elf.GV3txf.ltrans0.ltrans.o
 .text.__NVIC_SetPriority
                0x00000000002043f0       0x50 /tmp/ch.elf.GV3txf.ltrans0.ltrans.o
 .text.SVC_Handler
                0x0000000000204440       0x34 /tmp/ch.elf.GV3txf.ltrans0.ltrans.o
                0x0000000000204440                SVC_Handler
 *fill*         0x0000000000204474        0xc 
 .text.port_init
                0x0000000000204480       0x68 /tmp/ch.elf.GV3txf.ltrans0.ltrans.o
 *fill*         0x00000000002044e8        0x8 
 .text.__port_irq_epilogue
                0x00000000002044f0       0x8c /tmp/ch.elf.GV3txf.ltrans0.ltrans.o
 *fill*         0x000000000020457c        0x4 
 .text.main     0x0000000000204580       0x68 /tmp/ch.elf.GV3txf.ltrans0.ltrans.o
                0x0000000000204580                main
 *(.glue_7t)
 .glue_7t       0x00000000002045e8        0x0 linker stubs
 *(.glue_7)
 .glue_7        0x00000000002045e8        0x0 linker stubs
 *(.gcc*)
                0x00000000002045e8                __text_end__ = .

.vfp11_veneer   0x00000000002045e8        0x0 load address 0x00000000080045e8
 .vfp11_veneer  0x00000000002045e8        0x0 linker stubs

.v4_bx          0x00000000002045e8        0x0 load address 0x00000000080045e8
 .v4_bx         0x00000000002045e8        0x0 linker stubs

.iplt           0x00000000002045e8        0x0 load address 0x00000000080045e8
 .iplt          0x00000000002045e8        0x0 build/obj/crt0_v7m.o

.rodata         0x00000000080045e8      0x4c8
                0x00000000080045e8                __rodata_base__ = .
 *(.rodata)
 *(.rodata.*)
 .rodata.ram_areas
                0x00000000080045e8       0x80 /tmp/ch.elf.GV3txf.ltrans0.ltrans.o
 .rodata.__func__.2.lto_priv.0
                0x0000000008004668        0xd /tmp/ch.elf.GV3txf.ltrans0.ltrans.o
 *fill*         0x0000000008004675        0x3 
 .rodata.__func__.1.lto_priv.0
                0x0000000008004678        0xb /tmp/ch.elf.GV3txf.ltrans0.ltrans.o
 *fill*         0x0000000008004683        0x1 
 .rodata.__func__.4.lto_priv.1
                0x0000000008004684        0x8 /tmp/ch.elf.GV3txf.ltrans0.ltrans.o
 .rodata.__func__.3.lto_priv.1
                0x000000000800468c        0x9 /tmp/ch.elf.GV3txf.ltrans0.ltrans.o
 *fill*         0x0000000008004695        0x3 
 .rodata.__func__.2.lto_priv.2
                0x0000000008004698        0xc /tmp/ch.elf.GV3txf.ltrans0.ltrans.o
 .rodata.__func__.1.lto_priv.3
                0x00000000080046a4        0xe /tmp/ch.elf.GV3txf.ltrans0.ltrans.o
 *fill*         0x00000000080046b2        0x2 
 .rodata.__func__.0.lto_priv.3
                0x00000000080046b4        0xf /tmp/ch.elf.GV3txf.ltrans0.ltrans.o
 *fill*         0x00000000080046c3        0x1 
 .rodata.vmt    0x00000000080046c4       0x28 /tmp/ch.elf.GV3txf.ltrans0.ltrans.o
 .rodata.__func__.5.lto_priv.3
                0x00000000080046ec        0x5 /tmp/ch.elf.GV3txf.ltrans0.ltrans.o
 *fill*         0x00000000080046f1        0x3 
 .rodata.__func__.1.lto_priv.7
                0x00000000080046f4       0x10 /tmp/ch.elf.GV3txf.ltrans0.ltrans.o
 .rodata.__func__.6.lto_priv.3
                0x0000000008004704        0x9 /tmp/ch.elf.GV3txf.ltrans0.ltrans.o
 *fill*         0x000000000800470d        0x3 
 .rodata.__func__.5.lto_priv.4
                0x0000000008004710        0x9 /tmp/ch.elf.GV3txf.ltrans0.ltrans.o
 *fill*         0x0000000008004719        0x3 
 .rodata.__func__.4.lto_priv.6
                0x000000000800471c        0x9 /tmp/ch.elf.GV3txf.ltrans0.ltrans.o
 *fill*         0x0000000008004725        0x3 
 .rodata.__func__.3.lto_priv.6
                0x0000000008004728        0x9 /tmp/ch.elf.GV3txf.ltrans0.ltrans.o
 *fill*         0x0000000008004731        0x3 
 .rodata.__func__.2.lto_priv.8
                0x0000000008004734        0x9 /tmp/ch.elf.GV3txf.ltrans0.ltrans.o
 *fill*         0x000000000800473d        0x3 
 .rodata.__func__.1.lto_priv.9
                0x0000000008004740        0x9 /tmp/ch.elf.GV3txf.ltrans0.ltrans.o
 *fill*         0x0000000008004749        0x3 
 .rodata.__func__.0.lto_priv.10
                0x000000000800474c        0xa /tmp/ch.elf.GV3txf.ltrans0.ltrans.o
 *fill*         0x0000000008004756        0x2 
 .rodata.gpio_default_config
                0x0000000008004758      0x134 /tmp/ch.elf.GV3txf.ltrans0.ltrans.o
 .rodata.str1.4
                0x000000000800488c        0x3 /tmp/ch.elf.GV3txf.ltrans0.ltrans.o
 *fill*         0x000000000800488f        0x1 
 .rodata.ch_core0_cfg
                0x0000000008004890       0x14 /tmp/ch.elf.GV3txf.ltrans0.ltrans.o
 .rodata.__func__.1.lto_priv.12
                0x00000000080048a4        0xc /tmp/ch.elf.GV3txf.ltrans0.ltrans.o
 .rodata.__func__.0.lto_priv.14
                0x00000000080048b0       0x14 /tmp/ch.elf.GV3txf.ltrans0.ltrans.o
 .rodata.__dbg_check_lock.str1.4
                0x00000000080048c4        0x5 /tmp/ch.elf.GV3txf.ltrans0.ltrans.o
 *fill*         0x00000000080048c9        0x3 
 .rodata.__dbg_check_unlock.str1.4
                0x00000000080048cc        0x5 /tmp/ch.elf.GV3txf.ltrans0.ltrans.o
 *fill*         0x00000000080048d1        0x3 
 .rodata.__dbg_check_lock_from_isr.str1.4
                0x00000000080048d4        0x5 /tmp/ch.elf.GV3txf.ltrans0.ltrans.o
 *fill*         0x00000000080048d9        0x3 
 .rodata.__dbg_check_unlock_from_isr.str1.4
                0x00000000080048dc        0x5 /tmp/ch.elf.GV3txf.ltrans0.ltrans.o
 *fill*         0x00000000080048e1        0x3 
 .rodata.__dbg_check_enter_isr.str1.4
                0x00000000080048e4        0x5 /tmp/ch.elf.GV3txf.ltrans0.ltrans.o
 *fill*         0x00000000080048e9        0x3 
 .rodata.__dbg_check_leave_isr.str1.4
                0x00000000080048ec        0x5 /tmp/ch.elf.GV3txf.ltrans0.ltrans.o
 *fill*         0x00000000080048f1        0x3 
 .rodata.chDbgCheckClassI.str1.4
                0x00000000080048f4        0x6 /tmp/ch.elf.GV3txf.ltrans0.ltrans.o
 *fill*         0x00000000080048fa        0x2 
 .rodata.chDbgCheckClassS.str1.4
                0x00000000080048fc        0x6 /tmp/ch.elf.GV3txf.ltrans0.ltrans.o
 *fill*         0x0000000008004902        0x2 
 .rodata.__func__.7.lto_priv.3
                0x0000000008004904       0x10 /tmp/ch.elf.GV3txf.ltrans0.ltrans.o
 .rodata.__func__.5.lto_priv.5
                0x0000000008004914        0xb /tmp/ch.elf.GV3txf.ltrans0.ltrans.o
 *fill*         0x000000000800491f        0x1 
 .rodata.__func__.3.lto_priv.7
                0x0000000008004920        0xd /tmp/ch.elf.GV3txf.ltrans0.ltrans.o
 *fill*         0x000000000800492d        0x3 
 .rodata.__func__.1.lto_priv.13
                0x0000000008004930        0xc /tmp/ch.elf.GV3txf.ltrans0.ltrans.o
 .rodata.__sch_reschedule_behind.str1.4
                0x000000000800493c        0xf /tmp/ch.elf.GV3txf.ltrans0.ltrans.o
 *fill*         0x000000000800494b        0x1 
 .rodata.__func__.4.lto_priv.8
                0x000000000800494c       0x13 /tmp/ch.elf.GV3txf.ltrans0.ltrans.o
 *fill*         0x000000000800495f        0x1 
 .rodata.__func__.3.lto_priv.8
                0x0000000008004960       0x12 /tmp/ch.elf.GV3txf.ltrans0.ltrans.o
 *fill*         0x0000000008004972        0x2 
 .rodata.__func__.2.lto_priv.10
                0x0000000008004974        0xc /tmp/ch.elf.GV3txf.ltrans0.ltrans.o
 .rodata.__func__.1.lto_priv.14
                0x0000000008004980        0xe /tmp/ch.elf.GV3txf.ltrans0.ltrans.o
 *fill*         0x000000000800498e        0x2 
 .rodata.chInstanceObjectInit.str1.4
                0x0000000008004990        0xd /tmp/ch.elf.GV3txf.ltrans0.ltrans.o
 *fill*         0x000000000800499d        0x3 
 .rodata.__func__.0.lto_priv.18
                0x00000000080049a0       0x15 /tmp/ch.elf.GV3txf.ltrans0.ltrans.o
 *fill*         0x00000000080049b5        0x3 
 .rodata.__func__.23
                0x00000000080049b8       0x10 /tmp/ch.elf.GV3txf.ltrans0.ltrans.o
 .rodata.__func__.21
                0x00000000080049c8       0x15 /tmp/ch.elf.GV3txf.ltrans0.ltrans.o
 *fill*         0x00000000080049dd        0x3 
 .rodata.__func__.19
                0x00000000080049e0        0xc /tmp/ch.elf.GV3txf.ltrans0.ltrans.o
 .rodata.__func__.10.lto_priv.1
                0x00000000080049ec        0xb /tmp/ch.elf.GV3txf.ltrans0.ltrans.o
 *fill*         0x00000000080049f7        0x1 
 .rodata.__func__.7.lto_priv.4
                0x00000000080049f8        0xc /tmp/ch.elf.GV3txf.ltrans0.ltrans.o
 .rodata.__func__.2.lto_priv.11
                0x0000000008004a04       0x15 /tmp/ch.elf.GV3txf.ltrans0.ltrans.o
 *fill*         0x0000000008004a19        0x3 
 .rodata.__func__.0.lto_priv.19
                0x0000000008004a1c       0x14 /tmp/ch.elf.GV3txf.ltrans0.ltrans.o
 .rodata.__func__.6.lto_priv.7
                0x0000000008004a30       0x10 /tmp/ch.elf.GV3txf.ltrans0.ltrans.o
 .rodata.__func__.10.lto_priv.2
                0x0000000008004a40       0x10 /tmp/ch.elf.GV3txf.ltrans0.ltrans.o
 .rodata.__func__.3.lto_priv.13
                0x0000000008004a50        0xd /tmp/ch.elf.GV3txf.ltrans0.ltrans.o
 *fill*         0x0000000008004a5d        0x3 
 .rodata.__func__.1.lto_priv.20
                0x0000000008004a60       0x15 /tmp/ch.elf.GV3txf.ltrans0.ltrans.o
 *fill*         0x0000000008004a75        0x3 
 .rodata.__func__.1.lto_priv.25
                0x0000000008004a78       0x14 /tmp/ch.elf.GV3txf.ltrans0.ltrans.o
 .rodata.__func__.0.lto_priv.30
                0x0000000008004a8c        0xc /tmp/ch.elf.GV3txf.ltrans0.ltrans.o
 .rodata.__func__.7.lto_priv.9
                0x0000000008004a98       0x18 /tmp/ch.elf.GV3txf.ltrans0.ltrans.o
                0x0000000008004ab0                . = ALIGN (0x4)
                0x0000000008004ab0                __rodata_end__ = .

.rel.dyn        0x0000000008004ab0        0x0
 .rel.iplt      0x0000000008004ab0        0x0 build/obj/crt0_v7m.o

.ARM.extab
 *(.ARM.extab* .gnu.linkonce.armextab.*)

.ARM.exidx      0x00000000002045e8        0x0 load address 0x0000000008004ab0
                0x00000000002045e8                __exidx_base__ = .
                0x00000000002045e8                __exidx_start = .
 *(.ARM.exidx* .gnu.linkonce.armexidx.*)
                0x00000000002045e8                __exidx_end__ = .
                0x00000000002045e8                __exidx_end = .

.eh_frame_hdr
 *(.eh_frame_hdr)

.eh_frame
 *(.eh_frame)

.data           0x0000000020010000        0x0 load address 0x0000000008004ab0
                [!provide]                        PROVIDE (_textdata = LOADADDR (.data))
                [!provide]                        PROVIDE (_data = .)
                0x0000000008004ab0                __textdata_base__ = LOADADDR (.data)
                0x0000000020010000                __data_base__ = .
 *(.data)
 *(.data.*)
 *(.ramtext)
                0x0000000020010000                . = ALIGN (0x4)
                [!provide]                        PROVIDE (_edata = .)
                0x0000000020010000                __data_end__ = .

.igot.plt       0x0000000020010000        0x0 load address 0x0000000008004ab0
 .igot.plt      0x0000000020010000        0x0 build/obj/crt0_v7m.o

.bss            0x0000000020000800      0xb34
                0x0000000020000800                __bss_base__ = .
 *(.bss)
 *(.bss.*)
 .bss.ICUD2     0x0000000020000800       0x18 /tmp/ch.elf.GV3txf.ltrans0.ltrans.o
 .bss.PWMD1     0x0000000020000818       0x20 /tmp/ch.elf.GV3txf.ltrans0.ltrans.o
 .bss.SD1       0x0000000020000838       0x60 /tmp/ch.elf.GV3txf.ltrans0.ltrans.o
 .bss.sd_in_buf1
                0x0000000020000898       0x10 /tmp/ch.elf.GV3txf.ltrans0.ltrans.o
 .bss.sd_out_buf1
                0x00000000200008a8       0x10 /tmp/ch.elf.GV3txf.ltrans0.ltrans.o
 .bss.ch_system
                0x00000000200008b8        0xc /tmp/ch.elf.GV3txf.ltrans0.ltrans.o
 *fill*         0x00000000200008c4        0x4 
 .bss.ch0       0x00000000200008c8      0x8f8 /tmp/ch.elf.GV3txf.ltrans0.ltrans.o
 .bss.ch_c0_idle_thread_wa
                0x00000000200011c0      0x100 /tmp/ch.elf.GV3txf.ltrans0.ltrans.o
 .bss.ch_memcore
                0x00000000200012c0        0x8 /tmp/ch.elf.GV3txf.ltrans0.ltrans.o
 .bss.default_heap
                0x00000000200012c8       0x24 /tmp/ch.elf.GV3txf.ltrans0.ltrans.o
 .bss.ch_factory
                0x00000000200012ec       0x48 /tmp/ch.elf.GV3txf.ltrans0.ltrans.o
 *(COMMON)
                0x0000000020001334                . = ALIGN (0x4)
                0x0000000020001334                __bss_end__ = .
                [!provide]                        PROVIDE (end = .)
                0x0000000020010000                __ram0_base__ = ORIGIN (ram0)
                0x0000000000040000                __ram0_size__ = LENGTH (ram0)
                0x0000000020050000                __ram0_end__ = (__ram0_base__ + __ram0_size__)
                0x0000000020010000                __ram1_base__ = ORIGIN (ram1)
                0x000000000003c000                __ram1_size__ = LENGTH (ram1)
                0x000000002004c000                __ram1_end__ = (__ram1_base__ + __ram1_size__)
                0x000000002004c000                __ram2_base__ = ORIGIN (ram2)
                0x0000000000004000                __ram2_size__ = LENGTH (ram2)
                0x0000000020050000                __ram2_end__ = (__ram2_base__ + __ram2_size__)
                0x0000000020000000                __ram3_base__ = ORIGIN (ram3)
                0x0000000000010000                __ram3_size__ = LENGTH (ram3)
                0x0000000020010000                __ram3_end__ = (__ram3_base__ + __ram3_size__)
                0x0000000000000000                __ram4_base__ = ORIGIN (ram4)
                0x0000000000004000                __ram4_size__ = LENGTH (ram4)
                0x0000000000004000                __ram4_end__ = (__ram4_base__ + __ram4_size__)
                0x0000000040024000                __ram5_base__ = ORIGIN (ram5)
                0x0000000000001000                __ram5_size__ = LENGTH (ram5)
                0x0000000040025000                __ram5_end__ = (__ram5_base__ + __ram5_size__)
                0x0000000000000000                __ram6_base__ = ORIGIN (ram6)
                0x0000000000000000                __ram6_size__ = LENGTH (ram6)
                0x0000000000000000                __ram6_end__ = (__ram6_base__ + __ram6_size__)
                0x0000000000000000                __ram7_base__ = ORIGIN (ram7)
                0x0000000000000000                __ram7_size__ = LENGTH (ram7)
                0x0000000000000000                __ram7_end__ = (__ram7_base__ + __ram7_size__)
                0x0000000008000000                __flash0_base__ = ORIGIN (flash0)
                0x0000000000100000                __flash0_size__ = LENGTH (flash0)
                0x0000000008100000                __flash0_end__ = (__flash0_base__ + __flash0_size__)
                0x0000000000200000                __flash1_base__ = ORIGIN (flash1)
                0x0000000000100000                __flash1_size__ = LENGTH (flash1)
                0x0000000000300000                __flash1_end__ = (__flash1_base__ + __flash1_size__)
                0x0000000000000000                __flash2_base__ = ORIGIN (flash2)
                0x0000000000000000                __flash2_size__ = LENGTH (flash2)
                0x0000000000000000                __flash2_end__ = (__flash2_base__ + __flash2_size__)
                0x0000000000000000                __flash3_base__ = ORIGIN (flash3)
                0x0000000000000000                __flash3_size__ = LENGTH (flash3)
                0x0000000000000000                __flash3_end__ = (__flash3_base__ + __flash3_size__)
                0x0000000000000000                __flash4_base__ = ORIGIN (flash4)
                0x0000000000000000                __flash4_size__ = LENGTH (flash4)
                0x0000000000000000                __flash4_end__ = (__flash4_base__ + __flash4_size__)
                0x0000000000000000                __flash5_base__ = ORIGIN (flash5)
                0x0000000000000000                __flash5_size__ = LENGTH (flash5)
                0x0000000000000000                __flash5_end__ = (__flash5_base__ + __flash5_size__)
                0x0000000000000000                __flash6_base__ = ORIGIN (flash6)
                0x0000000000000000                __flash6_size__ = LENGTH (flash6)
                0x0000000000000000                __flash6_end__ = (__flash6_base__ + __flash6_size__)
                0x0000000000000000                __flash7_base__ = ORIGIN (flash7)
                0x0000000000000000                __flash7_size__ = LENGTH (flash7)
                0x0000000000000000                __flash7_end__ = (__flash7_base__ + __flash7_size__)

.ram0_init      0x0000000020010000        0x0 load address 0x0000000008004ab0
                0x0000000008004ab0                __ram0_init_text__ = LOADADDR (.ram0_init)
                0x0000000020010000                __ram0_init__ = .
 *(.ram0_init)
 *(.ram0_init.*)
                0x0000000020010000                . = ALIGN (0x4)

.ram0           0x0000000020010000        0x0 load address 0x0000000008004ab0
                0x0000000020010000                __ram0_clear__ = .
 *(.ram0_clear)
 *(.ram0_clear.*)
                0x0000000020010000                . = ALIGN (0x4)
                0x0000000020010000                __ram0_noinit__ = .
 *(.ram0)
 *(.ram0.*)
                0x0000000020010000                . = ALIGN (0x4)
                0x0000000020010000                __ram0_free__ = .

.ram1_init      0x0000000020010000        0x0 load address 0x0000000008004ab0
                0x0000000008004ab0                __ram1_init_text__ = LOADADDR (.ram1_init)
                0x0000000020010000                __ram1_init__ = .
 *(.ram1_init)
 *(.ram1_init.*)
                0x0000000020010000                . = ALIGN (0x4)

.ram1           0x0000000020010000        0x0 load address 0x0000000008004ab0
                0x0000000020010000                __ram1_clear__ = .
 *(.ram1_clear)
 *(.ram1_clear.*)
                0x0000000020010000                . = ALIGN (0x4)
                0x0000000020010000                __ram1_noinit__ = .
 *(.ram1)
 *(.ram1.*)
                0x0000000020010000                . = ALIGN (0x4)
                0x0000000020010000                __ram1_free__ = .

.ram2_init      0x000000002004c000        0x0 load address 0x0000000008004ab0
                0x0000000008004ab0                __ram2_init_text__ = LOADADDR (.ram2_init)
                0x000000002004c000                __ram2_init__ = .
 *(.ram2_init)
 *(.ram2_init.*)
                0x000000002004c000                . = ALIGN (0x4)

.ram2           0x000000002004c000        0x0 load address 0x0000000008004ab0
                0x000000002004c000                __ram2_clear__ = .
 *(.ram2_clear)
 *(.ram2_clear.*)
                0x000000002004c000                . = ALIGN (0x4)
                0x000000002004c000                __ram2_noinit__ = .
 *(.ram2)
 *(.ram2.*)
                0x000000002004c000                . = ALIGN (0x4)
                0x000000002004c000                __ram2_free__ = .

.ram3_init      0x0000000020001334        0x0 load address 0x0000000008004ab0
                0x0000000008004ab0                __ram3_init_text__ = LOADADDR (.ram3_init)
                0x0000000020001334                __ram3_init__ = .
 *(.ram3_init)
 *(.ram3_init.*)
                0x0000000020001334                . = ALIGN (0x4)

.ram3           0x0000000020001334        0x0 load address 0x0000000008004ab0
                0x0000000020001334                __ram3_clear__ = .
 *(.ram3_clear)
 *(.ram3_clear.*)
                0x0000000020001334                . = ALIGN (0x4)
                0x0000000020001334                __ram3_noinit__ = .
 *(.ram3)
 *(.ram3.*)
                0x0000000020001334                . = ALIGN (0x4)
                0x0000000020001334                __ram3_free__ = .

.ram4_init      0x0000000000000000        0x0 load address 0x0000000008004ab0
                0x0000000008004ab0                __ram4_init_text__ = LOADADDR (.ram4_init)
                0x0000000000000000                __ram4_init__ = .
 *(.ram4_init)
 *(.ram4_init.*)
                0x0000000000000000                . = ALIGN (0x4)

.ram4           0x0000000000000000        0x0 load address 0x0000000008004ab0
                0x0000000000000000                __ram4_clear__ = .
 *(.ram4_clear)
 *(.ram4_clear.*)
                0x0000000000000000                . = ALIGN (0x4)
                0x0000000000000000                __ram4_noinit__ = .
 *(.ram4)
 *(.ram4.*)
                0x0000000000000000                . = ALIGN (0x4)
                0x0000000000000000                __ram4_free__ = .

.ram5_init      0x0000000040024000        0x0 load address 0x0000000008004ab0
                0x0000000008004ab0                __ram5_init_text__ = LOADADDR (.ram5_init)
                0x0000000040024000                __ram5_init__ = .
 *(.ram5_init)
 *(.ram5_init.*)
                0x0000000040024000                . = ALIGN (0x4)

.ram5           0x0000000040024000        0x0 load address 0x0000000008004ab0
                0x0000000040024000                __ram5_clear__ = .
 *(.ram5_clear)
 *(.ram5_clear.*)
                0x0000000040024000                . = ALIGN (0x4)
                0x0000000040024000                __ram5_noinit__ = .
 *(.ram5)
 *(.ram5.*)
                0x0000000040024000                . = ALIGN (0x4)
                0x0000000040024000                __ram5_free__ = .

.ram6_init      0x0000000000000000        0x0 load address 0x0000000008004ab0
                0x0000000008004ab0                __ram6_init_text__ = LOADADDR (.ram6_init)
                0x0000000000000000                __ram6_init__ = .
 *(.ram6_init)
 *(.ram6_init.*)
                0x0000000000000000                . = ALIGN (0x4)

.ram6           0x0000000000000000        0x0 load address 0x0000000008004ab0
                0x0000000000000000                __ram6_clear__ = .
 *(.ram6_clear)
 *(.ram6_clear.*)
                0x0000000000000000                . = ALIGN (0x4)
                0x0000000000000000                __ram6_noinit__ = .
 *(.ram6)
 *(.ram6.*)
                0x0000000000000000                . = ALIGN (0x4)
                0x0000000000000000                __ram6_free__ = .

.ram7_init      0x0000000000000000        0x0 load address 0x0000000008004ab0
                0x0000000008004ab0                __ram7_init_text__ = LOADADDR (.ram7_init)
                0x0000000000000000                __ram7_init__ = .
 *(.ram7_init)
 *(.ram7_init.*)
                0x0000000000000000                . = ALIGN (0x4)

.ram7           0x0000000000000000        0x0 load address 0x0000000008004ab0
                0x0000000000000000                __ram7_clear__ = .
 *(.ram7_clear)
 *(.ram7_clear.*)
                0x0000000000000000                . = ALIGN (0x4)
                0x0000000000000000                __ram7_noinit__ = .
 *(.ram7)
 *(.ram7.*)
                0x0000000000000000                . = ALIGN (0x4)
                0x0000000000000000                __ram7_free__ = .

.flash0         0x0000000008004ab0        0x0
                0x0000000008004ab0                __flash0_init__ = .
 *(.flash0_init)
 *(.flash0_init.*)
                0x0000000008004ab0                __flash0_free__ = .

.flash1         0x00000000002045e8        0x0
                0x00000000002045e8                __flash1_init__ = .
 *(.flash1_init)
 *(.flash1_init.*)
                0x00000000002045e8                __flash1_free__ = .

.flash2         0x0000000000000000        0x0
                0x0000000000000000                __flash2_init__ = .
 *(.flash2_init)
 *(.flash2_init.*)
                0x0000000000000000                __flash2_free__ = .

.flash3         0x0000000000000000        0x0
                0x0000000000000000                __flash3_init__ = .
 *(.flash3_init)
 *(.flash3_init.*)
                0x0000000000000000                __flash3_free__ = .

.flash4         0x0000000000000000        0x0
                0x0000000000000000                __flash4_init__ = .
 *(.flash4_init)
 *(.flash4_init.*)
                0x0000000000000000                __flash4_free__ = .

.flash5         0x0000000000000000        0x0
                0x0000000000000000                __flash5_init__ = .
 *(.flash5_init)
 *(.flash5_init.*)
                0x0000000000000000                __flash5_free__ = .

.flash6         0x0000000000000000        0x0
                0x0000000000000000                __flash6_init__ = .
 *(.flash6_init)
 *(.flash6_init.*)
                0x0000000000000000                __flash6_free__ = .

.flash7         0x0000000000000000        0x0
                0x0000000000000000                __flash7_init__ = .
 *(.flash7_init)
 *(.flash7_init.*)
                0x0000000000000000                __flash7_free__ = .

.heap           0x0000000020010000    0x40000
                0x0000000020010000                . = ALIGN (0x8)
                0x0000000020010000                __heap_base__ = .
                0x0000000020050000                . = (ORIGIN (HEAP_RAM) + LENGTH (HEAP_RAM))
 *fill*         0x0000000020010000    0x40000 
                0x0000000020050000                __heap_end__ = .
                0x0000000000000400                __process_stack_size__ = 0x400
                0x0000000000000400                __main_stack_size__ = 0x400
START GROUP
LOAD /opt/gcc-arm-none-eabi-10-2020-q4-major/bin/../lib/gcc/arm-none-eabi/10.2.1/thumb/v7e-m/nofp/libgcc.a
LOAD /opt/gcc-arm-none-eabi-10-2020-q4-major/bin/../lib/gcc/arm-none-eabi/10.2.1/../../../../arm-none-eabi/lib/thumb/v7e-m/nofp/libg.a
LOAD /opt/gcc-arm-none-eabi-10-2020-q4-major/bin/../lib/gcc/arm-none-eabi/10.2.1/../../../../arm-none-eabi/lib/thumb/v7e-m/nofp/libc.a
END GROUP
OUTPUT(build/ch.elf elf32-littlearm)
LOAD linker stubs

.ARM.attributes
                0x0000000000000000       0x2f
 .ARM.attributes
                0x0000000000000000       0x21 build/obj/crt0_v7m.o
 .ARM.attributes
                0x0000000000000021       0x21 build/obj/vectors.o
 .ARM.attributes
                0x0000000000000042       0x21 build/obj/chcoreasm.o
 .ARM.attributes
                0x0000000000000063       0x2c /tmp/ch.elf.GV3txf.ltrans0.ltrans.o
 .ARM.attributes
                0x000000000000008f       0x1c /opt/gcc-arm-none-eabi-10-2020-q4-major/bin/../lib/gcc/arm-none-eabi/10.2.1/../../../../arm-none-eabi/lib/thumb/v7e-m/nofp/libg.a(lib_a-memcpy.o)

.comment        0x0000000000000000       0x4d
 .comment       0x0000000000000000       0x4d /tmp/ch.elf.GV3txf.ltrans0.ltrans.o
                                         0x4e (size before relaxing)

.debug_line     0x0000000000000000    0x10a75
 .debug_line    0x0000000000000000       0xca build/obj/crt0_v7m.o
 .debug_line    0x00000000000000ca       0x72 build/obj/vectors.o
 .debug_line    0x000000000000013c       0x84 build/obj/chcoreasm.o
 .debug_line    0x00000000000001c0     0x99a5 /tmp/ch.elf.GV3txf.ltrans0.ltrans.o
 .debug_line    0x0000000000009b65      0x152 /tmp/cc2QzVX0.debug.temp.o
 .debug_line    0x0000000000009cb7       0x88 /tmp/cc2YYvRY.debug.temp.o
 .debug_line    0x0000000000009d3f       0x67 /tmp/ccIwkU3o.debug.temp.o
 .debug_line    0x0000000000009da6      0x185 /tmp/ccC0aJUz.debug.temp.o
 .debug_line    0x0000000000009f2b      0x2c2 /tmp/cc408Ilt.debug.temp.o
 .debug_line    0x000000000000a1ed      0x2df /tmp/cc2yrAiA.debug.temp.o
 .debug_line    0x000000000000a4cc      0x2dd /tmp/ccTYDH0U.debug.temp.o
 .debug_line    0x000000000000a7a9      0x2c7 /tmp/cccAGrv1.debug.temp.o
 .debug_line    0x000000000000aa70      0x1a8 /tmp/cc3BJrgm.debug.temp.o
 .debug_line    0x000000000000ac18      0x2c7 /tmp/ccgMKQ3N.debug.temp.o
 .debug_line    0x000000000000aedf      0x372 /tmp/ccUM04DX.debug.temp.o
 .debug_line    0x000000000000b251      0x1bf /tmp/cchYD8OY.debug.temp.o
 .debug_line    0x000000000000b410      0x137 /tmp/ccqmDiHZ.debug.temp.o
 .debug_line    0x000000000000b547      0x63e /tmp/ccf0RMuR.debug.temp.o
 .debug_line    0x000000000000bb85      0x14b /tmp/ccy2ul3D.debug.temp.o
 .debug_line    0x000000000000bcd0      0x123 /tmp/cciBrdHM.debug.temp.o
 .debug_line    0x000000000000bdf3      0x232 /tmp/ccwypZ6B.debug.temp.o
 .debug_line    0x000000000000c025      0x2ec /tmp/ccxqM1DM.debug.temp.o
 .debug_line    0x000000000000c311      0x181 /tmp/ccT3L6ax.debug.temp.o
 .debug_line    0x000000000000c492      0x35f /tmp/ccHcVoub.debug.temp.o
 .debug_line    0x000000000000c7f1      0x176 /tmp/cckDFblo.debug.temp.o
 .debug_line    0x000000000000c967      0x2c3 /tmp/ccCYN2ZN.debug.temp.o
 .debug_line    0x000000000000cc2a      0x1eb /tmp/ccBDLhRA.debug.temp.o
 .debug_line    0x000000000000ce15      0x22c /tmp/ccdwEFW7.debug.temp.o
 .debug_line    0x000000000000d041      0x275 /tmp/cc40wQY7.debug.temp.o
 .debug_line    0x000000000000d2b6      0x264 /tmp/ccd5tl0A.debug.temp.o
 .debug_line    0x000000000000d51a      0x235 /tmp/ccrMEUEe.debug.temp.o
 .debug_line    0x000000000000d74f      0x254 /tmp/ccaDyLi3.debug.temp.o
 .debug_line    0x000000000000d9a3      0x2d1 /tmp/ccbRNqCS.debug.temp.o
 .debug_line    0x000000000000dc74      0x232 /tmp/cc63gFqt.debug.temp.o
 .debug_line    0x000000000000dea6      0x2b1 /tmp/ccuILQCl.debug.temp.o
 .debug_line    0x000000000000e157      0x239 /tmp/ccv6lPdE.debug.temp.o
 .debug_line    0x000000000000e390      0x245 /tmp/ccJ3FXWN.debug.temp.o
 .debug_line    0x000000000000e5d5      0x252 /tmp/ccqGofa3.debug.temp.o
 .debug_line    0x000000000000e827      0x24a /tmp/ccF5x4oA.debug.temp.o
 .debug_line    0x000000000000ea71      0x244 /tmp/cceYt4t0.debug.temp.o
 .debug_line    0x000000000000ecb5      0x2f3 /tmp/ccVMI5H3.debug.temp.o
 .debug_line    0x000000000000efa8      0x178 /tmp/ccxyD2Bw.debug.temp.o
 .debug_line    0x000000000000f120      0x2b4 /tmp/ccI0Vcu2.debug.temp.o
 .debug_line    0x000000000000f3d4      0x2c7 /tmp/ccgNFTKz.debug.temp.o
 .debug_line    0x000000000000f69b      0x28d /tmp/ccxRxZFi.debug.temp.o
 .debug_line    0x000000000000f928      0x2c7 /tmp/ccbt2rzZ.debug.temp.o
 .debug_line    0x000000000000fbef      0x2b2 /tmp/cc0k3yBH.debug.temp.o
 .debug_line    0x000000000000fea1      0x2ba /tmp/ccUxSNMk.debug.temp.o
 .debug_line    0x000000000001015b      0x2d3 /tmp/ccFIqxAK.debug.temp.o
 .debug_line    0x000000000001042e      0x2b5 /tmp/ccHQrIYu.debug.temp.o
 .debug_line    0x00000000000106e3      0x250 /tmp/ccBYtiaR.debug.temp.o
 .debug_line    0x0000000000010933      0x142 /tmp/ccN6E4UI.debug.temp.o

.debug_info     0x0000000000000000    0x2bbad
 .debug_info    0x0000000000000000       0x26 build/obj/crt0_v7m.o
 .debug_info    0x0000000000000026       0x26 build/obj/vectors.o
 .debug_info    0x000000000000004c       0x26 build/obj/chcoreasm.o
 .debug_info    0x0000000000000072     0x7e0d /tmp/ch.elf.GV3txf.ltrans0.ltrans.o
 .debug_info    0x0000000000007e7f      0x70d /tmp/cc2QzVX0.debug.temp.o
                0x0000000000007e7f                crt1.c.e5f63fd2
 .debug_info    0x000000000000858c      0x13e /tmp/cc2YYvRY.debug.temp.o
                0x000000000000858c                oop_base_object.c.b5b43a8b
 .debug_info    0x00000000000086ca       0x8a /tmp/ccIwkU3o.debug.temp.o
                0x00000000000086ca                hal.c.592d5489
 .debug_info    0x0000000000008754      0x315 /tmp/ccC0aJUz.debug.temp.o
                0x0000000000008754                hal_st.c.60ca36ac
 .debug_info    0x0000000000008a69      0xdf1 /tmp/cc408Ilt.debug.temp.o
                0x0000000000008a69                hal_buffered_serial.c.8cb6e411
 .debug_info    0x000000000000985a     0x1172 /tmp/cc2yrAiA.debug.temp.o
                0x000000000000985a                hal_buffers.c.0599f0b1
 .debug_info    0x000000000000a9cc     0x1048 /tmp/ccTYDH0U.debug.temp.o
                0x000000000000a9cc                hal_queues.c.0c34ed73
 .debug_info    0x000000000000ba14      0xedd /tmp/cccAGrv1.debug.temp.o
                0x000000000000ba14                hal_icu.c.c85a0d77
 .debug_info    0x000000000000c8f1      0x2dd /tmp/cc3BJrgm.debug.temp.o
                0x000000000000c8f1                hal_pal.c.11ef093b
 .debug_info    0x000000000000cbce      0xfa0 /tmp/ccgMKQ3N.debug.temp.o
                0x000000000000cbce                hal_pwm.c.af06471c
 .debug_info    0x000000000000db6e     0x1306 /tmp/ccUM04DX.debug.temp.o
                0x000000000000db6e                hal_serial.c.49780e48
 .debug_info    0x000000000000ee74      0x5de /tmp/cchYD8OY.debug.temp.o
                0x000000000000ee74                hal_flash.c.9d4ec689
 .debug_info    0x000000000000f452      0x68b /tmp/ccqmDiHZ.debug.temp.o
                0x000000000000f452                nvic.c.49d6ccd5
 .debug_info    0x000000000000fadd     0x1601 /tmp/ccf0RMuR.debug.temp.o
                0x000000000000fadd                stm32_isr.c.060db04c
 .debug_info    0x00000000000110de      0x393 /tmp/ccy2ul3D.debug.temp.o
                0x00000000000110de                hal_lld.c.c68022b8
 .debug_info    0x0000000000011471      0x267 /tmp/cciBrdHM.debug.temp.o
                0x0000000000011471                hal_pal_lld.c.b631daa3
 .debug_info    0x00000000000116d8      0x50c /tmp/ccwypZ6B.debug.temp.o
                0x00000000000116d8                hal_st_lld.c.fe14871a
 .debug_info    0x0000000000011be4     0x108b /tmp/ccxqM1DM.debug.temp.o
                0x0000000000011be4                hal_icu_lld.c.e8976f55
 .debug_info    0x0000000000012c6f      0x7ac /tmp/ccT3L6ax.debug.temp.o
                0x0000000000012c6f                hal_pwm_lld.c.cb8e5015
 .debug_info    0x000000000001341b     0x12c5 /tmp/ccHcVoub.debug.temp.o
                0x000000000001341b                hal_serial_lld.c.0ef44f32
 .debug_info    0x00000000000146e0      0x4fa /tmp/cckDFblo.debug.temp.o
                0x00000000000146e0                board.c.38d72cd7
 .debug_info    0x0000000000014bda     0x1010 /tmp/ccCYN2ZN.debug.temp.o
                0x0000000000014bda                chsys.c.888a5807
 .debug_info    0x0000000000015bea      0x9c2 /tmp/ccBDLhRA.debug.temp.o
                0x0000000000015bea                chrfcu.c.a192e9a6
 .debug_info    0x00000000000165ac      0xade /tmp/ccdwEFW7.debug.temp.o
                0x00000000000165ac                chdebug.c.f80a898a
 .debug_info    0x000000000001708a      0xdbd /tmp/cc40wQY7.debug.temp.o
                0x000000000001708a                chtrace.c.d1188c68
 .debug_info    0x0000000000017e47     0x1096 /tmp/ccd5tl0A.debug.temp.o
                0x0000000000017e47                chvt.c.9d96757a
 .debug_info    0x0000000000018edd      0xf26 /tmp/ccrMEUEe.debug.temp.o
                0x0000000000018edd                chschd.c.265d9e49
 .debug_info    0x0000000000019e03      0xc76 /tmp/ccaDyLi3.debug.temp.o
                0x0000000000019e03                chinstances.c.55a5c496
 .debug_info    0x000000000001aa79     0x1485 /tmp/ccbRNqCS.debug.temp.o
                0x000000000001aa79                chthreads.c.ba9a91ff
 .debug_info    0x000000000001befe      0xd60 /tmp/cc63gFqt.debug.temp.o
                0x000000000001befe                chtm.c.53bc29e2
 .debug_info    0x000000000001cc5e      0xe5a /tmp/ccuILQCl.debug.temp.o
                0x000000000001cc5e                chregistry.c.0874b492
 .debug_info    0x000000000001dab8      0xdcc /tmp/ccv6lPdE.debug.temp.o
                0x000000000001dab8                chsem.c.1e2c7122
 .debug_info    0x000000000001e884      0xd30 /tmp/ccJ3FXWN.debug.temp.o
                0x000000000001e884                chmtx.c.b6e85250
 .debug_info    0x000000000001f5b4      0xd1b /tmp/ccqGofa3.debug.temp.o
                0x000000000001f5b4                chcond.c.9d9e8698
 .debug_info    0x00000000000202cf      0xfe8 /tmp/ccF5x4oA.debug.temp.o
                0x00000000000202cf                chevents.c.8a00fe1f
 .debug_info    0x00000000000212b7      0xb9b /tmp/cceYt4t0.debug.temp.o
                0x00000000000212b7                chmsg.c.5b169165
 .debug_info    0x0000000000021e52      0xdd3 /tmp/ccVMI5H3.debug.temp.o
                0x0000000000021e52                chdynamic.c.95cb1bf1
 .debug_info    0x0000000000022c25      0x3a7 /tmp/ccxyD2Bw.debug.temp.o
                0x0000000000022c25                chmemchecks.c.d5294411
 .debug_info    0x0000000000022fcc      0xe70 /tmp/ccI0Vcu2.debug.temp.o
                0x0000000000022fcc                chmboxes.c.bb0dcc65
 .debug_info    0x0000000000023e3c      0xc11 /tmp/ccgNFTKz.debug.temp.o
                0x0000000000023e3c                chmemcore.c.aff654ac
 .debug_info    0x0000000000024a4d      0xdaa /tmp/ccxRxZFi.debug.temp.o
                0x0000000000024a4d                chmemheaps.c.cf5075d0
 .debug_info    0x00000000000257f7      0xe3b /tmp/ccbt2rzZ.debug.temp.o
                0x00000000000257f7                chmempools.c.607e8086
 .debug_info    0x0000000000026632      0xd24 /tmp/cc0k3yBH.debug.temp.o
                0x0000000000026632                chpipes.c.425daa4c
 .debug_info    0x0000000000027356      0xea4 /tmp/ccUxSNMk.debug.temp.o
                0x0000000000027356                chobjcaches.c.ea3221f2
 .debug_info    0x00000000000281fa      0xdab /tmp/ccFIqxAK.debug.temp.o
                0x00000000000281fa                chdelegates.c.76c76112
 .debug_info    0x0000000000028fa5     0x15b6 /tmp/ccHQrIYu.debug.temp.o
                0x0000000000028fa5                chfactory.c.583d3ae6
 .debug_info    0x000000000002a55b     0x147d /tmp/ccBYtiaR.debug.temp.o
                0x000000000002a55b                chcore.c.361ae3a1
 .debug_info    0x000000000002b9d8      0x1d5 /tmp/ccN6E4UI.debug.temp.o
                0x000000000002b9d8                main.c.51f8fcd9

.debug_abbrev   0x0000000000000000     0x6750
 .debug_abbrev  0x0000000000000000       0x14 build/obj/crt0_v7m.o
 .debug_abbrev  0x0000000000000014       0x14 build/obj/vectors.o
 .debug_abbrev  0x0000000000000028       0x14 build/obj/chcoreasm.o
 .debug_abbrev  0x000000000000003c      0x100 /tmp/ch.elf.GV3txf.ltrans0.ltrans.o
 .debug_abbrev  0x000000000000013c      0x16c /tmp/cc2QzVX0.debug.temp.o
 .debug_abbrev  0x00000000000002a8       0xda /tmp/cc2YYvRY.debug.temp.o
 .debug_abbrev  0x0000000000000382       0x46 /tmp/ccIwkU3o.debug.temp.o
 .debug_abbrev  0x00000000000003c8      0x13b /tmp/ccC0aJUz.debug.temp.o
 .debug_abbrev  0x0000000000000503      0x222 /tmp/cc408Ilt.debug.temp.o
 .debug_abbrev  0x0000000000000725      0x299 /tmp/cc2yrAiA.debug.temp.o
 .debug_abbrev  0x00000000000009be      0x2ac /tmp/ccTYDH0U.debug.temp.o
 .debug_abbrev  0x0000000000000c6a      0x27b /tmp/cccAGrv1.debug.temp.o
 .debug_abbrev  0x0000000000000ee5      0x112 /tmp/cc3BJrgm.debug.temp.o
 .debug_abbrev  0x0000000000000ff7      0x26c /tmp/ccgMKQ3N.debug.temp.o
 .debug_abbrev  0x0000000000001263      0x2b9 /tmp/ccUM04DX.debug.temp.o
 .debug_abbrev  0x000000000000151c      0x13e /tmp/cchYD8OY.debug.temp.o
 .debug_abbrev  0x000000000000165a      0x130 /tmp/ccqmDiHZ.debug.temp.o
 .debug_abbrev  0x000000000000178a      0x23b /tmp/ccf0RMuR.debug.temp.o
 .debug_abbrev  0x00000000000019c5       0xf5 /tmp/ccy2ul3D.debug.temp.o
 .debug_abbrev  0x0000000000001aba       0xea /tmp/cciBrdHM.debug.temp.o
 .debug_abbrev  0x0000000000001ba4      0x118 /tmp/ccwypZ6B.debug.temp.o
 .debug_abbrev  0x0000000000001cbc      0x2cc /tmp/ccxqM1DM.debug.temp.o
 .debug_abbrev  0x0000000000001f88      0x157 /tmp/ccT3L6ax.debug.temp.o
 .debug_abbrev  0x00000000000020df      0x2ae /tmp/ccHcVoub.debug.temp.o
 .debug_abbrev  0x000000000000238d      0x16d /tmp/cckDFblo.debug.temp.o
 .debug_abbrev  0x00000000000024fa      0x37f /tmp/ccCYN2ZN.debug.temp.o
 .debug_abbrev  0x0000000000002879      0x1d2 /tmp/ccBDLhRA.debug.temp.o
 .debug_abbrev  0x0000000000002a4b      0x210 /tmp/ccdwEFW7.debug.temp.o
 .debug_abbrev  0x0000000000002c5b      0x286 /tmp/cc40wQY7.debug.temp.o
 .debug_abbrev  0x0000000000002ee1      0x2c4 /tmp/ccd5tl0A.debug.temp.o
 .debug_abbrev  0x00000000000031a5      0x297 /tmp/ccrMEUEe.debug.temp.o
 .debug_abbrev  0x000000000000343c      0x261 /tmp/ccaDyLi3.debug.temp.o
 .debug_abbrev  0x000000000000369d      0x2f2 /tmp/ccbRNqCS.debug.temp.o
 .debug_abbrev  0x000000000000398f      0x240 /tmp/cc63gFqt.debug.temp.o
 .debug_abbrev  0x0000000000003bcf      0x2b3 /tmp/ccuILQCl.debug.temp.o
 .debug_abbrev  0x0000000000003e82      0x2b9 /tmp/ccv6lPdE.debug.temp.o
 .debug_abbrev  0x000000000000413b      0x2d9 /tmp/ccJ3FXWN.debug.temp.o
 .debug_abbrev  0x0000000000004414      0x2c8 /tmp/ccqGofa3.debug.temp.o
 .debug_abbrev  0x00000000000046dc      0x2b4 /tmp/ccF5x4oA.debug.temp.o
 .debug_abbrev  0x0000000000004990      0x2b0 /tmp/cceYt4t0.debug.temp.o
 .debug_abbrev  0x0000000000004c40      0x264 /tmp/ccVMI5H3.debug.temp.o
 .debug_abbrev  0x0000000000004ea4      0x142 /tmp/ccxyD2Bw.debug.temp.o
 .debug_abbrev  0x0000000000004fe6      0x272 /tmp/ccI0Vcu2.debug.temp.o
 .debug_abbrev  0x0000000000005258      0x260 /tmp/ccgNFTKz.debug.temp.o
 .debug_abbrev  0x00000000000054b8      0x29f /tmp/ccxRxZFi.debug.temp.o
 .debug_abbrev  0x0000000000005757      0x29d /tmp/ccbt2rzZ.debug.temp.o
 .debug_abbrev  0x00000000000059f4      0x262 /tmp/cc0k3yBH.debug.temp.o
 .debug_abbrev  0x0000000000005c56      0x2af /tmp/ccUxSNMk.debug.temp.o
 .debug_abbrev  0x0000000000005f05      0x283 /tmp/ccFIqxAK.debug.temp.o
 .debug_abbrev  0x0000000000006188      0x29c /tmp/ccHQrIYu.debug.temp.o
 .debug_abbrev  0x0000000000006424      0x28e /tmp/ccBYtiaR.debug.temp.o
 .debug_abbrev  0x00000000000066b2       0x9e /tmp/ccN6E4UI.debug.temp.o

.debug_aranges  0x0000000000000000     0x1628
 .debug_aranges
                0x0000000000000000       0x20 build/obj/crt0_v7m.o
 .debug_aranges
                0x0000000000000020       0x20 build/obj/vectors.o
 .debug_aranges
                0x0000000000000040       0x20 build/obj/chcoreasm.o
 .debug_aranges
                0x0000000000000060     0x15c8 /tmp/ch.elf.GV3txf.ltrans0.ltrans.o

.debug_str      0x0000000000000000     0x546f
 .debug_str     0x0000000000000000       0x81 build/obj/crt0_v7m.o
 .debug_str     0x0000000000000081       0x3d build/obj/vectors.o
                                         0x80 (size before relaxing)
 .debug_str     0x00000000000000be       0x3e build/obj/chcoreasm.o
                                         0x81 (size before relaxing)
 .debug_str     0x00000000000000fc      0x127 /tmp/ch.elf.GV3txf.ltrans0.ltrans.o
                                        0x15c (size before relaxing)
 .debug_str     0x0000000000000223      0x589 /tmp/cc2QzVX0.debug.temp.o
                                        0x620 (size before relaxing)
 .debug_str     0x00000000000007ac       0x9d /tmp/cc2YYvRY.debug.temp.o
                                        0x220 (size before relaxing)
 .debug_str     0x0000000000000849       0x2e /tmp/ccIwkU3o.debug.temp.o
                                        0x1c3 (size before relaxing)
 .debug_str     0x0000000000000877      0x13b /tmp/ccC0aJUz.debug.temp.o
                                        0x2e4 (size before relaxing)
 .debug_str     0x00000000000009b2      0x556 /tmp/cc408Ilt.debug.temp.o
                                        0x822 (size before relaxing)
 .debug_str     0x0000000000000f08      0x32b /tmp/cc2yrAiA.debug.temp.o
                                        0x976 (size before relaxing)
 .debug_str     0x0000000000001233       0xca /tmp/ccTYDH0U.debug.temp.o